Component: ARM Compiler 5.05 update 1 (build 106) Tool: armlink [4d0efa]

==============================================================================

Section Cross References

    startup_stm32f40xx.o(RESET) refers to startup_stm32f40xx.o(STACK) for __initial_sp
    startup_stm32f40xx.o(RESET) refers to startup_stm32f40xx.o(.text) for Reset_Handler
    startup_stm32f40xx.o(RESET) refers to port.o(.emb_text) for SVC_Handler
    startup_stm32f40xx.o(RESET) refers to port.o(i.SysTick_Handler) for SysTick_Handler
    startup_stm32f40xx.o(RESET) refers to main.o(i.EXTI0_IRQHandler) for EXTI0_IRQHandler
    startup_stm32f40xx.o(RESET) refers to main.o(i.EXTI3_IRQHandler) for EXTI3_IRQHandler
    startup_stm32f40xx.o(RESET) refers to main.o(i.TIM2_IRQHandler) for TIM2_IRQHandler
    startup_stm32f40xx.o(RESET) refers to main.o(i.USART1_IRQHandler) for USART1_IRQHandler
    startup_stm32f40xx.o(RESET) refers to main.o(i.TIM5_IRQHandler) for TIM5_IRQHandler
    startup_stm32f40xx.o(.text) refers to system_stm32f4xx.o(i.SystemInit) for SystemInit
    startup_stm32f40xx.o(.text) refers to entry.o(.ARM.Collect$$$$00000000) for __main
    system_stm32f4xx.o(i.SystemCoreClockUpdate) refers to system_stm32f4xx.o(.data) for SystemCoreClock
    system_stm32f4xx.o(i.SystemInit) refers to system_stm32f4xx.o(i.SetSysClock) for SetSysClock
    stm32f4xx_gpio.o(i.GPIO_DeInit) refers to stm32f4xx_rcc.o(i.RCC_AHB1PeriphResetCmd) for RCC_AHB1PeriphResetCmd
    stm32f4xx_rcc.o(i.RCC_GetClocksFreq) refers to stm32f4xx_rcc.o(.data) for APBAHBPrescTable
    stm32f4xx_rcc.o(i.RCC_WaitForHSEStartUp) refers to stm32f4xx_rcc.o(i.RCC_GetFlagStatus) for RCC_GetFlagStatus
    stm32f4xx_spi.o(i.SPI_I2S_DeInit) refers to stm32f4xx_rcc.o(i.RCC_APB2PeriphResetCmd) for RCC_APB2PeriphResetCmd
    stm32f4xx_spi.o(i.SPI_I2S_DeInit) refers to stm32f4xx_rcc.o(i.RCC_APB1PeriphResetCmd) for RCC_APB1PeriphResetCmd
    stm32f4xx_i2c.o(i.I2C_DeInit) refers to stm32f4xx_rcc.o(i.RCC_APB1PeriphResetCmd) for RCC_APB1PeriphResetCmd
    stm32f4xx_i2c.o(i.I2C_Init) refers to stm32f4xx_rcc.o(i.RCC_GetClocksFreq) for RCC_GetClocksFreq
    stm32f4xx_tim.o(i.TIM_DeInit) refers to stm32f4xx_rcc.o(i.RCC_APB2PeriphResetCmd) for RCC_APB2PeriphResetCmd
    stm32f4xx_tim.o(i.TIM_DeInit) refers to stm32f4xx_rcc.o(i.RCC_APB1PeriphResetCmd) for RCC_APB1PeriphResetCmd
    stm32f4xx_tim.o(i.TIM_ETRClockMode1Config) refers to stm32f4xx_tim.o(i.TIM_ETRConfig) for TIM_ETRConfig
    stm32f4xx_tim.o(i.TIM_ETRClockMode2Config) refers to stm32f4xx_tim.o(i.TIM_ETRConfig) for TIM_ETRConfig
    stm32f4xx_tim.o(i.TIM_ICInit) refers to stm32f4xx_tim.o(i.TI1_Config) for TI1_Config
    stm32f4xx_tim.o(i.TIM_ICInit) refers to stm32f4xx_tim.o(i.TIM_SetIC1Prescaler) for TIM_SetIC1Prescaler
    stm32f4xx_tim.o(i.TIM_ICInit) refers to stm32f4xx_tim.o(i.TI2_Config) for TI2_Config
    stm32f4xx_tim.o(i.TIM_ICInit) refers to stm32f4xx_tim.o(i.TIM_SetIC2Prescaler) for TIM_SetIC2Prescaler
    stm32f4xx_tim.o(i.TIM_ICInit) refers to stm32f4xx_tim.o(i.TI3_Config) for TI3_Config
    stm32f4xx_tim.o(i.TIM_ICInit) refers to stm32f4xx_tim.o(i.TIM_SetIC3Prescaler) for TIM_SetIC3Prescaler
    stm32f4xx_tim.o(i.TIM_ICInit) refers to stm32f4xx_tim.o(i.TI4_Config) for TI4_Config
    stm32f4xx_tim.o(i.TIM_ICInit) refers to stm32f4xx_tim.o(i.TIM_SetIC4Prescaler) for TIM_SetIC4Prescaler
    stm32f4xx_tim.o(i.TIM_ITRxExternalClockConfig) refers to stm32f4xx_tim.o(i.TIM_SelectInputTrigger) for TIM_SelectInputTrigger
    stm32f4xx_tim.o(i.TIM_PWMIConfig) refers to stm32f4xx_tim.o(i.TI1_Config) for TI1_Config
    stm32f4xx_tim.o(i.TIM_PWMIConfig) refers to stm32f4xx_tim.o(i.TIM_SetIC1Prescaler) for TIM_SetIC1Prescaler
    stm32f4xx_tim.o(i.TIM_PWMIConfig) refers to stm32f4xx_tim.o(i.TI2_Config) for TI2_Config
    stm32f4xx_tim.o(i.TIM_PWMIConfig) refers to stm32f4xx_tim.o(i.TIM_SetIC2Prescaler) for TIM_SetIC2Prescaler
    stm32f4xx_tim.o(i.TIM_TIxExternalClockConfig) refers to stm32f4xx_tim.o(i.TI2_Config) for TI2_Config
    stm32f4xx_tim.o(i.TIM_TIxExternalClockConfig) refers to stm32f4xx_tim.o(i.TI1_Config) for TI1_Config
    stm32f4xx_tim.o(i.TIM_TIxExternalClockConfig) refers to stm32f4xx_tim.o(i.TIM_SelectInputTrigger) for TIM_SelectInputTrigger
    stm32f4xx_syscfg.o(i.SYSCFG_DeInit) refers to stm32f4xx_rcc.o(i.RCC_APB2PeriphResetCmd) for RCC_APB2PeriphResetCmd
    stm32f4xx_usart.o(i.USART_DeInit) refers to stm32f4xx_rcc.o(i.RCC_APB2PeriphResetCmd) for RCC_APB2PeriphResetCmd
    stm32f4xx_usart.o(i.USART_DeInit) refers to stm32f4xx_rcc.o(i.RCC_APB1PeriphResetCmd) for RCC_APB1PeriphResetCmd
    stm32f4xx_usart.o(i.USART_Init) refers to stm32f4xx_rcc.o(i.RCC_GetClocksFreq) for RCC_GetClocksFreq
    main.o(i.Acquisition_Function) refers to kalmanca.o(i.Init_Kalman) for Init_Kalman
    main.o(i.Acquisition_Function) refers to kalmanca.o(i.Init_Kalman_Total) for Init_Kalman_Total
[...]
    i.__ARM_fpclassify                       0x08003c84   Section        0  fpclassify.o(i.__ARM_fpclassify)
    i.__hardfp_atan                          0x08003cb8   Section        0  atan.o(i.__hardfp_atan)
    i.__hardfp_atan2                         0x08003f90   Section        0  atan2.o(i.__hardfp_atan2)
    i.__hardfp_sqrt                          0x08004180   Section        0  sqrt.o(i.__hardfp_sqrt)
    i.__hardfp_strtof                        0x08004200   Section        0  strtof.o(i.__hardfp_strtof)
    i.__kernel_poly                          0x08004238   Section        0  poly.o(i.__kernel_poly)
    i.__mathlib_dbl_infnan                   0x08004330   Section        0  dunder.o(i.__mathlib_dbl_infnan)
    i.__mathlib_dbl_infnan2                  0x08004344   Section        0  dunder.o(i.__mathlib_dbl_infnan2)
    i.__mathlib_dbl_underflow                0x08004358   Section        0  dunder.o(i.__mathlib_dbl_underflow)
    i.__scatterload_copy                     0x08004378   Section       14  handlers.o(i.__scatterload_copy)
    i.__scatterload_null                     0x08004386   Section        2  handlers.o(i.__scatterload_null)
    i.__scatterload_zeroinit                 0x08004388   Section       14  handlers.o(i.__scatterload_zeroinit)
    i.__set_errno                            0x08004398   Section        0  errno.o(i.__set_errno)
    i._fp_digits                             0x080043a4   Section        0  printfa.o(i._fp_digits)
    _fp_digits                               0x080043a5   Thumb Code   334  printfa.o(i._fp_digits)
    i._is_digit                              0x08004508   Section        0  scanf_fp.o(i._is_digit)
    i._printf_core                           0x08004518   Section        0  printfa.o(i._printf_core)
    _printf_core                             0x08004519   Thumb Code  1744  printfa.o(i._printf_core)
    i._printf_post_padding                   0x08004bf4   Section        0  printfa.o(i._printf_post_padding)
    _printf_post_padding                     0x08004bf5   Thumb Code    36  printfa.o(i._printf_post_padding)
    i._printf_pre_padding                    0x08004c18   Section        0  printfa.o(i._printf_pre_padding)
    _printf_pre_padding                      0x08004c19   Thumb Code    46  printfa.o(i._printf_pre_padding)
    i._snputc                                0x08004c46   Section        0  printfa.o(i._snputc)
    _snputc                                  0x08004c47   Thumb Code    22  printfa.o(i._snputc)
    i.atan                                   0x08004c5c   Section        0  atan.o(i.atan)
    i.changePIDValues                        0x08004c6c   Section        0  main.o(i.changePIDValues)
    i.commandHandler                         0x08004db8   Section        0  main.o(i.commandHandler)
    i.fabs                                   0x08004e68   Section        0  fabs.o(i.fabs)
    i.getAngle                               0x08004e80   Section        0  kalman.o(i.getAngle)
    i.init_USART1                            0x080051d0   Section        0  usart.o(i.init_USART1)
    i.main                                   0x0800527c   Section        0  main.o(i.main)
    i.prvAddCurrentTaskToDelayedList         0x08005420   Section        0  tasks.o(i.prvAddCurrentTaskToDelayedList)
    prvAddCurrentTaskToDelayedList           0x08005421   Thumb Code   124  tasks.o(i.prvAddCurrentTaskToDelayedList)
    i.prvAddNewTaskToReadyList               0x080054b8   Section        0  tasks.o(i.prvAddNewTaskToReadyList)
    prvAddNewTaskToReadyList                 0x080054b9   Thumb Code   156  tasks.o(i.prvAddNewTaskToReadyList)
    i.prvCheckForValidListAndQueue           0x08005570   Section        0  timers.o(i.prvCheckForValidListAndQueue)
    prvCheckForValidListAndQueue             0x08005571   Thumb Code    72  timers.o(i.prvCheckForValidListAndQueue)
    i.prvCheckTasksWaitingTermination        0x080055d4   Section        0  tasks.o(i.prvCheckTasksWaitingTermination)
    prvCheckTasksWaitingTermination          0x080055d5   Thumb Code    86  tasks.o(i.prvCheckTasksWaitingTermination)
    i.prvCopyDataFromQueue                   0x08005638   Section        0  queue.o(i.prvCopyDataFromQueue)
    prvCopyDataFromQueue                     0x08005639   Thumb Code    42  queue.o(i.prvCopyDataFromQueue)
    i.prvCopyDataToQueue                     0x08005662   Section        0  queue.o(i.prvCopyDataToQueue)
    prvCopyDataToQueue                       0x08005663   Thumb Code   124  queue.o(i.prvCopyDataToQueue)
    i.prvDeleteTCB                           0x080056de   Section        0  tasks.o(i.prvDeleteTCB)
    prvDeleteTCB                             0x080056df   Thumb Code    18  tasks.o(i.prvDeleteTCB)
    i.prvGetNextExpireTime                   0x080056f0   Section        0  timers.o(i.prvGetNextExpireTime)
    prvGetNextExpireTime                     0x080056f1   Thumb Code    36  timers.o(i.prvGetNextExpireTime)
    i.prvHeapInit                            0x08005718   Section        0  heap_2.o(i.prvHeapInit)
    prvHeapInit                              0x08005719   Thumb Code    38  heap_2.o(i.prvHeapInit)
    i.prvIdleTask                            0x08005750   Section        0  tasks.o(i.prvIdleTask)
    prvIdleTask                              0x08005751   Thumb Code    32  tasks.o(i.prvIdleTask)
    i.prvInitialiseMutex                     0x08005778   Section        0  queue.o(i.prvInitialiseMutex)
    prvInitialiseMutex                       0x08005779   Thumb Code    28  queue.o(i.prvInitialiseMutex)
    i.prvInitialiseNewQueue                  0x08005794   Section        0  queue.o(i.prvInitialiseNewQueue)
    prvInitialiseNewQueue                    0x08005795   Thumb Code    42  queue.o(i.prvInitialiseNewQueue)
    i.prvInitialiseNewTask                   0x080057be   Section        0  tasks.o(i.prvInitialiseNewTask)
    prvInitialiseNewTask                     0x080057bf   Thumb Code   180  tasks.o(i.prvInitialiseNewTask)
    i.prvInitialiseTaskLists                 0x08005874   Section        0  tasks.o(i.prvInitialiseTaskLists)
    prvInitialiseTaskLists                   0x08005875   Thumb Code    70  tasks.o(i.prvInitialiseTaskLists)
    i.prvInsertTimerInActiveList             0x080058dc   Section        0  timers.o(i.prvInsertTimerInActiveList)
    prvInsertTimerInActiveList               0x080058dd   Thumb Code    80  timers.o(i.prvInsertTimerInActiveList)
    i.prvIsQueueEmpty                        0x08005934   Section        0  queue.o(i.prvIsQueueEmpty)
    prvIsQueueEmpty                          0x08005935   Thumb Code    26  queue.o(i.prvIsQueueEmpty)
    i.prvIsQueueFull                         0x0800594e   Section        0  queue.o(i.prvIsQueueFull)
    prvIsQueueFull                           0x0800594f   Thumb Code    30  queue.o(i.prvIsQueueFull)
    i.prvProcessExpiredTimer                 0x0800596c   Section        0  timers.o(i.prvProcessExpiredTimer)
    prvProcessExpiredTimer                   0x0800596d   Thumb Code    94  timers.o(i.prvProcessExpiredTimer)
    i.prvProcessReceivedCommands             0x080059d0   Section        0  timers.o(i.prvProcessReceivedCommands)
    prvProcessReceivedCommands               0x080059d1   Thumb Code   242  timers.o(i.prvProcessReceivedCommands)
    i.prvProcessTimerOrBlockTask             0x08005ac8   Section        0  timers.o(i.prvProcessTimerOrBlockTask)
    prvProcessTimerOrBlockTask               0x08005ac9   Thumb Code   102  timers.o(i.prvProcessTimerOrBlockTask)
    i.prvResetNextTaskUnblockTime            0x08005b3c   Section        0  tasks.o(i.prvResetNextTaskUnblockTime)
    prvResetNextTaskUnblockTime              0x08005b3d   Thumb Code    42  tasks.o(i.prvResetNextTaskUnblockTime)
    i.prvSampleTimeNow                       0x08005b70   Section        0  timers.o(i.prvSampleTimeNow)
    prvSampleTimeNow                         0x08005b71   Thumb Code    40  timers.o(i.prvSampleTimeNow)
    i.prvSwitchTimerLists                    0x08005b9c   Section        0  timers.o(i.prvSwitchTimerLists)
    prvSwitchTimerLists                      0x08005b9d   Thumb Code   150  timers.o(i.prvSwitchTimerLists)
    i.prvTaskExitError                       0x08005c3c   Section        0  port.o(i.prvTaskExitError)
    prvTaskExitError                         0x08005c3d   Thumb Code    60  port.o(i.prvTaskExitError)
    i.prvTimerTask                           0x08005c7c   Section        0  timers.o(i.prvTimerTask)
    prvTimerTask                             0x08005c7d   Thumb Code    26  timers.o(i.prvTimerTask)
    i.prvUnlockQueue                         0x08005c96   Section        0  queue.o(i.prvUnlockQueue)
    prvUnlockQueue                           0x08005c97   Thumb Code   126  queue.o(i.prvUnlockQueue)
    i.pvPortMalloc                           0x08005d14   Section        0  heap_2.o(i.pvPortMalloc)
    i.pvTaskIncrementMutexHeldCount          0x08005dcc   Section        0  tasks.o(i.pvTaskIncrementMutexHeldCount)
    i.pxPortInitialiseStack                  0x08005dec   Section        0  port.o(i.pxPortInitialiseStack)
    i.sendPIDValues                          0x08005e18   Section        0  main.o(i.sendPIDValues)
    i.speed                                  0x08006024   Section        0  main.o(i.speed)
    i.uxListRemove                           0x08006098   Section        0  list.o(i.uxListRemove)
    i.vListInitialise                        0x080060c0   Section        0  list.o(i.vListInitialise)
    i.vListInitialiseItem                    0x080060da   Section        0  list.o(i.vListInitialiseItem)
    i.vListInsert                            0x080060e0   Section        0  list.o(i.vListInsert)
    i.vListInsertEnd                         0x08006114   Section        0  list.o(i.vListInsertEnd)
    i.vPortEnterCritical                     0x0800612c   Section        0  port.o(i.vPortEnterCritical)
    i.vPortExitCritical                      0x08006180   Section        0  port.o(i.vPortExitCritical)
    i.vPortFree                              0x080061bc   Section        0  heap_2.o(i.vPortFree)
    i.vPortSetupTimerInterrupt               0x080061fc   Section        0  port.o(i.vPortSetupTimerInterrupt)
    i.vPortValidateInterruptPriority         0x0800621c   Section        0  port.o(i.vPortValidateInterruptPriority)
    i.vQueueAddToRegistry                    0x08006294   Section        0  queue.o(i.vQueueAddToRegistry)
    i.vQueueWaitForMessageRestricted         0x080062c0   Section        0  queue.o(i.vQueueWaitForMessageRestricted)
    i.vTaskMissedYield                       0x0800630c   Section        0  tasks.o(i.vTaskMissedYield)
    i.vTaskPlaceOnEventList                  0x08006318   Section        0  tasks.o(i.vTaskPlaceOnEventList)
    i.vTaskPlaceOnEventListRestricted        0x08006350   Section        0  tasks.o(i.vTaskPlaceOnEventListRestricted)
    i.vTaskPriorityInherit                   0x08006390   Section        0  tasks.o(i.vTaskPriorityInherit)
    i.vTaskSetTimeOutState                   0x08006440   Section        0  tasks.o(i.vTaskSetTimeOutState)
    i.vTaskStartScheduler                    0x08006470   Section        0  tasks.o(i.vTaskStartScheduler)
    i.vTaskSuspendAll                        0x08006504   Section        0  tasks.o(i.vTaskSuspendAll)
    i.vTaskSwitchContext                     0x08006514   Section        0  tasks.o(i.vTaskSwitchContext)
    i.xPortStartScheduler                    0x080065a0   Section        0  port.o(i.xPortStartScheduler)
    i.xQueueCreateMutex                      0x080066dc   Section        0  queue.o(i.xQueueCreateMutex)
    i.xQueueGenericCreate                    0x080066fe   Section        0  queue.o(i.xQueueGenericCreate)
    i.xQueueGenericReceive                   0x08006758   Section        0  queue.o(i.xQueueGenericReceive)
    i.xQueueGenericReset                     0x0800691c   Section        0  queue.o(i.xQueueGenericReset)
    i.xQueueGenericSend                      0x080069b4   Section        0  queue.o(i.xQueueGenericSend)
    i.xQueueGenericSendFromISR               0x08006b5c   Section        0  queue.o(i.xQueueGenericSendFromISR)
    i.xQueueGiveFromISR                      0x08006c54   Section        0  queue.o(i.xQueueGiveFromISR)
    i.xTaskCheckForTimeOut                   0x08006d34   Section        0  tasks.o(i.xTaskCheckForTimeOut)
    i.xTaskCreate                            0x08006dc0   Section        0  tasks.o(i.xTaskCreate)
    i.xTaskGetSchedulerState                 0x08006e20   Section        0  tasks.o(i.xTaskGetSchedulerState)
    i.xTaskGetTickCount                      0x08006e40   Section        0  tasks.o(i.xTaskGetTickCount)
    i.xTaskIncrementTick                     0x08006e4c   Section        0  tasks.o(i.xTaskIncrementTick)
    i.xTaskPriorityDisinherit                0x08006f94   Section        0  tasks.o(i.xTaskPriorityDisinherit)
    i.xTaskRemoveFromEventList               0x0800705c   Section        0  tasks.o(i.xTaskRemoveFromEventList)
    i.xTaskResumeAll                         0x080070f4   Section        0  tasks.o(i.xTaskResumeAll)
    i.xTimerCreateTimerTask                  0x080071f8   Section        0  timers.o(i.xTimerCreateTimerTask)
    i.xTimerGenericCommand                   0x08007250   Section        0  timers.o(i.xTimerGenericCommand)
    .constdata                               0x080072d8   Section      152  atan.o(.constdata)
    atanhi                                   0x080072d8   Data          32  atan.o(.constdata)
    atanlo                                   0x080072f8   Data          32  atan.o(.constdata)
    aTodd                                    0x08007318   Data          40  atan.o(.constdata)
    aTeven                                   0x08007340   Data          48  atan.o(.constdata)
    .constdata                               0x08007370   Section        8  qnan.o(.constdata)
    .constdata                               0x08007378   Section       64  ctype_c.o(.constdata)
    .data                                    0x20000000   Section       20  system_stm32f4xx.o(.data)
    .data                                    0x20000014   Section       16  stm32f4xx_rcc.o(.data)
    APBAHBPrescTable                         0x20000014   Data          16  stm32f4xx_rcc.o(.data)
    .data                                    0x20000024   Section      128  main.o(.data)
    xHigherPriorityTaskWoken                 0x20000098   Data           4  main.o(.data)
    cnt                                      0x2000009c   Data           1  main.o(.data)
    i                                        0x200000a0   Data           4  main.o(.data)
    .data                                    0x200000a4   Section        8  complementaryfilter.o(.data)
    X_Angle_3                                0x200000a4   Data           4  complementaryfilter.o(.data)
    Y_Angle_3                                0x200000a8   Data           4  complementaryfilter.o(.data)
    .data                                    0x200000ac   Section       60  tasks.o(.data)
    pxDelayedTaskList                        0x200000b0   Data           4  tasks.o(.data)
    pxOverflowDelayedTaskList                0x200000b4   Data           4  tasks.o(.data)
    uxDeletedTasksWaitingCleanUp             0x200000b8   Data           4  tasks.o(.data)
    uxCurrentNumberOfTasks                   0x200000bc   Data           4  tasks.o(.data)
    xTickCount                               0x200000c0   Data           4  tasks.o(.data)
    uxTopReadyPriority                       0x200000c4   Data           4  tasks.o(.data)
    xSchedulerRunning                        0x200000c8   Data           4  tasks.o(.data)
    uxPendedTicks                            0x200000cc   Data           4  tasks.o(.data)
    xYieldPending                            0x200000d0   Data           4  tasks.o(.data)
    xNumOfOverflows                          0x200000d4   Data           4  tasks.o(.data)
    uxTaskNumber                             0x200000d8   Data           4  tasks.o(.data)
    xNextTaskUnblockTime                     0x200000dc   Data           4  tasks.o(.data)
    xIdleTaskHandle                          0x200000e0   Data           4  tasks.o(.data)
    uxSchedulerSuspended                     0x200000e4   Data           4  tasks.o(.data)
    .data                                    0x200000e8   Section       20  timers.o(.data)
    pxCurrentTimerList                       0x200000e8   Data           4  timers.o(.data)
    pxOverflowTimerList                      0x200000ec   Data           4  timers.o(.data)
    xTimerQueue                              0x200000f0   Data           4  timers.o(.data)
    xTimerTaskHandle                         0x200000f4   Data           4  timers.o(.data)
    xLastTime                                0x200000f8   Data           4  timers.o(.data)
    .data                                    0x200000fc   Section       12  port.o(.data)
    uxCriticalNesting                        0x200000fc   Data           4  port.o(.data)
    ucMaxSysCallPriority                     0x20000100   Data           1  port.o(.data)
    ulMaxPRIGROUPValue                       0x20000104   Data           4  port.o(.data)
    .data                                    0x20000108   Section       24  heap_2.o(.data)
    xStart                                   0x20000108   Data           8  heap_2.o(.data)
    xEnd                                     0x20000110   Data           8  heap_2.o(.data)
    xFreeBytesRemaining                      0x20000118   Data           4  heap_2.o(.data)
    xHeapHasBeenInitialised                  0x2000011c   Data           4  heap_2.o(.data)
    .data                                    0x20000120   Section       16  tm_stm32f4_i2c.o(.data)
    TM_I2C_Timeout                           0x20000120   Data           4  tm_stm32f4_i2c.o(.data)
    TM_I2C_INT_Clocks                        0x20000124   Data          12  tm_stm32f4_i2c.o(.data)
    .data                                    0x20000130   Section       40  kalman.o(.data)
    Q_angle                                  0x20000130   Data           4  kalman.o(.data)
    Q_bias                                   0x20000134   Data           4  kalman.o(.data)
    R_measure                                0x20000138   Data           4  kalman.o(.data)
    angle                                    0x2000013c   Data           4  kalman.o(.data)
    bias                                     0x20000140   Data           4  kalman.o(.data)
    rate                                     0x20000144   Data           4  kalman.o(.data)
    K                                        0x20000148   Data           8  kalman.o(.data)
    y                                        0x20000150   Data           4  kalman.o(.data)
    S                                        0x20000154   Data           4  kalman.o(.data)
    .data                                    0x20000158   Section        4  errno.o(.data)
    _errno                                   0x20000158   Data           4  errno.o(.data)
    .bss                                     0x2000015c   Section      977  main.o(.bss)
    received_string                          0x200004f4   Data          45  main.o(.bss)
    received_string                          0x20000521   Data          12  main.o(.bss)
    .bss                                     0x20000530   Section       64  queue.o(.bss)
    .bss                                     0x20000570   Section      200  tasks.o(.bss)
    pxReadyTasksLists                        0x20000570   Data         100  tasks.o(.bss)
    xDelayedTaskList1                        0x200005d4   Data          20  tasks.o(.bss)
    xDelayedTaskList2                        0x200005e8   Data          20  tasks.o(.bss)
    xPendingReadyList                        0x200005fc   Data          20  tasks.o(.bss)
    xTasksWaitingTermination                 0x20000610   Data          20  tasks.o(.bss)
    xSuspendedTaskList                       0x20000624   Data          20  tasks.o(.bss)
    .bss                                     0x20000638   Section       40  timers.o(.bss)
    xActiveTimerList1                        0x20000638   Data          20  timers.o(.bss)
    xActiveTimerList2                        0x2000064c   Data          20  timers.o(.bss)
    .bss                                     0x20000660   Section    76800  heap_2.o(.bss)
    ucHeap                                   0x20000660   Data       76800  heap_2.o(.bss)
    .bss                                     0x20013260   Section       22  tm_stm32f4_gpio.o(.bss)
    GPIO_UsedPins                            0x20013260   Data          22  tm_stm32f4_gpio.o(.bss)
    .bss                                     0x20013278   Section       16  kalman.o(.bss)
    P                                        0x20013278   Data          16  kalman.o(.bss)
    STACK                                    0x20013288   Section     8192  startup_stm32f40xx.o(STACK)

    Global Symbols

    Symbol Name                              Value     Ov Type        Size  Object(Section)

    BuildAttributes$$THM_ISAv4$E$P$D$K$B$S$7EM$VFPi3$EXTD16$VFPS$VFMA$PE$A:L22UL41UL21$X:L11$S22US41US21$IEEE1$IW$USESV6$~STKCKD$USESV7$~SHL$OTIME$ROPI$IEEEX$EBA8$MICROLIB$REQ8$PRES8$EABIv2 0x00000000   Number         0  anon$$obj.o ABSOLUTE
    __ARM_use_no_argv                        0x00000000   Number         0  main.o ABSOLUTE
    _printf_a                                0x00000000   Number         0  stubs.o ABSOLUTE
    _printf_c                                0x00000000   Number         0  stubs.o ABSOLUTE
    _printf_charcount                        0x00000000   Number         0  stubs.o ABSOLUTE
    _printf_d                                0x00000000   Number         0  stubs.o ABSOLUTE
    _printf_e                                0x00000000   Number         0  stubs.o ABSOLUTE
    _printf_f                                0x00000000   Number         0  stubs.o ABSOLUTE
    _printf_flags                            0x00000000   Number         0  stubs.o ABSOLUTE
    _printf_fp_dec                           0x00000000   Number         0  stubs.o ABSOLUTE
    _printf_fp_hex                           0x00000000   Number         0  stubs.o ABSOLUTE
    _printf_g                                0x00000000   Number         0  stubs.o ABSOLUTE
    _printf_i                                0x00000000   Number         0  stubs.o ABSOLUTE
    _printf_int_dec                          0x00000000   Number         0  stubs.o ABSOLUTE
    _printf_l                                0x00000000   Number         0  stubs.o ABSOLUTE
    _printf_lc                               0x00000000   Number         0  stubs.o ABSOLUTE
    _printf_ll                               0x00000000   Number         0  stubs.o ABSOLUTE
    _printf_lld                              0x00000000   Number         0  stubs.o ABSOLUTE
    _printf_lli                              0x00000000   Number         0  stubs.o ABSOLUTE
    _printf_llo                              0x00000000   Number         0  stubs.o ABSOLUTE
    _printf_llu                              0x00000000   Number         0  stubs.o ABSOLUTE
    _printf_llx                              0x00000000   Number         0  stubs.o ABSOLUTE
    _printf_longlong_dec                     0x00000000   Number         0  stubs.o ABSOLUTE
    _printf_longlong_hex                     0x00000000   Number         0  stubs.o ABSOLUTE
    _printf_longlong_oct                     0x00000000   Number         0  stubs.o ABSOLUTE
    _printf_ls                               0x00000000   Number         0  stubs.o ABSOLUTE
    _printf_mbtowc                           0x00000000   Number         0  stubs.o ABSOLUTE
    _printf_n                                0x00000000   Number         0  stubs.o ABSOLUTE
    _printf_o                                0x00000000   Number         0  stubs.o ABSOLUTE
    _printf_p                                0x00000000   Number         0  stubs.o ABSOLUTE
    _printf_percent                          0x00000000   Number         0  stubs.o ABSOLUTE
    _printf_pre_padding                      0x00000000   Number         0  stubs.o ABSOLUTE
    _printf_return_value                     0x00000000   Number         0  stubs.o ABSOLUTE
    _printf_s                                0x00000000   Number         0  stubs.o ABSOLUTE
    _printf_sizespec                         0x00000000   Number         0  stubs.o ABSOLUTE
    _printf_str                              0x00000000   Number         0  stubs.o ABSOLUTE
    _printf_truncate_signed                  0x00000000   Number         0  stubs.o ABSOLUTE
    _printf_truncate_unsigned                0x00000000   Number         0  stubs.o ABSOLUTE
    _printf_u                                0x00000000   Number         0  stubs.o ABSOLUTE
    _printf_wc                               0x00000000   Number         0  stubs.o ABSOLUTE
    _printf_wctomb                           0x00000000   Number         0  stubs.o ABSOLUTE
    _printf_widthprec                        0x00000000   Number         0  stubs.o ABSOLUTE
    _printf_x                                0x00000000   Number         0  stubs.o ABSOLUTE
    __cpp_initialize__aeabi_                  - Undefined Weak Reference
    __cxa_finalize                            - Undefined Weak Reference
    _clock_init                               - Undefined Weak Reference
    _microlib_exit                            - Undefined Weak Reference
    __Vectors_Size                           0x00000188   Number         0  startup_stm32f40xx.o ABSOLUTE
    __Vectors                                0x08000000   Data           4  startup_stm32f40xx.o(RESET)
    __Vectors_End                            0x08000188   Data           0  startup_stm32f40xx.o(RESET)
    __main                                   0x08000189   Thumb Code     0  entry.o(.ARM.Collect$$$$00000000)
    _main_stk                                0x08000189   Thumb Code     0  entry2.o(.ARM.Collect$$$$00000001)
    _main_scatterload                        0x0800018d   Thumb Code     0  entry5.o(.ARM.Collect$$$$00000004)
    __main_after_scatterload                 0x08000191   Thumb Code     0  entry5.o(.ARM.Collect$$$$00000004)
    _main_clock                              0x08000191   Thumb Code     0  entry7b.o(.ARM.Collect$$$$00000008)
    _main_cpp_init                           0x08000191   Thumb Code     0  entry8b.o(.ARM.Collect$$$$0000000A)
    _main_init                               0x08000191   Thumb Code     0  entry9a.o(.ARM.Collect$$$$0000000B)
    __rt_final_cpp                           0x08000199   Thumb Code     0  entry10a.o(.ARM.Collect$$$$0000000D)
    __rt_final_exit                          0x08000199   Thumb Code     0  entry11a.o(.ARM.Collect$$$$0000000F)
    SVC_Handler                              0x0800019d   Thumb Code    28  port.o(.emb_text)
    __asm___6_port_c_39a90d8d__prvStartFirstTask 0x080001bd   Thumb Code    28  port.o(.emb_text)
    __asm___6_port_c_39a90d8d__prvEnableVFP  0x080001dd   Thumb Code    16  port.o(.emb_text)
    PendSV_Handler                           0x080001f1   Thumb Code    88  port.o(.emb_text)
    vPortGetIPSR                             0x0800024d   Thumb Code     6  port.o(.emb_text)
    Reset_Handler                            0x08000255   Thumb Code     8  startup_stm32f40xx.o(.text)
    NMI_Handler                              0x0800025d   Thumb Code     2  startup_stm32f40xx.o(.text)
    HardFault_Handler                        0x0800025f   Thumb Code     2  startup_stm32f40xx.o(.text)
    MemManage_Handler                        0x08000261   Thumb Code     2  startup_stm32f40xx.o(.text)
    BusFault_Handler                         0x08000263   Thumb Code     2  startup_stm32f40xx.o(.text)
    UsageFault_Handler                       0x08000265   Thumb Code     2  startup_stm32f40xx.o(.text)
    DebugMon_Handler                         0x08000269   Thumb Code     2  startup_stm32f40xx.o(.text)
    ADC_IRQHandler                           0x0800026f   Thumb Code     0  startup_stm32f40xx.o(.text)
    CAN1_RX0_IRQHandler                      0x0800026f   Thumb Code     0  startup_stm32f40xx.o(.text)
    CAN1_RX1_IRQHandler                      0x0800026f   Thumb Code     0  startup_stm32f40xx.o(.text)
    CAN1_SCE_IRQHandler                      0x0800026f   Thumb Code     0  startup_stm32f40xx.o(.text)
    CAN1_TX_IRQHandler                       0x0800026f   Thumb Code     0  startup_stm32f40xx.o(.text)
    CAN2_RX0_IRQHandler                      0x0800026f   Thumb Code     0  startup_stm32f40xx.o(.text)
    CAN2_RX1_IRQHandler                      0x0800026f   Thumb Code     0  startup_stm32f40xx.o(.text)
    CAN2_SCE_IRQHandler                      0x0800026f   Thumb Code     0  startup_stm32f40xx.o(.text)
    CAN2_TX_IRQHandler                       0x0800026f   Thumb Code     0  startup_stm32f40xx.o(.text)
    CRYP_IRQHandler                          0x0800026f   Thumb Code     0  startup_stm32f40xx.o(.text)
    DCMI_IRQHandler                          0x0800026f   Thumb Code     0  startup_stm32f40xx.o(.text)
    DMA1_Stream0_IRQHandler                  0x0800026f   Thumb Code     0  startup_stm32f40xx.o(.text)
    DMA1_Stream1_IRQHandler                  0x0800026f   Thumb Code     0  startup_stm32f40xx.o(.text)
    DMA1_Stream2_IRQHandler                  0x0800026f   Thumb Code     0  startup_stm32f40xx.o(.text)
    DMA1_Stream3_IRQHandler                  0x0800026f   Thumb Code     0  startup_stm32f40xx.o(.text)
    DMA1_Stream4_IRQHandler                  0x0800026f   Thumb Code     0  startup_stm32f40xx.o(.text)
    DMA1_Stream5_IRQHandler                  0x0800026f   Thumb Code     0  startup_stm32f40xx.o(.text)
    DMA1_Stream6_IRQHandler                  0x0800026f   Thumb Code     0  startup_stm32f40xx.o(.text)
    DMA1_Stream7_IRQHandler                  0x0800026f   Thumb Code     0  startup_stm32f40xx.o(.text)
    DMA2_Stream0_IRQHandler                  0x0800026f   Thumb Code     0  startup_stm32f40xx.o(.text)
    DMA2_Stream1_IRQHandler                  0x0800026f   Thumb Code     0  startup_stm32f40xx.o(.text)
    DMA2_Stream2_IRQHandler                  0x0800026f   Thumb Code     0  startup_stm32f40xx.o(.text)
    DMA2_Stream3_IRQHandler                  0x0800026f   Thumb Code     0  startup_stm32f40xx.o(.text)
    DMA2_Stream4_IRQHandler                  0x0800026f   Thumb Code     0  startup_stm32f40xx.o(.text)
    DMA2_Stream5_IRQHandler                  0x0800026f   Thumb Code     0  startup_stm32f40xx.o(.text)
    DMA2_Stream6_IRQHandler                  0x0800026f   Thumb Code     0  startup_stm32f40xx.o(.text)
    DMA2_Stream7_IRQHandler                  0x0800026f   Thumb Code     0  startup_stm32f40xx.o(.text)
    ETH_IRQHandler                           0x0800026f   Thumb Code     0  startup_stm32f40xx.o(.text)
    ETH_WKUP_IRQHandler                      0x0800026f   Thumb Code     0  startup_stm32f40xx.o(.text)
    EXTI15_10_IRQHandler                     0x0800026f   Thumb Code     0  startup_stm32f40xx.o(.text)
    EXTI1_IRQHandler                         0x0800026f   Thumb Code     0  startup_stm32f40xx.o(.text)
    EXTI2_IRQHandler                         0x0800026f   Thumb Code     0  startup_stm32f40xx.o(.text)
    EXTI4_IRQHandler                         0x0800026f   Thumb Code     0  startup_stm32f40xx.o(.text)
    EXTI9_5_IRQHandler                       0x0800026f   Thumb Code     0  startup_stm32f40xx.o(.text)
    FLASH_IRQHandler                         0x0800026f   Thumb Code     0  startup_stm32f40xx.o(.text)
    FPU_IRQHandler                           0x0800026f   Thumb Code     0  startup_stm32f40xx.o(.text)
    FSMC_IRQHandler                          0x0800026f   Thumb Code     0  startup_stm32f40xx.o(.text)
    HASH_RNG_IRQHandler                      0x0800026f   Thumb Code     0  startup_stm32f40xx.o(.text)
    I2C1_ER_IRQHandler                       0x0800026f   Thumb Code     0  startup_stm32f40xx.o(.text)
    I2C1_EV_IRQHandler                       0x0800026f   Thumb Code     0  startup_stm32f40xx.o(.text)
    I2C2_ER_IRQHandler                       0x0800026f   Thumb Code     0  startup_stm32f40xx.o(.text)
    I2C2_EV_IRQHandler                       0x0800026f   Thumb Code     0  startup_stm32f40xx.o(.text)
    I2C3_ER_IRQHandler                       0x0800026f   Thumb Code     0  startup_stm32f40xx.o(.text)
    I2C3_EV_IRQHandler                       0x0800026f   Thumb Code     0  startup_stm32f40xx.o(.text)
    OTG_FS_IRQHandler                        0x0800026f   Thumb Code     0  startup_stm32f40xx.o(.text)
    OTG_FS_WKUP_IRQHandler                   0x0800026f   Thumb Code     0  startup_stm32f40xx.o(.text)
    OTG_HS_EP1_IN_IRQHandler                 0x0800026f   Thumb Code     0  startup_stm32f40xx.o(.text)
    OTG_HS_EP1_OUT_IRQHandler                0x0800026f   Thumb Code     0  startup_stm32f40xx.o(.text)
    OTG_HS_IRQHandler                        0x0800026f   Thumb Code     0  startup_stm32f40xx.o(.text)
    OTG_HS_WKUP_IRQHandler                   0x0800026f   Thumb Code     0  startup_stm32f40xx.o(.text)
    PVD_IRQHandler                           0x0800026f   Thumb Code     0  startup_stm32f40xx.o(.text)
    RCC_IRQHandler                           0x0800026f   Thumb Code     0  startup_stm32f40xx.o(.text)
    RTC_Alarm_IRQHandler                     0x0800026f   Thumb Code     0  startup_stm32f40xx.o(.text)
    RTC_WKUP_IRQHandler                      0x0800026f   Thumb Code     0  startup_stm32f40xx.o(.text)
    SDIO_IRQHandler                          0x0800026f   Thumb Code     0  startup_stm32f40xx.o(.text)
    SPI1_IRQHandler                          0x0800026f   Thumb Code     0  startup_stm32f40xx.o(.text)
    SPI2_IRQHandler                          0x0800026f   Thumb Code     0  startup_stm32f40xx.o(.text)
    SPI3_IRQHandler                          0x0800026f   Thumb Code     0  startup_stm32f40xx.o(.text)
    TAMP_STAMP_IRQHandler                    0x0800026f   Thumb Code     0  startup_stm32f40xx.o(.text)
    TIM1_BRK_TIM9_IRQHandler                 0x0800026f   Thumb Code     0  startup_stm32f40xx.o(.text)
    TIM1_CC_IRQHandler                       0x0800026f   Thumb Code     0  startup_stm32f40xx.o(.text)
    TIM1_TRG_COM_TIM11_IRQHandler            0x0800026f   Thumb Code     0  startup_stm32f40xx.o(.text)
    TIM1_UP_TIM10_IRQHandler                 0x0800026f   Thumb Code     0  startup_stm32f40xx.o(.text)
    TIM3_IRQHandler                          0x0800026f   Thumb Code     0  startup_stm32f40xx.o(.text)
    TIM4_IRQHandler                          0x0800026f   Thumb Code     0  startup_stm32f40xx.o(.text)
    TIM6_DAC_IRQHandler                      0x0800026f   Thumb Code     0  startup_stm32f40xx.o(.text)
    TIM7_IRQHandler                          0x0800026f   Thumb Code     0  startup_stm32f40xx.o(.text)
    TIM8_BRK_TIM12_IRQHandler                0x0800026f   Thumb Code     0  startup_stm32f40xx.o(.text)
    TIM8_CC_IRQHandler                       0x0800026f   Thumb Code     0  startup_stm32f40xx.o(.text)
    TIM8_TRG_COM_TIM14_IRQHandler            0x0800026f   Thumb Code     0  startup_stm32f40xx.o(.text)
    TIM8_UP_TIM13_IRQHandler                 0x0800026f   Thumb Code     0  startup_stm32f40xx.o(.text)
    UART4_IRQHandler                         0x0800026f   Thumb Code     0  startup_stm32f40xx.o(.text)
    UART5_IRQHandler                         0x0800026f   Thumb Code     0  startup_stm32f40xx.o(.text)
    USART2_IRQHandler                        0x0800026f   Thumb Code     0  startup_stm32f40xx.o(.text)
    USART3_IRQHandler                        0x0800026f   Thumb Code     0  startup_stm32f40xx.o(.text)
    USART6_IRQHandler                        0x0800026f   Thumb Code     0  startup_stm32f40xx.o(.text)
    WWDG_IRQHandler                          0x0800026f   Thumb Code     0  startup_stm32f40xx.o(.text)
    __aeabi_memcpy                           0x08000279   Thumb Code    36  memcpya.o(.text)
    __aeabi_memcpy4                          0x08000279   Thumb Code     0  memcpya.o(.text)
    __aeabi_memcpy8                          0x08000279   Thumb Code     0  memcpya.o(.text)
    __aeabi_memset                           0x0800029d   Thumb Code    14  memseta.o(.text)
    __aeabi_memset4                          0x0800029d   Thumb Code     0  memseta.o(.text)
    __aeabi_memset8                          0x0800029d   Thumb Code     0  memseta.o(.text)
    __aeabi_memclr                           0x080002ab   Thumb Code     4  memseta.o(.text)
    __aeabi_memclr4                          0x080002ab   Thumb Code     0  memseta.o(.text)
    __aeabi_memclr8                          0x080002ab   Thumb Code     0  memseta.o(.text)
    _memset$wrapper                          0x080002af   Thumb Code    18  memseta.o(.text)
    __aeabi_dadd                             0x080002c1   Thumb Code   322  dadd.o(.text)
    __aeabi_dsub                             0x08000403   Thumb Code     6  dadd.o(.text)
    __aeabi_drsub                            0x08000409   Thumb Code     6  dadd.o(.text)
    __aeabi_dmul                             0x0800040f   Thumb Code   228  dmul.o(.text)
    __aeabi_ddiv                             0x080004f3   Thumb Code   222  ddiv.o(.text)
    __aeabi_i2d                              0x080005d1   Thumb Code    34  dflti.o(.text)
    __aeabi_f2d                              0x080005f3   Thumb Code    38  f2d.o(.text)
    __aeabi_cdrcmple                         0x08000619   Thumb Code    48  cdrcmple.o(.text)
    __aeabi_d2f                              0x08000649   Thumb Code    56  d2f.o(.text)
    __aeabi_uidiv                            0x08000681   Thumb Code     0  uidiv.o(.text)
    __aeabi_uidivmod                         0x08000681   Thumb Code    44  uidiv.o(.text)
    __aeabi_uldivmod                         0x080006ad   Thumb Code    98  uldiv.o(.text)
    __aeabi_llsl                             0x0800070f   Thumb Code    30  llshl.o(.text)
    _ll_shift_l                              0x0800070f   Thumb Code     0  llshl.o(.text)
    __aeabi_lasr                             0x0800072d   Thumb Code    36  llsshr.o(.text)
    _ll_sshift_r                             0x0800072d   Thumb Code     0  llsshr.o(.text)
    __strtod_int                             0x08000787   Thumb Code    88  strtod.o(.text)
    __I$use$fp                               0x080007ed   Thumb Code     0  iusefp.o(.text)
    _float_round                             0x080007ed   Thumb Code    18  fepilogue.o(.text)
    _float_epilogue                          0x080007ff   Thumb Code    92  fepilogue.o(.text)
    _double_round                            0x0800085b   Thumb Code    30  depilogue.o(.text)
    _double_epilogue                         0x08000879   Thumb Code   156  depilogue.o(.text)
    _dsqrt                                   0x08000915   Thumb Code   162  dsqrt.o(.text)
    __aeabi_d2ulz                            0x080009b7   Thumb Code    48  dfixul.o(.text)
    __scatterload                            0x080009e9   Thumb Code    28  init.o(.text)
    __scatterload_rt2                        0x080009e9   Thumb Code     0  init.o(.text)
    __aeabi_llsr                             0x08000a0d   Thumb Code    32  llushr.o(.text)
    _ll_ushift_r                             0x08000a0d   Thumb Code     0  llushr.o(.text)
    isspace                                  0x08000a2d   Thumb Code    10  isspace_c.o(.text)
    _scanf_real                              0x08000b39   Thumb Code     0  scanf_fp.o(.text)
    _scanf_really_real                       0x08000b39   Thumb Code   556  scanf_fp.o(.text)
    _sgetc                                   0x08000d71   Thumb Code    30  _sgetc.o(.text)
    _sbackspace                              0x08000d8f   Thumb Code    34  _sgetc.o(.text)
    __ctype_lookup                           0x08000db1   Thumb Code    34  ctype_c.o(.text)
    __aeabi_ul2d                             0x08000dd9   Thumb Code    24  dfltul.o(.text)
    __decompress                             0x08000df1   Thumb Code     0  __dczerorl2.o(.text)
    __decompress1                            0x08000df1   Thumb Code    86  __dczerorl2.o(.text)
    Calcula_Kalman_Individual                0x08000f55   Thumb Code   190  kalmanca.o(i.Calcula_Kalman_Individual)
    Calcula_Kalman_Total                     0x08001015   Thumb Code   708  kalmanca.o(i.Calcula_Kalman_Total)
    CalculateAngle                           0x080012e1   Thumb Code   224  kalmanca.o(i.CalculateAngle)
    ComplementaryFilter                      0x080013d1   Thumb Code  1354  complementaryfilter.o(i.ComplementaryFilter)
    Create_Task                              0x08001925   Thumb Code    44  main.o(i.Create_Task)
    EXTI0_IRQHandler                         0x08001951   Thumb Code   150  main.o(i.EXTI0_IRQHandler)
    EXTI3_IRQHandler                         0x080019f1   Thumb Code   154  main.o(i.EXTI3_IRQHandler)
    EXTI_ClearITPendingBit                   0x08001a95   Thumb Code     6  stm32f4xx_exti.o(i.EXTI_ClearITPendingBit)
    EXTI_GetITStatus                         0x08001aa1   Thumb Code    20  stm32f4xx_exti.o(i.EXTI_GetITStatus)
    EXTI_Init                                0x08001ab9   Thumb Code   142  stm32f4xx_exti.o(i.EXTI_Init)
    Encoder_Left_Configuration               0x08001b4d   Thumb Code   110  externalinterrupt.o(i.Encoder_Left_Configuration)
    Encoder_Right_Configuration              0x08001bc1   Thumb Code   108  externalinterrupt.o(i.Encoder_Right_Configuration)
    FreeRTOS_Init                            0x08001c31   Thumb Code   128  main.o(i.FreeRTOS_Init)
    GPIO_Init                                0x08001cd9   Thumb Code   144  stm32f4xx_gpio.o(i.GPIO_Init)
    GPIO_PinAFConfig                         0x08001d69   Thumb Code    70  stm32f4xx_gpio.o(i.GPIO_PinAFConfig)
    GPIO_ReadInputDataBit                    0x08001daf   Thumb Code    18  stm32f4xx_gpio.o(i.GPIO_ReadInputDataBit)
    GPIO_ResetBits                           0x08001dc1   Thumb Code     4  stm32f4xx_gpio.o(i.GPIO_ResetBits)
    GPIO_SetBits                             0x08001dc5   Thumb Code     4  stm32f4xx_gpio.o(i.GPIO_SetBits)
    GPIO_ToggleBits                          0x08001dc9   Thumb Code     8  stm32f4xx_gpio.o(i.GPIO_ToggleBits)
    GPIO_WriteBit                            0x08001dd1   Thumb Code    10  stm32f4xx_gpio.o(i.GPIO_WriteBit)
    I2C_CheckEvent                           0x08001ddb   Thumb Code    42  stm32f4xx_i2c.o(i.I2C_CheckEvent)
    I2C_Init                                 0x08001e05   Thumb Code   218  stm32f4xx_i2c.o(i.I2C_Init)
    Init_Kalman                              0x08001eed   Thumb Code    86  kalmanca.o(i.Init_Kalman)
    Init_Kalman_Total                        0x08001f5d   Thumb Code   222  kalmanca.o(i.Init_Kalman_Total)
    Initialize_Pin                           0x08002059   Thumb Code    50  extra.o(i.Initialize_Pin)
    Insert_List                              0x08002091   Thumb Code    32  main.o(i.Insert_List)
    Kalman_init                              0x080020b5   Thumb Code    86  kalman.o(i.Kalman_init)
    MPU_Init                                 0x08002135   Thumb Code    44  main.o(i.MPU_Init)
    MPU_LED_Init                             0x08002169   Thumb Code    46  main.o(i.MPU_LED_Init)
    MotorController_GPIOInit                 0x0800219d   Thumb Code    58  timer.o(i.MotorController_GPIOInit)
    NVIC_Init                                0x08002285   Thumb Code   106  misc.o(i.NVIC_Init)
    PID_ATune                                0x08002325   Thumb Code    36  auto_tunning.o(i.PID_ATune)
    PID_ATune_GetKd                          0x0800234d   Thumb Code    90  auto_tunning.o(i.PID_ATune_GetKd)
    PID_ATune_GetKi                          0x080023b9   Thumb Code   150  auto_tunning.o(i.PID_ATune_GetKi)
    PID_ATune_GetKp                          0x08002461   Thumb Code    90  auto_tunning.o(i.PID_ATune_GetKp)
    PWM_Init                                 0x08002959   Thumb Code    70  timer.o(i.PWM_Init)
    RCC_AHB1PeriphClockCmd                   0x080029a5   Thumb Code    26  stm32f4xx_rcc.o(i.RCC_AHB1PeriphClockCmd)
    RCC_APB1PeriphClockCmd                   0x080029c5   Thumb Code    26  stm32f4xx_rcc.o(i.RCC_APB1PeriphClockCmd)
    RCC_APB2PeriphClockCmd                   0x080029e5   Thumb Code    26  stm32f4xx_rcc.o(i.RCC_APB2PeriphClockCmd)
    RCC_GetClocksFreq                        0x08002a05   Thumb Code   214  stm32f4xx_rcc.o(i.RCC_GetClocksFreq)
    SYSCFG_EXTILineConfig                    0x08002aed   Thumb Code    60  stm32f4xx_syscfg.o(i.SYSCFG_EXTILineConfig)
    SysTick_Handler                          0x08002c19   Thumb Code    46  port.o(i.SysTick_Handler)
    SystemInit                               0x08002c4d   Thumb Code    88  system_stm32f4xx.o(i.SystemInit)
    TIM2_IRQHandler                          0x08002cb5   Thumb Code   108  main.o(i.TIM2_IRQHandler)
    TIM5_IRQHandler                          0x08002d31   Thumb Code    64  main.o(i.TIM5_IRQHandler)
    TIMER_Init                               0x08002d7d   Thumb Code    54  timer.o(i.TIMER_Init)
    TIM_ClearITPendingBit                    0x08002db9   Thumb Code     6  stm32f4xx_tim.o(i.TIM_ClearITPendingBit)
    TIM_Cmd                                  0x08002dbf   Thumb Code    24  stm32f4xx_tim.o(i.TIM_Cmd)
    TIM_GetITStatus                          0x08002dd7   Thumb Code    34  stm32f4xx_tim.o(i.TIM_GetITStatus)
    TIM_ITConfig                             0x08002df9   Thumb Code    18  stm32f4xx_tim.o(i.TIM_ITConfig)
    TIM_OC1Init                              0x08002e0d   Thumb Code   114  stm32f4xx_tim.o(i.TIM_OC1Init)
    TIM_OC1PreloadConfig                     0x08002e89   Thumb Code    18  stm32f4xx_tim.o(i.TIM_OC1PreloadConfig)
    TIM_OC2Init                              0x08002e9d   Thumb Code   154  stm32f4xx_tim.o(i.TIM_OC2Init)
    TIM_OC2PreloadConfig                     0x08002f41   Thumb Code    26  stm32f4xx_tim.o(i.TIM_OC2PreloadConfig)
    TIM_TimeBaseInit                         0x08002f5d   Thumb Code   104  stm32f4xx_tim.o(i.TIM_TimeBaseInit)
    TM_GPIO_GetPortSource                    0x08002fe1   Thumb Code    14  tm_stm32f4_gpio.o(i.TM_GPIO_GetPortSource)
    TM_GPIO_INT_EnableClock                  0x08002ff1   Thumb Code    28  tm_stm32f4_gpio.o(i.TM_GPIO_INT_EnableClock)
    TM_GPIO_INT_Init                         0x08003011   Thumb Code   170  tm_stm32f4_gpio.o(i.TM_GPIO_INT_Init)
    TM_GPIO_InitAlternate                    0x080030c1   Thumb Code   110  tm_stm32f4_gpio.o(i.TM_GPIO_InitAlternate)
    TM_I2C_Init                              0x08003269   Thumb Code   254  tm_stm32f4_i2c.o(i.TM_I2C_Init)
    TM_I2C_InitCustomPinsCallback            0x0800337d   Thumb Code     2  tm_stm32f4_i2c.o(i.TM_I2C_InitCustomPinsCallback)
    TM_I2C_IsDeviceConnected                 0x0800337f   Thumb Code    34  tm_stm32f4_i2c.o(i.TM_I2C_IsDeviceConnected)
    TM_I2C_Read                              0x080033a1   Thumb Code    62  tm_stm32f4_i2c.o(i.TM_I2C_Read)
    TM_I2C_ReadAck                           0x080033e1   Thumb Code    58  tm_stm32f4_i2c.o(i.TM_I2C_ReadAck)
    TM_I2C_ReadMulti                         0x08003425   Thumb Code    86  tm_stm32f4_i2c.o(i.TM_I2C_ReadMulti)
    TM_I2C_ReadNack                          0x0800347d   Thumb Code    66  tm_stm32f4_i2c.o(i.TM_I2C_ReadNack)
    TM_I2C_Start                             0x080034c9   Thumb Code   166  tm_stm32f4_i2c.o(i.TM_I2C_Start)
    TM_I2C_Stop                              0x08003579   Thumb Code    60  tm_stm32f4_i2c.o(i.TM_I2C_Stop)
    TM_I2C_Write                             0x080035b9   Thumb Code    50  tm_stm32f4_i2c.o(i.TM_I2C_Write)
    TM_I2C_WriteData                         0x080035ed   Thumb Code    40  tm_stm32f4_i2c.o(i.TM_I2C_WriteData)
    TM_MPU6050_Init                          0x08003619   Thumb Code   266  tm_stm32f4_mpu6050.o(i.TM_MPU6050_Init)
    TM_MPU6050_ReadAll                       0x0800374d   Thumb Code   174  tm_stm32f4_mpu6050.o(i.TM_MPU6050_ReadAll)
    Timer2_Init_AcquisitionTick              0x0800381d   Thumb Code    90  timer.o(i.Timer2_Init_AcquisitionTick)
    Timer5_Init_EncodersTick                 0x08003879   Thumb Code    88  timer.o(i.Timer5_Init_EncodersTick)
    TimerGPIO_Init                           0x080038d5   Thumb Code    68  timer.o(i.TimerGPIO_Init)
    USART1_IRQHandler                        0x0800391d   Thumb Code   112  main.o(i.USART1_IRQHandler)
    USART_Cmd                                0x080039a5   Thumb Code    24  stm32f4xx_usart.o(i.USART_Cmd)
    USART_GetITStatus                        0x080039bd   Thumb Code    84  stm32f4xx_usart.o(i.USART_GetITStatus)
    USART_ITConfig                           0x08003a11   Thumb Code    74  stm32f4xx_usart.o(i.USART_ITConfig)
    USART_Init                               0x08003a5d   Thumb Code   204  stm32f4xx_usart.o(i.USART_Init)
    USART_SendData                           0x08003b5d   Thumb Code     8  stm32f4xx_usart.o(i.USART_SendData)
    USART_puts                               0x08003b65   Thumb Code    40  usart.o(i.USART_puts)
    UpdatePWMDutyCycle                       0x08003b8d   Thumb Code    18  timer.o(i.UpdatePWMDutyCycle)
    __0snprintf                              0x08003c5d   Thumb Code    36  printfa.o(i.__0snprintf)
    __1snprintf                              0x08003c5d   Thumb Code     0  printfa.o(i.__0snprintf)
    __2snprintf                              0x08003c5d   Thumb Code     0  printfa.o(i.__0snprintf)
    __c89snprintf                            0x08003c5d   Thumb Code     0  printfa.o(i.__0snprintf)
    snprintf                                 0x08003c5d   Thumb Code     0  printfa.o(i.__0snprintf)
    __ARM_fpclassify                         0x08003c85   Thumb Code    48  fpclassify.o(i.__ARM_fpclassify)
    __hardfp_atan                            0x08003cb9   Thumb Code   622  atan.o(i.__hardfp_atan)
    __hardfp_atan2                           0x08003f91   Thumb Code   432  atan2.o(i.__hardfp_atan2)
    __hardfp_sqrt                            0x08004181   Thumb Code   122  sqrt.o(i.__hardfp_sqrt)
    __hardfp_strtof                          0x08004201   Thumb Code    42  strtof.o(i.__hardfp_strtof)
    __kernel_poly                            0x08004239   Thumb Code   248  poly.o(i.__kernel_poly)
    __mathlib_dbl_infnan                     0x08004331   Thumb Code    20  dunder.o(i.__mathlib_dbl_infnan)
    __mathlib_dbl_infnan2                    0x08004345   Thumb Code    20  dunder.o(i.__mathlib_dbl_infnan2)
    __mathlib_dbl_underflow                  0x08004359   Thumb Code    24  dunder.o(i.__mathlib_dbl_underflow)
    __scatterload_copy                       0x08004379   Thumb Code    14  handlers.o(i.__scatterload_copy)
    __scatterload_null                       0x08004387   Thumb Code     2  handlers.o(i.__scatterload_null)
    __scatterload_zeroinit                   0x08004389   Thumb Code    14  handlers.o(i.__scatterload_zeroinit)
    __set_errno                              0x08004399   Thumb Code     6  errno.o(i.__set_errno)
    _is_digit                                0x08004509   Thumb Code    14  scanf_fp.o(i._is_digit)
    atan                                     0x08004c5d   Thumb Code    16  atan.o(i.atan)
    changePIDValues                          0x08004c6d   Thumb Code   316  main.o(i.changePIDValues)
    commandHandler                           0x08004db9   Thumb Code   170  main.o(i.commandHandler)
    fabs                                     0x08004e69   Thumb Code    24  fabs.o(i.fabs)
    getAngle                                 0x08004e81   Thumb Code   808  kalman.o(i.getAngle)
    init_USART1                              0x080051d1   Thumb Code   164  usart.o(i.init_USART1)
    main                                     0x0800527d   Thumb Code   258  main.o(i.main)
    pvPortMalloc                             0x08005d15   Thumb Code   164  heap_2.o(i.pvPortMalloc)
    pvTaskIncrementMutexHeldCount            0x08005dcd   Thumb Code    26  tasks.o(i.pvTaskIncrementMutexHeldCount)
    pxPortInitialiseStack                    0x08005ded   Thumb Code    38  port.o(i.pxPortInitialiseStack)
    sendPIDValues                            0x08005e19   Thumb Code   454  main.o(i.sendPIDValues)
    speed                                    0x08006025   Thumb Code    86  main.o(i.speed)
    uxListRemove                             0x08006099   Thumb Code    40  list.o(i.uxListRemove)
    vListInitialise                          0x080060c1   Thumb Code    26  list.o(i.vListInitialise)
    vListInitialiseItem                      0x080060db   Thumb Code     6  list.o(i.vListInitialiseItem)
    vListInsert                              0x080060e1   Thumb Code    52  list.o(i.vListInsert)
    vListInsertEnd                           0x08006115   Thumb Code    24  list.o(i.vListInsertEnd)
    vPortEnterCritical                       0x0800612d   Thumb Code    76  port.o(i.vPortEnterCritical)
    vPortExitCritical                        0x08006181   Thumb Code    56  port.o(i.vPortExitCritical)
    vPortFree                                0x080061bd   Thumb Code    56  heap_2.o(i.vPortFree)
    vPortSetupTimerInterrupt                 0x080061fd   Thumb Code    26  port.o(i.vPortSetupTimerInterrupt)
    vPortValidateInterruptPriority           0x0800621d   Thumb Code   106  port.o(i.vPortValidateInterruptPriority)
    vQueueAddToRegistry                      0x08006295   Thumb Code    38  queue.o(i.vQueueAddToRegistry)
    vQueueWaitForMessageRestricted           0x080062c1   Thumb Code    74  queue.o(i.vQueueWaitForMessageRestricted)
    vTaskMissedYield                         0x0800630d   Thumb Code     8  tasks.o(i.vTaskMissedYield)
    vTaskPlaceOnEventList                    0x08006319   Thumb Code    52  tasks.o(i.vTaskPlaceOnEventList)
    vTaskPlaceOnEventListRestricted          0x08006351   Thumb Code    60  tasks.o(i.vTaskPlaceOnEventListRestricted)
    vTaskPriorityInherit                     0x08006391   Thumb Code   164  tasks.o(i.vTaskPriorityInherit)
    vTaskSetTimeOutState                     0x08006441   Thumb Code    38  tasks.o(i.vTaskSetTimeOutState)
    vTaskStartScheduler                      0x08006471   Thumb Code   118  tasks.o(i.vTaskStartScheduler)
    vTaskSuspendAll                          0x08006505   Thumb Code    12  tasks.o(i.vTaskSuspendAll)
    vTaskSwitchContext                       0x08006515   Thumb Code   118  tasks.o(i.vTaskSwitchContext)
    xPortStartScheduler                      0x080065a1   Thumb Code   288  port.o(i.xPortStartScheduler)
    xQueueCreateMutex                        0x080066dd   Thumb Code    34  queue.o(i.xQueueCreateMutex)
    xQueueGenericCreate                      0x080066ff   Thumb Code    88  queue.o(i.xQueueGenericCreate)
    xQueueGenericReceive                     0x08006759   Thumb Code   446  queue.o(i.xQueueGenericReceive)
    xQueueGenericReset                       0x0800691d   Thumb Code   146  queue.o(i.xQueueGenericReset)
    xQueueGenericSend                        0x080069b5   Thumb Code   420  queue.o(i.xQueueGenericSend)
    xQueueGenericSendFromISR                 0x08006b5d   Thumb Code   248  queue.o(i.xQueueGenericSendFromISR)
    xQueueGiveFromISR                        0x08006c55   Thumb Code   224  queue.o(i.xQueueGiveFromISR)
    xTaskCheckForTimeOut                     0x08006d35   Thumb Code   132  tasks.o(i.xTaskCheckForTimeOut)
    xTaskCreate                              0x08006dc1   Thumb Code    96  tasks.o(i.xTaskCreate)
    xTaskGetSchedulerState                   0x08006e21   Thumb Code    24  tasks.o(i.xTaskGetSchedulerState)
    xTaskGetTickCount                        0x08006e41   Thumb Code     6  tasks.o(i.xTaskGetTickCount)
    xTaskIncrementTick                       0x08006e4d   Thumb Code   282  tasks.o(i.xTaskIncrementTick)
    xTaskPriorityDisinherit                  0x08006f95   Thumb Code   188  tasks.o(i.xTaskPriorityDisinherit)
    xTaskRemoveFromEventList                 0x0800705d   Thumb Code   128  tasks.o(i.xTaskRemoveFromEventList)
    xTaskResumeAll                           0x080070f5   Thumb Code   224  tasks.o(i.xTaskResumeAll)
    xTimerCreateTimerTask                    0x080071f9   Thumb Code    66  timers.o(i.xTimerCreateTimerTask)
    xTimerGenericCommand                     0x08007251   Thumb Code   126  timers.o(i.xTimerGenericCommand)
    __mathlib_zero                           0x08007370   Data           8  qnan.o(.constdata)
    __ctype_categories                       0x08007378   Data          64  ctype_c.o(.constdata)
    Region$$Table$$Base                      0x080073b8   Number         0  anon$$obj.o(Region$$Table)
    Region$$Table$$Limit                     0x080073d8   Number         0  anon$$obj.o(Region$$Table)
    SystemCoreClock                          0x20000000   Data           4  system_stm32f4xx.o(.data)
    AHBPrescTable                            0x20000004   Data          16  system_stm32f4xx.o(.data)
    DistancePID                              0x20000024   Data           8  main.o(.data)
    Output_DistancePID_mutex                 0x2000002c   Data           4  main.o(.data)
    BalancingRobotEncoder_mutex              0x20000030   Data           4  main.o(.data)
    Timer_ISR_Semaphore                      0x20000034   Data           4  main.o(.data)
    Timer_ISR_Encoders_Semaphore             0x20000038   Data           4  main.o(.data)
    Angle_queue                              0x2000003c   Data           4  main.o(.data)
    Receive_USART_queue                      0x20000040   Data           4  main.o(.data)
    Encoder_queue                            0x20000044   Data           4  main.o(.data)
    PWM_queue                                0x20000048   Data           4  main.o(.data)
    f_Read                                   0x2000004c   Data           4  main.o(.data)
    f_Read2                                  0x20000050   Data           4  main.o(.data)
    s_BalancePID_mutex                       0x20000054   Data           4  main.o(.data)
    s_DistancePID_mutex                      0x20000058   Data           4  main.o(.data)
    speed_need                               0x2000005c   Data           4  main.o(.data)
    turn_need                                0x20000060   Data           4  main.o(.data)
    now                                      0x20000064   Data           4  main.o(.data)
    time_                                    0x20000068   Data           4  main.o(.data)
    Kalman_Angle                             0x2000006c   Data           4  main.o(.data)
    Kalman_Angle2                            0x20000070   Data           4  main.o(.data)
    Complimentary_Angle                      0x20000074   Data           4  main.o(.data)
    OUTPUT_CONTROLLER                        0x20000078   Data           4  main.o(.data)
    matrixPACC                               0x2000007c   Data           4  main.o(.data)
    matrixPGyro                              0x20000080   Data           4  main.o(.data)
    Stop_Flag                                0x20000084   Data           4  main.o(.data)
    Index                                    0x20000088   Data           4  main.o(.data)
    direction                                0x2000008c   Data           4  main.o(.data)
    next                                     0x20000090   Data           4  main.o(.data)
    init                                     0x20000094   Data           4  main.o(.data)
    pxCurrentTCB                             0x200000ac   Data           4  tasks.o(.data)
    s_BalancingRobotEncoder                  0x2000015c   Data          16  main.o(.bss)
    MPU6050_Data0                            0x2000016c   Data          28  main.o(.bss)
    BalancingRobotTaskList                   0x20000188   Data          84  main.o(.bss)
    s_BalancePID                             0x200001dc   Data          12  main.o(.bss)
    s_DistancePID                            0x200001e8   Data          12  main.o(.bss)
    Struct_KalmanIndividualACC               0x200001f4   Data          40  main.o(.bss)
    Struct_KalmanIndividualGyro              0x2000021c   Data          40  main.o(.bss)
    Struct_KalmanTotal                       0x20000244   Data         140  main.o(.bss)
    AT                                       0x200002d0   Data         536  main.o(.bss)
    Gains                                    0x200004e8   Data          12  main.o(.bss)
    xQueueRegistry                           0x20000530   Data          64  queue.o(.bss)
    __initial_sp                             0x20015288   Data           0  startup_stm32f40xx.o(STACK)



==============================================================================

Memory Map of the image

  Image Entry point : 0x08000189

  Load Region LR_IROM1 (Base: 0x08000000, Size: 0x00007534, Max: 0x00100000, ABSOLUTE, COMPRESSED[0x000073fc])

    Execution Region ER_IROM1 (Base: 0x08000000, Size: 0x000073d8, Max: 0x00100000, ABSOLUTE)

    Base Addr    Size         Type   Attr      Idx    E Section Name        Object

    0x08000000   0x00000188   Data   RO            3    RESET               startup_stm32f40xx.o
    0x08000188   0x00000000   Code   RO         3756  * .ARM.Collect$$$$00000000  mc_w.l(entry.o)
    0x08000188   0x00000004   Code   RO         4061    .ARM.Collect$$$$00000001  mc_w.l(entry2.o)
    0x0800018c   0x00000004   Code   RO         4064    .ARM.Collect$$$$00000004  mc_w.l(entry5.o)
    0x08000190   0x00000000   Code   RO         4066    .ARM.Collect$$$$00000008  mc_w.l(entry7b.o)
    0x08000190   0x00000000   Code   RO         4068    .ARM.Collect$$$$0000000A  mc_w.l(entry8b.o)
    0x08000190   0x00000008   Code   RO         4069    .ARM.Collect$$$$0000000B  mc_w.l(entry9a.o)
    0x08000198   0x00000000   Code   RO         4071    .ARM.Collect$$$$0000000D  mc_w.l(entry10a.o)
    0x08000198   0x00000000   Code   RO         4073    .ARM.Collect$$$$0000000F  mc_w.l(entry11a.o)
    0x08000198   0x00000004   Code   RO         4062    .ARM.Collect$$$$00002712  mc_w.l(entry2.o)
    0x0800019c   0x000000b6   Code   RO         3185    .emb_text           port.o
    0x08000252   0x00000002   PAD
    0x08000254   0x00000024   Code   RO            4    .text               startup_stm32f40xx.o
    0x08000278   0x00000024   Code   RO         3759    .text               mc_w.l(memcpya.o)
    0x0800029c   0x00000024   Code   RO         3761    .text               mc_w.l(memseta.o)
    0x080002c0   0x0000014e   Code   RO         4026    .text               mf_w.l(dadd.o)
    0x0800040e   0x000000e4   Code   RO         4028    .text               mf_w.l(dmul.o)
    0x080004f2   0x000000de   Code   RO         4030    .text               mf_w.l(ddiv.o)
    0x080005d0   0x00000022   Code   RO         4032    .text               mf_w.l(dflti.o)
    0x080005f2   0x00000026   Code   RO         4034    .text               mf_w.l(f2d.o)
    0x08000618   0x00000030   Code   RO         4038    .text               mf_w.l(cdrcmple.o)
    0x08000648   0x00000038   Code   RO         4040    .text               mf_w.l(d2f.o)
    0x08000680   0x0000002c   Code   RO         4078    .text               mc_w.l(uidiv.o)
    0x080006ac   0x00000062   Code   RO         4080    .text               mc_w.l(uldiv.o)
    0x0800070e   0x0000001e   Code   RO         4082    .text               mc_w.l(llshl.o)
    0x0800072c   0x00000024   Code   RO         4084    .text               mc_w.l(llsshr.o)
    0x08000750   0x0000009c   Code   RO         4093    .text               mc_w.l(strtod.o)
    0x080007ec   0x00000000   Code   RO         4095    .text               mc_w.l(iusefp.o)
    0x080007ec   0x0000006e   Code   RO         4096    .text               mf_w.l(fepilogue.o)
    0x0800085a   0x000000ba   Code   RO         4098    .text               mf_w.l(depilogue.o)
    0x08000914   0x000000a2   Code   RO         4102    .text               mf_w.l(dsqrt.o)
    0x080009b6   0x00000030   Code   RO         4104    .text               mf_w.l(dfixul.o)
    0x080009e6   0x00000002   PAD
    0x080009e8   0x00000024   Code   RO         4106    .text               mc_w.l(init.o)
    0x08000a0c   0x00000020   Code   RO         4109    .text               mc_w.l(llushr.o)
    0x08000a2c   0x0000000a   Code   RO         4111    .text               mc_w.l(isspace_c.o)
    0x08000a36   0x00000002   PAD
    0x08000a38   0x00000338   Code   RO         4113    .text               mc_w.l(scanf_fp.o)
    0x08000d70   0x00000040   Code   RO         4117    .text               mc_w.l(_sgetc.o)
    0x08000db0   0x00000028   Code   RO         4120    .text               mc_w.l(ctype_c.o)
    0x08000dd8   0x00000018   Code   RO         4123    .text               mf_w.l(dfltul.o)
    0x08000df0   0x00000056   Code   RO         4133    .text               mc_w.l(__dczerorl2.o)
    0x08000e46   0x00000002   PAD
    0x08000e48   0x0000010c   Code   RO         2008    i.Acquisition_Function  main.o
    0x08000f54   0x000000be   Code   RO         2431    i.Calcula_Kalman_Individual  kalmanca.o
    0x08001012   0x00000002   PAD
    0x08001014   0x000002cc   Code   RO         2432    i.Calcula_Kalman_Total  kalmanca.o
    0x080012e0   0x000000f0   Code   RO         2433    i.CalculateAngle    kalmanca.o
    0x080013d0   0x00000554   Code   RO         2258    i.ComplementaryFilter  complementaryfilter.o
    0x08001924   0x0000002c   Code   RO         2009    i.Create_Task       main.o
    0x08001950   0x000000a0   Code   RO         2010    i.EXTI0_IRQHandler  main.o
    0x080019f0   0x000000a4   Code   RO         2011    i.EXTI3_IRQHandler  main.o
    0x08001a94   0x0000000c   Code   RO         1097    i.EXTI_ClearITPendingBit  stm32f4xx_exti.o
    0x08001aa0   0x00000018   Code   RO         1101    i.EXTI_GetITStatus  stm32f4xx_exti.o
    0x08001ab8   0x00000094   Code   RO         1102    i.EXTI_Init         stm32f4xx_exti.o
    0x08001b4c   0x00000074   Code   RO         2387    i.Encoder_Left_Configuration  externalinterrupt.o
    0x08001bc0   0x00000070   Code   RO         2388    i.Encoder_Right_Configuration  externalinterrupt.o
    0x08001c30   0x000000a8   Code   RO         2012    i.FreeRTOS_Init     main.o
    0x08001cd8   0x00000090   Code   RO          151    i.GPIO_Init         stm32f4xx_gpio.o
    0x08001d68   0x00000046   Code   RO          152    i.GPIO_PinAFConfig  stm32f4xx_gpio.o
    0x08001dae   0x00000012   Code   RO          155    i.GPIO_ReadInputDataBit  stm32f4xx_gpio.o
    0x08001dc0   0x00000004   Code   RO          158    i.GPIO_ResetBits    stm32f4xx_gpio.o
    0x08001dc4   0x00000004   Code   RO          159    i.GPIO_SetBits      stm32f4xx_gpio.o
    0x08001dc8   0x00000008   Code   RO          161    i.GPIO_ToggleBits   stm32f4xx_gpio.o
    0x08001dd0   0x0000000a   Code   RO          163    i.GPIO_WriteBit     stm32f4xx_gpio.o
    0x08001dda   0x0000002a   Code   RO          748    i.I2C_CheckEvent    stm32f4xx_i2c.o
    0x08001e04   0x000000e8   Code   RO          766    i.I2C_Init          stm32f4xx_i2c.o
    0x08001eec   0x00000070   Code   RO         2434    i.Init_Kalman       kalmanca.o
    0x08001f5c   0x000000fc   Code   RO         2435    i.Init_Kalman_Total  kalmanca.o
    0x08002058   0x00000038   Code   RO         2413    i.Initialize_Pin    extra.o
    0x08002090   0x00000024   Code   RO         2013    i.Insert_List       main.o
    0x080020b4   0x00000080   Code   RO         3589    i.Kalman_init       kalman.o
    0x08002134   0x00000034   Code   RO         2014    i.MPU_Init          main.o
    0x08002168   0x00000034   Code   RO         2015    i.MPU_LED_Init      main.o
    0x0800219c   0x00000040   Code   RO         2331    i.MotorController_GPIOInit  timer.o
    0x080021dc   0x000000a8   Code   RO         2016    i.Motor_Controller  main.o
    0x08002284   0x00000078   Code   RO         1720    i.NVIC_Init         misc.o
    0x080022fc   0x00000028   Code   RO         2017    i.NVIC_SetPriority  main.o
    0x08002324   0x00000028   Code   RO         3658    i.PID_ATune         auto_tunning.o
    0x0800234c   0x0000006c   Code   RO         3661    i.PID_ATune_GetKd   auto_tunning.o
    0x080023b8   0x000000a8   Code   RO         3662    i.PID_ATune_GetKi   auto_tunning.o
    0x08002460   0x0000006c   Code   RO         3663    i.PID_ATune_GetKp   auto_tunning.o
    0x080024cc   0x0000031c   Code   RO         2018    i.PID_Controller_Function  main.o
    0x080027e8   0x00000170   Code   RO         2019    i.PID_Distance_Function  main.o
    0x08002958   0x0000004c   Code   RO         2332    i.PWM_Init          timer.o
    0x080029a4   0x00000020   Code   RO          252    i.RCC_AHB1PeriphClockCmd  stm32f4xx_rcc.o
    0x080029c4   0x00000020   Code   RO          261    i.RCC_APB1PeriphClockCmd  stm32f4xx_rcc.o
    0x080029e4   0x00000020   Code   RO          264    i.RCC_APB2PeriphClockCmd  stm32f4xx_rcc.o
    0x08002a04   0x000000e8   Code   RO          273    i.RCC_GetClocksFreq  stm32f4xx_rcc.o
    0x08002aec   0x00000040   Code   RO         1767    i.SYSCFG_EXTILineConfig  stm32f4xx_syscfg.o
    0x08002b2c   0x000000ec   Code   RO           12    i.SetSysClock       system_stm32f4xx.o
    0x08002c18   0x00000034   Code   RO         3186    i.SysTick_Handler   port.o
    0x08002c4c   0x00000068   Code   RO           14    i.SystemInit        system_stm32f4xx.o
    0x08002cb4   0x0000007c   Code   RO         2021    i.TIM2_IRQHandler   main.o
    0x08002d30   0x0000004c   Code   RO         2022    i.TIM5_IRQHandler   main.o
    0x08002d7c   0x0000003c   Code   RO         2333    i.TIMER_Init        timer.o
    0x08002db8   0x00000006   Code   RO         1169    i.TIM_ClearITPendingBit  stm32f4xx_tim.o
    0x08002dbe   0x00000018   Code   RO         1174    i.TIM_Cmd           stm32f4xx_tim.o
    0x08002dd6   0x00000022   Code   RO         1195    i.TIM_GetITStatus   stm32f4xx_tim.o
    0x08002df8   0x00000012   Code   RO         1199    i.TIM_ITConfig      stm32f4xx_tim.o
    0x08002e0a   0x00000002   PAD
    0x08002e0c   0x0000007c   Code   RO         1203    i.TIM_OC1Init       stm32f4xx_tim.o
    0x08002e88   0x00000012   Code   RO         1206    i.TIM_OC1PreloadConfig  stm32f4xx_tim.o
    0x08002e9a   0x00000002   PAD
    0x08002e9c   0x000000a4   Code   RO         1208    i.TIM_OC2Init       stm32f4xx_tim.o
    0x08002f40   0x0000001a   Code   RO         1211    i.TIM_OC2PreloadConfig  stm32f4xx_tim.o
    0x08002f5a   0x00000002   PAD
    0x08002f5c   0x00000084   Code   RO         1246    i.TIM_TimeBaseInit  stm32f4xx_tim.o
    0x08002fe0   0x0000000e   Code   RO         3482    i.TM_GPIO_GetPortSource  tm_stm32f4_gpio.o
    0x08002fee   0x00000002   PAD
    0x08002ff0   0x00000020   Code   RO         3485    i.TM_GPIO_INT_EnableClock  tm_stm32f4_gpio.o
    0x08003010   0x000000b0   Code   RO         3486    i.TM_GPIO_INT_Init  tm_stm32f4_gpio.o
    0x080030c0   0x0000006e   Code   RO         3488    i.TM_GPIO_InitAlternate  tm_stm32f4_gpio.o
    0x0800312e   0x00000002   PAD
    0x08003130   0x00000064   Code   RO         3308    i.TM_I2C1_INT_InitPins  tm_stm32f4_i2c.o
    0x08003194   0x0000006c   Code   RO         3309    i.TM_I2C2_INT_InitPins  tm_stm32f4_i2c.o
    0x08003200   0x00000068   Code   RO         3310    i.TM_I2C3_INT_InitPins  tm_stm32f4_i2c.o
    0x08003268   0x00000114   Code   RO         3311    i.TM_I2C_Init       tm_stm32f4_i2c.o
    0x0800337c   0x00000002   Code   RO         3312    i.TM_I2C_InitCustomPinsCallback  tm_stm32f4_i2c.o
    0x0800337e   0x00000022   Code   RO         3313    i.TM_I2C_IsDeviceConnected  tm_stm32f4_i2c.o
    0x080033a0   0x0000003e   Code   RO         3314    i.TM_I2C_Read       tm_stm32f4_i2c.o
    0x080033de   0x00000002   PAD
    0x080033e0   0x00000044   Code   RO         3315    i.TM_I2C_ReadAck    tm_stm32f4_i2c.o
    0x08003424   0x00000056   Code   RO         3316    i.TM_I2C_ReadMulti  tm_stm32f4_i2c.o
    0x0800347a   0x00000002   PAD
    0x0800347c   0x0000004c   Code   RO         3318    i.TM_I2C_ReadNack   tm_stm32f4_i2c.o
    0x080034c8   0x000000b0   Code   RO         3320    i.TM_I2C_Start      tm_stm32f4_i2c.o
    0x08003578   0x00000040   Code   RO         3321    i.TM_I2C_Stop       tm_stm32f4_i2c.o
    0x080035b8   0x00000032   Code   RO         3322    i.TM_I2C_Write      tm_stm32f4_i2c.o
    0x080035ea   0x00000002   PAD
    0x080035ec   0x0000002c   Code   RO         3323    i.TM_I2C_WriteData  tm_stm32f4_i2c.o
    0x08003618   0x00000134   Code   RO         3435    i.TM_MPU6050_Init   tm_stm32f4_mpu6050.o
    0x0800374c   0x000000bc   Code   RO         3437    i.TM_MPU6050_ReadAll  tm_stm32f4_mpu6050.o
    0x08003808   0x00000014   Code   RO         2023    i.Test              main.o
    0x0800381c   0x0000005a   Code   RO         2334    i.Timer2_Init_AcquisitionTick  timer.o
    0x08003876   0x00000002   PAD
    0x08003878   0x0000005c   Code   RO         2335    i.Timer5_Init_EncodersTick  timer.o
    0x080038d4   0x00000048   Code   RO         2336    i.TimerGPIO_Init    timer.o
    0x0800391c   0x00000088   Code   RO         2024    i.USART1_IRQHandler  main.o
    0x080039a4   0x00000018   Code   RO         1824    i.USART_Cmd         stm32f4xx_usart.o
    0x080039bc   0x00000054   Code   RO         1828    i.USART_GetITStatus  stm32f4xx_usart.o
    0x08003a10   0x0000004a   Code   RO         1830    i.USART_ITConfig    stm32f4xx_usart.o
    0x08003a5a   0x00000002   PAD
    0x08003a5c   0x000000d4   Code   RO         1831    i.USART_Init        stm32f4xx_usart.o
    0x08003b30   0x0000002c   Code   RO         2025    i.USART_Receive_Function  main.o
    0x08003b5c   0x00000008   Code   RO         1841    i.USART_SendData    stm32f4xx_usart.o
    0x08003b64   0x00000028   Code   RO         2279    i.USART_puts        usart.o
    0x08003b8c   0x00000018   Code   RO         2337    i.UpdatePWMDutyCycle  timer.o
    0x08003ba4   0x000000b8   Code   RO         2026    i.Update_Encoder    main.o
    0x08003c5c   0x00000028   Code   RO         3999    i.__0snprintf       mc_w.l(printfa.o)
    0x08003c84   0x00000030   Code   RO         4056    i.__ARM_fpclassify  m_wm.l(fpclassify.o)
    0x08003cb4   0x00000004   PAD
    0x08003cb8   0x000002d8   Code   RO         3706    i.__hardfp_atan     m_wm.l(atan.o)
    0x08003f90   0x000001f0   Code   RO         3720    i.__hardfp_atan2    m_wm.l(atan2.o)
    0x08004180   0x0000007a   Code   RO         3738    i.__hardfp_sqrt     m_wm.l(sqrt.o)
    0x080041fa   0x00000006   PAD
    0x08004200   0x00000038   Code   RO         3750    i.__hardfp_strtof   m_wm.l(strtof.o)
    0x08004238   0x000000f8   Code   RO         4058    i.__kernel_poly     m_wm.l(poly.o)
    0x08004330   0x00000014   Code   RO         4043    i.__mathlib_dbl_infnan  m_wm.l(dunder.o)
    0x08004344   0x00000014   Code   RO         4044    i.__mathlib_dbl_infnan2  m_wm.l(dunder.o)
    0x08004358   0x00000020   Code   RO         4048    i.__mathlib_dbl_underflow  m_wm.l(dunder.o)
    0x08004378   0x0000000e   Code   RO         4127    i.__scatterload_copy  mc_w.l(handlers.o)
    0x08004386   0x00000002   Code   RO         4128    i.__scatterload_null  mc_w.l(handlers.o)
    0x08004388   0x0000000e   Code   RO         4129    i.__scatterload_zeroinit  mc_w.l(handlers.o)
    0x08004396   0x00000002   PAD
    0x08004398   0x0000000c   Code   RO         4088    i.__set_errno       mc_w.l(errno.o)
    0x080043a4   0x00000164   Code   RO         4005    i._fp_digits        mc_w.l(printfa.o)
    0x08004508   0x0000000e   Code   RO         4115    i._is_digit         mc_w.l(scanf_fp.o)
    0x08004516   0x00000002   PAD
    0x08004518   0x000006dc   Code   RO         4006    i._printf_core      mc_w.l(printfa.o)
    0x08004bf4   0x00000024   Code   RO         4007    i._printf_post_padding  mc_w.l(printfa.o)
    0x08004c18   0x0000002e   Code   RO         4008    i._printf_pre_padding  mc_w.l(printfa.o)
    0x08004c46   0x00000016   Code   RO         4009    i._snputc           mc_w.l(printfa.o)
    0x08004c5c   0x00000010   Code   RO         3708    i.atan              m_wm.l(atan.o)
    0x08004c6c   0x0000014c   Code   RO         2027    i.changePIDValues   main.o
    0x08004db8   0x000000b0   Code   RO         2028    i.commandHandler    main.o
    0x08004e68   0x00000018   Code   RO         3734    i.fabs              m_wm.l(fabs.o)
    0x08004e80   0x00000350   Code   RO         3590    i.getAngle          kalman.o
    0x080051d0   0x000000ac   Code   RO         2280    i.init_USART1       usart.o
    0x0800527c   0x000001a4   Code   RO         2029    i.main              main.o
    0x08005420   0x00000098   Code   RO         2715    i.prvAddCurrentTaskToDelayedList  tasks.o
    0x080054b8   0x000000b8   Code   RO         2716    i.prvAddNewTaskToReadyList  tasks.o
    0x08005570   0x00000064   Code   RO         3055    i.prvCheckForValidListAndQueue  timers.o
    0x080055d4   0x00000064   Code   RO         2717    i.prvCheckTasksWaitingTermination  tasks.o
    0x08005638   0x0000002a   Code   RO         2508    i.prvCopyDataFromQueue  queue.o
    0x08005662   0x0000007c   Code   RO         2509    i.prvCopyDataToQueue  queue.o
    0x080056de   0x00000012   Code   RO         2718    i.prvDeleteTCB      tasks.o
    0x080056f0   0x00000028   Code   RO         3056    i.prvGetNextExpireTime  timers.o
    0x08005718   0x00000038   Code   RO         3268    i.prvHeapInit       heap_2.o
    0x08005750   0x00000028   Code   RO         2719    i.prvIdleTask       tasks.o
    0x08005778   0x0000001c   Code   RO         2510    i.prvInitialiseMutex  queue.o
    0x08005794   0x0000002a   Code   RO         2511    i.prvInitialiseNewQueue  queue.o
    0x080057be   0x000000b4   Code   RO         2720    i.prvInitialiseNewTask  tasks.o
    0x08005872   0x00000002   PAD
    0x08005874   0x00000068   Code   RO         2721    i.prvInitialiseTaskLists  tasks.o
    0x080058dc   0x00000058   Code   RO         3058    i.prvInsertTimerInActiveList  timers.o
    0x08005934   0x0000001a   Code   RO         2512    i.prvIsQueueEmpty   queue.o
    0x0800594e   0x0000001e   Code   RO         2513    i.prvIsQueueFull    queue.o
    0x0800596c   0x00000064   Code   RO         3059    i.prvProcessExpiredTimer  timers.o
    0x080059d0   0x000000f8   Code   RO         3060    i.prvProcessReceivedCommands  timers.o
    0x08005ac8   0x00000074   Code   RO         3061    i.prvProcessTimerOrBlockTask  timers.o
    0x08005b3c   0x00000034   Code   RO         2723    i.prvResetNextTaskUnblockTime  tasks.o
    0x08005b70   0x0000002c   Code   RO         3062    i.prvSampleTimeNow  timers.o
    0x08005b9c   0x000000a0   Code   RO         3063    i.prvSwitchTimerLists  timers.o
    0x08005c3c   0x00000040   Code   RO         3187    i.prvTaskExitError  port.o
    0x08005c7c   0x0000001a   Code   RO         3064    i.prvTimerTask      timers.o
    0x08005c96   0x0000007e   Code   RO         2514    i.prvUnlockQueue    queue.o
    0x08005d14   0x000000b8   Code   RO         3269    i.pvPortMalloc      heap_2.o
    0x08005dcc   0x00000020   Code   RO         2726    i.pvTaskIncrementMutexHeldCount  tasks.o
    0x08005dec   0x0000002c   Code   RO         3188    i.pxPortInitialiseStack  port.o
    0x08005e18   0x0000020c   Code   RO         2030    i.sendPIDValues     main.o
    0x08006024   0x00000074   Code   RO         2031    i.speed             main.o
    0x08006098   0x00000028   Code   RO         2467    i.uxListRemove      list.o
    0x080060c0   0x0000001a   Code   RO         2468    i.vListInitialise   list.o
    0x080060da   0x00000006   Code   RO         2469    i.vListInitialiseItem  list.o
    0x080060e0   0x00000034   Code   RO         2470    i.vListInsert       list.o
    0x08006114   0x00000018   Code   RO         2471    i.vListInsertEnd    list.o
    0x0800612c   0x00000054   Code   RO         3190    i.vPortEnterCritical  port.o
    0x08006180   0x0000003c   Code   RO         3191    i.vPortExitCritical  port.o
    0x080061bc   0x00000040   Code   RO         3270    i.vPortFree         heap_2.o
    0x080061fc   0x00000020   Code   RO         3192    i.vPortSetupTimerInterrupt  port.o
    0x0800621c   0x00000078   Code   RO         3193    i.vPortValidateInterruptPriority  port.o
    0x08006294   0x0000002c   Code   RO         2520    i.vQueueAddToRegistry  queue.o
    0x080062c0   0x0000004a   Code   RO         2524    i.vQueueWaitForMessageRestricted  queue.o
    0x0800630a   0x00000002   PAD
    0x0800630c   0x0000000c   Code   RO         2739    i.vTaskMissedYield  tasks.o
    0x08006318   0x00000038   Code   RO         2741    i.vTaskPlaceOnEventList  tasks.o
    0x08006350   0x00000040   Code   RO         2742    i.vTaskPlaceOnEventListRestricted  tasks.o
    0x08006390   0x000000b0   Code   RO         2744    i.vTaskPriorityInherit  tasks.o
    0x08006440   0x00000030   Code   RO         2748    i.vTaskSetTimeOutState  tasks.o
    0x08006470   0x00000094   Code   RO         2749    i.vTaskStartScheduler  tasks.o
    0x08006504   0x00000010   Code   RO         2751    i.vTaskSuspendAll   tasks.o
    0x08006514   0x0000008c   Code   RO         2752    i.vTaskSwitchContext  tasks.o
    0x080065a0   0x0000013c   Code   RO         3194    i.xPortStartScheduler  port.o
    0x080066dc   0x00000022   Code   RO         2526    i.xQueueCreateMutex  queue.o
    0x080066fe   0x00000058   Code   RO         2527    i.xQueueGenericCreate  queue.o
    0x08006756   0x00000002   PAD
    0x08006758   0x000001c4   Code   RO         2528    i.xQueueGenericReceive  queue.o
    0x0800691c   0x00000098   Code   RO         2529    i.xQueueGenericReset  queue.o
    0x080069b4   0x000001a8   Code   RO         2530    i.xQueueGenericSend  queue.o
    0x08006b5c   0x000000f8   Code   RO         2531    i.xQueueGenericSendFromISR  queue.o
    0x08006c54   0x000000e0   Code   RO         2532    i.xQueueGiveFromISR  queue.o
    0x08006d34   0x0000008c   Code   RO         2753    i.xTaskCheckForTimeOut  tasks.o
    0x08006dc0   0x00000060   Code   RO         2754    i.xTaskCreate       tasks.o
    0x08006e20   0x00000020   Code   RO         2758    i.xTaskGetSchedulerState  tasks.o
    0x08006e40   0x0000000c   Code   RO         2759    i.xTaskGetTickCount  tasks.o
    0x08006e4c   0x00000148   Code   RO         2761    i.xTaskIncrementTick  tasks.o
    0x08006f94   0x000000c8   Code   RO         2764    i.xTaskPriorityDisinherit  tasks.o
    0x0800705c   0x00000098   Code   RO         2765    i.xTaskRemoveFromEventList  tasks.o
    0x080070f4   0x00000104   Code   RO         2767    i.xTaskResumeAll    tasks.o
    0x080071f8   0x00000058   Code   RO         3068    i.xTimerCreateTimerTask  timers.o
    0x08007250   0x00000084   Code   RO         3069    i.xTimerGenericCommand  timers.o
    0x080072d4   0x00000004   PAD
    0x080072d8   0x00000098   Data   RO         3709    .constdata          m_wm.l(atan.o)
    0x08007370   0x00000008   Data   RO         4060    .constdata          m_wm.l(qnan.o)
    0x08007378   0x00000040   Data   RO         4121    .constdata          mc_w.l(ctype_c.o)
    0x080073b8   0x00000020   Data   RO         4125    Region$$Table       anon$$obj.o


    Execution Region RW_IRAM1 (Base: 0x20000000, Size: 0x00015288, Max: 0x00020000, ABSOLUTE, COMPRESSED[0x00000024])

    Base Addr    Size         Type   Attr      Idx    E Section Name        Object

    0x20000000   0x00000014   Data   RW           15    .data               system_stm32f4xx.o
    0x20000014   0x00000010   Data   RW          304    .data               stm32f4xx_rcc.o
    0x20000024   0x00000080   Data   RW         2033    .data               main.o
    0x200000a4   0x00000008   Data   RW         2259    .data               complementaryfilter.o
    0x200000ac   0x0000003c   Data   RW         2770    .data               tasks.o
    0x200000e8   0x00000014   Data   RW         3075    .data               timers.o
    0x200000fc   0x0000000c   Data   RW         3195    .data               port.o
    0x20000108   0x00000018   Data   RW         3274    .data               heap_2.o
    0x20000120   0x00000010   Data   RW         3327    .data               tm_stm32f4_i2c.o
    0x20000130   0x00000028   Data   RW         3600    .data               kalman.o
    0x20000158   0x00000004   Data   RW         4089    .data               mc_w.l(errno.o)
    0x2000015c   0x000003d1   Zero   RW         2032    .bss                main.o
    0x2000052d   0x00000003   PAD
    0x20000530   0x00000040   Zero   RW         2539    .bss                queue.o
    0x20000570   0x000000c8   Zero   RW         2769    .bss                tasks.o
    0x20000638   0x00000028   Zero   RW         3074    .bss                timers.o
    0x20000660   0x00012c00   Zero   RW         3273    .bss                heap_2.o
    0x20013260   0x00000016   Zero   RW         3495    .bss                tm_stm32f4_gpio.o
    0x20013276   0x00000002   PAD
    0x20013278   0x00000010   Zero   RW         3599    .bss                kalman.o
    0x20013288   0x00002000   Zero   RW            1    STACK               startup_stm32f40xx.o


==============================================================================

Image component sizes


      Code (inc. data)   RO Data    RW Data    ZI Data      Debug   Object Name

       424         58          0          0          0       2842   auto_tunning.o
      1364         86          0          8          0       1346   complementaryfilter.o
       228         10          0          0          0       1403   externalinterrupt.o
        56          6          0          0          0        517   extra.o
       304         46          0         24      76800       3727   heap_2.o
       976         82          0         40         16       1893   kalman.o
      1510         80          0          0          0       3930   kalmanca.o
       148          0          0          0          0       3326   list.o
      4468        642          0        128        977      42498   main.o
       120         14          0          0          0       1356   misc.o
       954         92          0         12          0      11997   port.o
      2158         22          0          0         64      24249   queue.o
        36          8        392          0       8192       1048   startup_stm32f40xx.o
       184         16          0          0          0       2728   stm32f4xx_exti.o
       258          0          0          0          0       5881   stm32f4xx_gpio.o
       274         14          0          0          0       2444   stm32f4xx_i2c.o
       328         36          0         16          0       5475   stm32f4xx_rcc.o
        64          4          0          0          0        796   stm32f4xx_syscfg.o
       546         48          0          0          0       7836   stm32f4xx_tim.o
       402          8          0          0          0       5147   stm32f4xx_usart.o
       340         32          0         20          0     295109   system_stm32f4xx.o
      2742        358          0         60        200      24564   tasks.o
       478         32          0          0          0       3898   timer.o
      1142        118          0         20         40      17619   timers.o
       332         10          0          0         22       3293   tm_stm32f4_gpio.o
      1250        104          0         16          0       9548   tm_stm32f4_i2c.o
       496         56          0          0          0       1927   tm_stm32f4_mpu6050.o
       212          8          0          0          0       2841   usart.o

    ----------------------------------------------------------------------
     21828       1994        424        344      86316     489238   Object Totals
         0          0         32          0          0          0   (incl. Generated)
        34          4          0          0          5          0   (incl. Padding)

    ----------------------------------------------------------------------

      Code (inc. data)   RO Data    RW Data    ZI Data      Debug   Library Member Name

       744        106        152          0          0        352   atan.o
       496         64          0          0          0        192   atan2.o
        72          8          0          0          0        372   dunder.o
        24          0          0          0          0        124   fabs.o
        48          0          0          0          0        124   fpclassify.o
       248          0          0          0          0        152   poly.o
         0          0          8          0          0          0   qnan.o
       122          0          0          0          0        148   sqrt.o
        56         14          0          0          0        128   strtof.o
        86          0          0          0          0          0   __dczerorl2.o
        64          0          0          0          0         84   _sgetc.o
        40          6         64          0          0         68   ctype_c.o
         0          0          0          0          0          0   entry.o
         0          0          0          0          0          0   entry10a.o
         0          0          0          0          0          0   entry11a.o
         8          4          0          0          0          0   entry2.o
         4          0          0          0          0          0   entry5.o
         0          0          0          0          0          0   entry7b.o
         0          0          0          0          0          0   entry8b.o
         8          4          0          0          0          0   entry9a.o
        12          6          0          4          0         68   errno.o
        30          0          0          0          0          0   handlers.o
        36          8          0          0          0         68   init.o
        10          0          0          0          0         68   isspace_c.o
         0          0          0          0          0          0   iusefp.o
        30          0          0          0          0         68   llshl.o
        36          0          0          0          0         68   llsshr.o
        32          0          0          0          0         68   llushr.o
        36          0          0          0          0         68   memcpya.o
        36          0          0          0          0        108   memseta.o
      2256         84          0          0          0        512   printfa.o
       838         12          0          0          0        216   scanf_fp.o
       156         14          0          0          0        120   strtod.o
        44          0          0          0          0         80   uidiv.o
        98          0          0          0          0         92   uldiv.o
        48          0          0          0          0         68   cdrcmple.o
        56          0          0          0          0         88   d2f.o
       334          0          0          0          0        148   dadd.o
       222          0          0          0          0        100   ddiv.o
       186          0          0          0          0        176   depilogue.o
        48          0          0          0          0         68   dfixul.o
        34          0          0          0          0         76   dflti.o
        24          0          0          0          0         76   dfltul.o
       228          0          0          0          0         96   dmul.o
       162          0          0          0          0        100   dsqrt.o
        38          0          0          0          0         68   f2d.o
       110          0          0          0          0        168   fepilogue.o

    ----------------------------------------------------------------------
      7180        330        224          4          0       4580   Library Totals
        20          0          0          0          0          0   (incl. Padding)

    ----------------------------------------------------------------------

      Code (inc. data)   RO Data    RW Data    ZI Data      Debug   Library Name

      1810        192        160          0          0       1592   m_wm.l
      3860        138         64          4          0       1756   mc_w.l
      1490          0          0          0          0       1232   mf_w.l

    ----------------------------------------------------------------------
      7180        330        224          4          0       4580   Library Totals

    ----------------------------------------------------------------------

==============================================================================


      Code (inc. data)   RO Data    RW Data    ZI Data      Debug   

     29008       2324        648        348      86316     475342   Grand Totals
     29008       2324        648         36      86316     475342   ELF Image Totals (compressed)
     29008       2324        648         36          0          0   ROM Totals

==============================================================================

    Total RO  Size (Code + RO Data)                29656 (  28.96kB)
    Total RW  Size (RW Data + ZI Data)             86664 (  84.63kB)
    Total ROM Size (Code + RO Data + RW Data)      29692 (  29.00kB)

==============================================================================

