Component: ARM Compiler 5.05 update 1 (build 106) Tool: armlink [4d0efa]

==============================================================================

Section Cross References

    startup_stm32f40xx.o(RESET) refers to startup_stm32f40xx.o(STACK) for __initial_sp
    startup_stm32f40xx.o(RESET) refers to startup_stm32f40xx.o(.text) for Reset_Handler
    startup_stm32f40xx.o(RESET) refers to port.o(.emb_text) for SVC_Handler
    startup_stm32f40xx.o(RESET) refers to port.o(i.SysTick_Handler) for SysTick_Handler
    startup_stm32f40xx.o(RESET) refers to main.o(i.EXTI0_IRQHandler) for EXTI0_IRQHandler
    startup_stm32f40xx.o(RESET) refers to main.o(i.EXTI3_IRQHandler) for EXTI3_IRQHandler
    startup_stm32f40xx.o(RESET) refers to main.o(i.TIM2_IRQHandler) for TIM2_IRQHandler
    startup_stm32f40xx.o(RESET) refers to main.o(i.USART1_IRQHandler) for USART1_IRQHandler
    startup_stm32f40xx.o(RESET) refers to main.o(i.TIM5_IRQHandler) for TIM5_IRQHandler
    startup_stm32f40xx.o(.text) refers to system_stm32f4xx.o(i.SystemInit) for SystemInit
    startup_stm32f40xx.o(.text) refers to entry.o(.ARM.Collect$$$$00000000) for __main
    system_stm32f4xx.o(i.SystemCoreClockUpdate) refers to system_stm32f4xx.o(.data) for SystemCoreClock
    system_stm32f4xx.o(i.SystemInit) refers to system_stm32f4xx.o(i.SetSysClock) for SetSysClock
    stm32f4xx_gpio.o(i.GPIO_DeInit) refers to stm32f4xx_rcc.o(i.RCC_AHB1PeriphResetCmd) for RCC_AHB1PeriphResetCmd
    stm32f4xx_rcc.o(i.RCC_GetClocksFreq) refers to stm32f4xx_rcc.o(.data) for APBAHBPrescTable
    stm32f4xx_rcc.o(i.RCC_WaitForHSEStartUp) refers to stm32f4xx_rcc.o(i.RCC_GetFlagStatus) for RCC_GetFlagStatus
    stm32f4xx_spi.o(i.SPI_I2S_DeInit) refers to stm32f4xx_rcc.o(i.RCC_APB2PeriphResetCmd) for RCC_APB2PeriphResetCmd
    stm32f4xx_spi.o(i.SPI_I2S_DeInit) refers to stm32f4xx_rcc.o(i.RCC_APB1PeriphResetCmd) for RCC_APB1PeriphResetCmd
    stm32f4xx_i2c.o(i.I2C_DeInit) refers to stm32f4xx_rcc.o(i.RCC_APB1PeriphResetCmd) for RCC_APB1PeriphResetCmd
    stm32f4xx_i2c.o(i.I2C_Init) refers to stm32f4xx_rcc.o(i.RCC_GetClocksFreq) for RCC_GetClocksFreq
    stm32f4xx_tim.o(i.TIM_DeInit) refers to stm32f4xx_rcc.o(i.RCC_APB2PeriphResetCmd) for RCC_APB2PeriphResetCmd
    stm32f4xx_tim.o(i.TIM_DeInit) refers to stm32f4xx_rcc.o(i.RCC_APB1PeriphResetCmd) for RCC_APB1PeriphResetCmd
    stm32f4xx_tim.o(i.TIM_ETRClockMode1Config) refers to stm32f4xx_tim.o(i.TIM_ETRConfig) for TIM_ETRConfig
    stm32f4xx_tim.o(i.TIM_ETRClockMode2Config) refers to stm32f4xx_tim.o(i.TIM_ETRConfig) for TIM_ETRConfig
    stm32f4xx_tim.o(i.TIM_ICInit) refers to stm32f4xx_tim.o(i.TI1_Config) for TI1_Config
    stm32f4xx_tim.o(i.TIM_ICInit) refers to stm32f4xx_tim.o(i.TIM_SetIC1Prescaler) for TIM_SetIC1Prescaler
    stm32f4xx_tim.o(i.TIM_ICInit) refers to stm32f4xx_tim.o(i.TI2_Config) for TI2_Config
    stm32f4xx_tim.o(i.TIM_ICInit) refers to stm32f4xx_tim.o(i.TIM_SetIC2Prescaler) for TIM_SetIC2Prescaler
    stm32f4xx_tim.o(i.TIM_ICInit) refers to stm32f4xx_tim.o(i.TI3_Config) for TI3_Config
    stm32f4xx_tim.o(i.TIM_ICInit) refers to stm32f4xx_tim.o(i.TIM_SetIC3Prescaler) for TIM_SetIC3Prescaler
    stm32f4xx_tim.o(i.TIM_ICInit) refers to stm32f4xx_tim.o(i.TI4_Config) for TI4_Config
    stm32f4xx_tim.o(i.TIM_ICInit) refers to stm32f4xx_tim.o(i.TIM_SetIC4Prescaler) for TIM_SetIC4Prescaler
    stm32f4xx_tim.o(i.TIM_ITRxExternalClockConfig) refers to stm32f4xx_tim.o(i.TIM_SelectInputTrigger) for TIM_SelectInputTrigger
    stm32f4xx_tim.o(i.TIM_PWMIConfig) refers to stm32f4xx_tim.o(i.TI1_Config) for TI1_Config
    stm32f4xx_tim.o(i.TIM_PWMIConfig) refers to stm32f4xx_tim.o(i.TIM_SetIC1Prescaler) for TIM_SetIC1Prescaler
    stm32f4xx_tim.o(i.TIM_PWMIConfig) refers to stm32f4xx_tim.o(i.TI2_Config) for TI2_Config
    stm32f4xx_tim.o(i.TIM_PWMIConfig) refers to stm32f4xx_tim.o(i.TIM_SetIC2Prescaler) for TIM_SetIC2Prescaler
    stm32f4xx_tim.o(i.TIM_TIxExternalClockConfig) refers to stm32f4xx_tim.o(i.TI2_Config) for TI2_Config
    stm32f4xx_tim.o(i.TIM_TIxExternalClockConfig) refers to stm32f4xx_tim.o(i.TI1_Config) for TI1_Config
    stm32f4xx_tim.o(i.TIM_TIxExternalClockConfig) refers to stm32f4xx_tim.o(i.TIM_SelectInputTrigger) for TIM_SelectInputTrigger
    stm32f4xx_syscfg.o(i.SYSCFG_DeInit) refers to stm32f4xx_rcc.o(i.RCC_APB2PeriphResetCmd) for RCC_APB2PeriphResetCmd
    stm32f4xx_usart.o(i.USART_DeInit) refers to stm32f4xx_rcc.o(i.RCC_APB2PeriphResetCmd) for RCC_APB2PeriphResetCmd
    stm32f4xx_usart.o(i.USART_DeInit) refers to stm32f4xx_rcc.o(i.RCC_APB1PeriphResetCmd) for RCC_APB1PeriphResetCmd
    stm32f4xx_usart.o(i.USART_Init) refers to stm32f4xx_rcc.o(i.RCC_GetClocksFreq) for RCC_GetClocksFreq
    main.o(i.Acquisition_Function) refers to queue.o(i.xQueueGenericReceive) for xQueueGenericReceive
    main.o(i.Acquisition_Function) refers to tm_stm32f4_mpu6050.o(i.TM_MPU6050_ReadAll) for TM_MPU6050_ReadAll
[...]
    i.TM_I2C_Init                            0x080028d8   Section        0  tm_stm32f4_i2c.o(i.TM_I2C_Init)
    i.TM_I2C_InitCustomPinsCallback          0x080029ec   Section        0  tm_stm32f4_i2c.o(i.TM_I2C_InitCustomPinsCallback)
    i.TM_I2C_IsDeviceConnected               0x080029ee   Section        0  tm_stm32f4_i2c.o(i.TM_I2C_IsDeviceConnected)
    i.TM_I2C_Read                            0x08002a10   Section        0  tm_stm32f4_i2c.o(i.TM_I2C_Read)
    i.TM_I2C_ReadAck                         0x08002a50   Section        0  tm_stm32f4_i2c.o(i.TM_I2C_ReadAck)
    i.TM_I2C_ReadMulti                       0x08002a94   Section        0  tm_stm32f4_i2c.o(i.TM_I2C_ReadMulti)
    i.TM_I2C_ReadNack                        0x08002aec   Section        0  tm_stm32f4_i2c.o(i.TM_I2C_ReadNack)
    i.TM_I2C_Start                           0x08002b38   Section        0  tm_stm32f4_i2c.o(i.TM_I2C_Start)
    i.TM_I2C_Stop                            0x08002be8   Section        0  tm_stm32f4_i2c.o(i.TM_I2C_Stop)
    i.TM_I2C_Write                           0x08002c28   Section        0  tm_stm32f4_i2c.o(i.TM_I2C_Write)
    i.TM_I2C_WriteData                       0x08002c5c   Section        0  tm_stm32f4_i2c.o(i.TM_I2C_WriteData)
    i.TM_MPU6050_Init                        0x08002c88   Section        0  tm_stm32f4_mpu6050.o(i.TM_MPU6050_Init)
    i.TM_MPU6050_ReadAll                     0x08002dbc   Section        0  tm_stm32f4_mpu6050.o(i.TM_MPU6050_ReadAll)
    i.Test                                   0x08002e78   Section        0  main.o(i.Test)
    Test                                     0x08002e79   Thumb Code    14  main.o(i.Test)
    i.Timer2_Init_AcquisitionTick            0x08002e8c   Section        0  timer.o(i.Timer2_Init_AcquisitionTick)
    i.Timer5_Init_EncodersTick               0x08002ee8   Section        0  timer.o(i.Timer5_Init_EncodersTick)
    i.TimerGPIO_Init                         0x08002f44   Section        0  timer.o(i.TimerGPIO_Init)
    i.USART1_IRQHandler                      0x08002f8c   Section        0  main.o(i.USART1_IRQHandler)
    i.USART_Cmd                              0x08003014   Section        0  stm32f4xx_usart.o(i.USART_Cmd)
    i.USART_GetITStatus                      0x0800302c   Section        0  stm32f4xx_usart.o(i.USART_GetITStatus)
    i.USART_ITConfig                         0x08003080   Section        0  stm32f4xx_usart.o(i.USART_ITConfig)
    i.USART_Init                             0x080030cc   Section        0  stm32f4xx_usart.o(i.USART_Init)
    i.USART_Receive_Function                 0x080031a0   Section        0  main.o(i.USART_Receive_Function)
    USART_Receive_Function                   0x080031a1   Thumb Code    32  main.o(i.USART_Receive_Function)
    i.USART_SendData                         0x080031cc   Section        0  stm32f4xx_usart.o(i.USART_SendData)
    i.USART_puts                             0x080031d4   Section        0  usart.o(i.USART_puts)
    i.UpdatePWMDutyCycle                     0x080031fc   Section        0  timer.o(i.UpdatePWMDutyCycle)
    i.Update_Encoder                         0x08003214   Section        0  main.o(i.Update_Encoder)
    Update_Encoder                           0x08003215   Thumb Code   170  main.o(i.Update_Encoder)
    i.__0snprintf                            0x080032cc   Section        0  printfa.o(i.__0snprintf)
    i.__ARM_fpclassify                       0x080032f4   Section        0  fpclassify.o(i.__ARM_fpclassify)
    i.__hardfp_atan                          0x08003328   Section        0  atan.o(i.__hardfp_atan)
    i.__hardfp_atan2                         0x08003600   Section        0  atan2.o(i.__hardfp_atan2)
    i.__hardfp_sqrt                          0x080037f0   Section        0  sqrt.o(i.__hardfp_sqrt)
    i.__hardfp_strtof                        0x08003870   Section        0  strtof.o(i.__hardfp_strtof)
    i.__kernel_poly                          0x080038a8   Section        0  poly.o(i.__kernel_poly)
    i.__mathlib_dbl_infnan                   0x080039a0   Section        0  dunder.o(i.__mathlib_dbl_infnan)
    i.__mathlib_dbl_infnan2                  0x080039b4   Section        0  dunder.o(i.__mathlib_dbl_infnan2)
    i.__mathlib_dbl_underflow                0x080039c8   Section        0  dunder.o(i.__mathlib_dbl_underflow)
    i.__scatterload_copy                     0x080039e8   Section       14  handlers.o(i.__scatterload_copy)
    i.__scatterload_null                     0x080039f6   Section        2  handlers.o(i.__scatterload_null)
    i.__scatterload_zeroinit                 0x080039f8   Section       14  handlers.o(i.__scatterload_zeroinit)
    i.__set_errno                            0x08003a08   Section        0  errno.o(i.__set_errno)
    i._fp_digits                             0x08003a14   Section        0  printfa.o(i._fp_digits)
    _fp_digits                               0x08003a15   Thumb Code   334  printfa.o(i._fp_digits)
    i._is_digit                              0x08003b78   Section        0  scanf_fp.o(i._is_digit)
    i._printf_core                           0x08003b88   Section        0  printfa.o(i._printf_core)
    _printf_core                             0x08003b89   Thumb Code  1744  printfa.o(i._printf_core)
    i._printf_post_padding                   0x08004264   Section        0  printfa.o(i._printf_post_padding)
    _printf_post_padding                     0x08004265   Thumb Code    36  printfa.o(i._printf_post_padding)
    i._printf_pre_padding                    0x08004288   Section        0  printfa.o(i._printf_pre_padding)
    _printf_pre_padding                      0x08004289   Thumb Code    46  printfa.o(i._printf_pre_padding)
    i._snputc                                0x080042b6   Section        0  printfa.o(i._snputc)
    _snputc                                  0x080042b7   Thumb Code    22  printfa.o(i._snputc)
    i.atan                                   0x080042cc   Section        0  atan.o(i.atan)
    i.changePIDValues                        0x080042dc   Section        0  main.o(i.changePIDValues)
    i.commandHandler                         0x08004428   Section        0  main.o(i.commandHandler)
    i.fabs                                   0x080044b8   Section        0  fabs.o(i.fabs)
    i.getAngle                               0x080044d0   Section        0  kalman.o(i.getAngle)
    i.init_USART1                            0x08004820   Section        0  usart.o(i.init_USART1)
    i.main                                   0x080048cc   Section        0  main.o(i.main)
    i.prvAddCurrentTaskToDelayedList         0x08004a60   Section        0  tasks.o(i.prvAddCurrentTaskToDelayedList)
    prvAddCurrentTaskToDelayedList           0x08004a61   Thumb Code   124  tasks.o(i.prvAddCurrentTaskToDelayedList)
    i.prvAddNewTaskToReadyList               0x08004af8   Section        0  tasks.o(i.prvAddNewTaskToReadyList)
    prvAddNewTaskToReadyList                 0x08004af9   Thumb Code   156  tasks.o(i.prvAddNewTaskToReadyList)
    i.prvCheckForValidListAndQueue           0x08004bb0   Section        0  timers.o(i.prvCheckForValidListAndQueue)
    prvCheckForValidListAndQueue             0x08004bb1   Thumb Code    72  timers.o(i.prvCheckForValidListAndQueue)
    i.prvCheckTasksWaitingTermination        0x08004c14   Section        0  tasks.o(i.prvCheckTasksWaitingTermination)
    prvCheckTasksWaitingTermination          0x08004c15   Thumb Code    86  tasks.o(i.prvCheckTasksWaitingTermination)
    i.prvCopyDataFromQueue                   0x08004c78   Section        0  queue.o(i.prvCopyDataFromQueue)
    prvCopyDataFromQueue                     0x08004c79   Thumb Code    42  queue.o(i.prvCopyDataFromQueue)
    i.prvCopyDataToQueue                     0x08004ca2   Section        0  queue.o(i.prvCopyDataToQueue)
    prvCopyDataToQueue                       0x08004ca3   Thumb Code   124  queue.o(i.prvCopyDataToQueue)
    i.prvDeleteTCB                           0x08004d1e   Section        0  tasks.o(i.prvDeleteTCB)
    prvDeleteTCB                             0x08004d1f   Thumb Code    18  tasks.o(i.prvDeleteTCB)
    i.prvGetNextExpireTime                   0x08004d30   Section        0  timers.o(i.prvGetNextExpireTime)
    prvGetNextExpireTime                     0x08004d31   Thumb Code    36  timers.o(i.prvGetNextExpireTime)
    i.prvHeapInit                            0x08004d58   Section        0  heap_2.o(i.prvHeapInit)
    prvHeapInit                              0x08004d59   Thumb Code    38  heap_2.o(i.prvHeapInit)
    i.prvIdleTask                            0x08004d90   Section        0  tasks.o(i.prvIdleTask)
    prvIdleTask                              0x08004d91   Thumb Code    32  tasks.o(i.prvIdleTask)
    i.prvInitialiseMutex                     0x08004db8   Section        0  queue.o(i.prvInitialiseMutex)
    prvInitialiseMutex                       0x08004db9   Thumb Code    28  queue.o(i.prvInitialiseMutex)
    i.prvInitialiseNewQueue                  0x08004dd4   Section        0  queue.o(i.prvInitialiseNewQueue)
    prvInitialiseNewQueue                    0x08004dd5   Thumb Code    42  queue.o(i.prvInitialiseNewQueue)
    i.prvInitialiseNewTask                   0x08004dfe   Section        0  tasks.o(i.prvInitialiseNewTask)
    prvInitialiseNewTask                     0x08004dff   Thumb Code   180  tasks.o(i.prvInitialiseNewTask)
    i.prvInitialiseTaskLists                 0x08004eb4   Section        0  tasks.o(i.prvInitialiseTaskLists)
    prvInitialiseTaskLists                   0x08004eb5   Thumb Code    70  tasks.o(i.prvInitialiseTaskLists)
    i.prvInsertTimerInActiveList             0x08004f1c   Section        0  timers.o(i.prvInsertTimerInActiveList)
    prvInsertTimerInActiveList               0x08004f1d   Thumb Code    80  timers.o(i.prvInsertTimerInActiveList)
    i.prvIsQueueEmpty                        0x08004f74   Section        0  queue.o(i.prvIsQueueEmpty)
    prvIsQueueEmpty                          0x08004f75   Thumb Code    26  queue.o(i.prvIsQueueEmpty)
    i.prvIsQueueFull                         0x08004f8e   Section        0  queue.o(i.prvIsQueueFull)
    prvIsQueueFull                           0x08004f8f   Thumb Code    30  queue.o(i.prvIsQueueFull)
    i.prvProcessExpiredTimer                 0x08004fac   Section        0  timers.o(i.prvProcessExpiredTimer)
    prvProcessExpiredTimer                   0x08004fad   Thumb Code    94  timers.o(i.prvProcessExpiredTimer)
    i.prvProcessReceivedCommands             0x08005010   Section        0  timers.o(i.prvProcessReceivedCommands)
    prvProcessReceivedCommands               0x08005011   Thumb Code   242  timers.o(i.prvProcessReceivedCommands)
    i.prvProcessTimerOrBlockTask             0x08005108   Section        0  timers.o(i.prvProcessTimerOrBlockTask)
    prvProcessTimerOrBlockTask               0x08005109   Thumb Code   102  timers.o(i.prvProcessTimerOrBlockTask)
    i.prvResetNextTaskUnblockTime            0x0800517c   Section        0  tasks.o(i.prvResetNextTaskUnblockTime)
    prvResetNextTaskUnblockTime              0x0800517d   Thumb Code    42  tasks.o(i.prvResetNextTaskUnblockTime)
    i.prvSampleTimeNow                       0x080051b0   Section        0  timers.o(i.prvSampleTimeNow)
    prvSampleTimeNow                         0x080051b1   Thumb Code    40  timers.o(i.prvSampleTimeNow)
    i.prvSwitchTimerLists                    0x080051dc   Section        0  timers.o(i.prvSwitchTimerLists)
    prvSwitchTimerLists                      0x080051dd   Thumb Code   150  timers.o(i.prvSwitchTimerLists)
    i.prvTaskExitError                       0x0800527c   Section        0  port.o(i.prvTaskExitError)
    prvTaskExitError                         0x0800527d   Thumb Code    60  port.o(i.prvTaskExitError)
    i.prvTimerTask                           0x080052bc   Section        0  timers.o(i.prvTimerTask)
    prvTimerTask                             0x080052bd   Thumb Code    26  timers.o(i.prvTimerTask)
    i.prvUnlockQueue                         0x080052d6   Section        0  queue.o(i.prvUnlockQueue)
    prvUnlockQueue                           0x080052d7   Thumb Code   126  queue.o(i.prvUnlockQueue)
    i.pvPortMalloc                           0x08005354   Section        0  heap_2.o(i.pvPortMalloc)
    i.pvTaskIncrementMutexHeldCount          0x0800540c   Section        0  tasks.o(i.pvTaskIncrementMutexHeldCount)
    i.pxPortInitialiseStack                  0x0800542c   Section        0  port.o(i.pxPortInitialiseStack)
    i.sendPIDValues                          0x08005458   Section        0  main.o(i.sendPIDValues)
    i.speed                                  0x08005664   Section        0  main.o(i.speed)
    i.uxListRemove                           0x080056d0   Section        0  list.o(i.uxListRemove)
    i.vListInitialise                        0x080056f8   Section        0  list.o(i.vListInitialise)
    i.vListInitialiseItem                    0x08005712   Section        0  list.o(i.vListInitialiseItem)
    i.vListInsert                            0x08005718   Section        0  list.o(i.vListInsert)
    i.vListInsertEnd                         0x0800574c   Section        0  list.o(i.vListInsertEnd)
    i.vPortEnterCritical                     0x08005764   Section        0  port.o(i.vPortEnterCritical)
    i.vPortExitCritical                      0x080057b8   Section        0  port.o(i.vPortExitCritical)
    i.vPortFree                              0x080057f4   Section        0  heap_2.o(i.vPortFree)
    i.vPortSetupTimerInterrupt               0x08005834   Section        0  port.o(i.vPortSetupTimerInterrupt)
    i.vPortValidateInterruptPriority         0x08005854   Section        0  port.o(i.vPortValidateInterruptPriority)
    i.vQueueAddToRegistry                    0x080058cc   Section        0  queue.o(i.vQueueAddToRegistry)
    i.vQueueWaitForMessageRestricted         0x080058f8   Section        0  queue.o(i.vQueueWaitForMessageRestricted)
    i.vTaskMissedYield                       0x08005944   Section        0  tasks.o(i.vTaskMissedYield)
    i.vTaskPlaceOnEventList                  0x08005950   Section        0  tasks.o(i.vTaskPlaceOnEventList)
    i.vTaskPlaceOnEventListRestricted        0x08005988   Section        0  tasks.o(i.vTaskPlaceOnEventListRestricted)
    i.vTaskPriorityInherit                   0x080059c8   Section        0  tasks.o(i.vTaskPriorityInherit)
    i.vTaskSetTimeOutState                   0x08005a78   Section        0  tasks.o(i.vTaskSetTimeOutState)
    i.vTaskStartScheduler                    0x08005aa8   Section        0  tasks.o(i.vTaskStartScheduler)
    i.vTaskSuspendAll                        0x08005b3c   Section        0  tasks.o(i.vTaskSuspendAll)
    i.vTaskSwitchContext                     0x08005b4c   Section        0  tasks.o(i.vTaskSwitchContext)
    i.xPortStartScheduler                    0x08005bd8   Section        0  port.o(i.xPortStartScheduler)
    i.xQueueCreateMutex                      0x08005d14   Section        0  queue.o(i.xQueueCreateMutex)
    i.xQueueGenericCreate                    0x08005d36   Section        0  queue.o(i.xQueueGenericCreate)
    i.xQueueGenericReceive                   0x08005d90   Section        0  queue.o(i.xQueueGenericReceive)
    i.xQueueGenericReset                     0x08005f54   Section        0  queue.o(i.xQueueGenericReset)
    i.xQueueGenericSend                      0x08005fec   Section        0  queue.o(i.xQueueGenericSend)
    i.xQueueGenericSendFromISR               0x08006194   Section        0  queue.o(i.xQueueGenericSendFromISR)
    i.xQueueGiveFromISR                      0x0800628c   Section        0  queue.o(i.xQueueGiveFromISR)
    i.xTaskCheckForTimeOut                   0x0800636c   Section        0  tasks.o(i.xTaskCheckForTimeOut)
    i.xTaskCreate                            0x080063f8   Section        0  tasks.o(i.xTaskCreate)
    i.xTaskGetSchedulerState                 0x08006458   Section        0  tasks.o(i.xTaskGetSchedulerState)
    i.xTaskGetTickCount                      0x08006478   Section        0  tasks.o(i.xTaskGetTickCount)
    i.xTaskIncrementTick                     0x08006484   Section        0  tasks.o(i.xTaskIncrementTick)
    i.xTaskPriorityDisinherit                0x080065cc   Section        0  tasks.o(i.xTaskPriorityDisinherit)
    i.xTaskRemoveFromEventList               0x08006694   Section        0  tasks.o(i.xTaskRemoveFromEventList)
    i.xTaskResumeAll                         0x0800672c   Section        0  tasks.o(i.xTaskResumeAll)
    i.xTimerCreateTimerTask                  0x08006830   Section        0  timers.o(i.xTimerCreateTimerTask)
    i.xTimerGenericCommand                   0x08006888   Section        0  timers.o(i.xTimerGenericCommand)
    .constdata                               0x08006910   Section      152  atan.o(.constdata)
    atanhi                                   0x08006910   Data          32  atan.o(.constdata)
    atanlo                                   0x08006930   Data          32  atan.o(.constdata)
    aTodd                                    0x08006950   Data          40  atan.o(.constdata)
    aTeven                                   0x08006978   Data          48  atan.o(.constdata)
    .constdata                               0x080069a8   Section        8  qnan.o(.constdata)
    .constdata                               0x080069b0   Section       64  ctype_c.o(.constdata)
    .data                                    0x20000000   Section       20  system_stm32f4xx.o(.data)
    .data                                    0x20000014   Section       16  stm32f4xx_rcc.o(.data)
    APBAHBPrescTable                         0x20000014   Data          16  stm32f4xx_rcc.o(.data)
    .data                                    0x20000024   Section       92  main.o(.data)
    xHigherPriorityTaskWoken                 0x20000074   Data           4  main.o(.data)
    cnt                                      0x20000078   Data           1  main.o(.data)
    i                                        0x2000007c   Data           4  main.o(.data)
    .data                                    0x20000080   Section        8  complementaryfilter.o(.data)
    X_Angle_3                                0x20000080   Data           4  complementaryfilter.o(.data)
    Y_Angle_3                                0x20000084   Data           4  complementaryfilter.o(.data)
    .data                                    0x20000088   Section       60  tasks.o(.data)
    pxDelayedTaskList                        0x2000008c   Data           4  tasks.o(.data)
    pxOverflowDelayedTaskList                0x20000090   Data           4  tasks.o(.data)
    uxDeletedTasksWaitingCleanUp             0x20000094   Data           4  tasks.o(.data)
    uxCurrentNumberOfTasks                   0x20000098   Data           4  tasks.o(.data)
    xTickCount                               0x2000009c   Data           4  tasks.o(.data)
    uxTopReadyPriority                       0x200000a0   Data           4  tasks.o(.data)
    xSchedulerRunning                        0x200000a4   Data           4  tasks.o(.data)
    uxPendedTicks                            0x200000a8   Data           4  tasks.o(.data)
    xYieldPending                            0x200000ac   Data           4  tasks.o(.data)
    xNumOfOverflows                          0x200000b0   Data           4  tasks.o(.data)
    uxTaskNumber                             0x200000b4   Data           4  tasks.o(.data)
    xNextTaskUnblockTime                     0x200000b8   Data           4  tasks.o(.data)
    xIdleTaskHandle                          0x200000bc   Data           4  tasks.o(.data)
    uxSchedulerSuspended                     0x200000c0   Data           4  tasks.o(.data)
    .data                                    0x200000c4   Section       20  timers.o(.data)
    pxCurrentTimerList                       0x200000c4   Data           4  timers.o(.data)
    pxOverflowTimerList                      0x200000c8   Data           4  timers.o(.data)
    xTimerQueue                              0x200000cc   Data           4  timers.o(.data)
    xTimerTaskHandle                         0x200000d0   Data           4  timers.o(.data)
    xLastTime                                0x200000d4   Data           4  timers.o(.data)
    .data                                    0x200000d8   Section       12  port.o(.data)
    uxCriticalNesting                        0x200000d8   Data           4  port.o(.data)
    ucMaxSysCallPriority                     0x200000dc   Data           1  port.o(.data)
    ulMaxPRIGROUPValue                       0x200000e0   Data           4  port.o(.data)
    .data                                    0x200000e4   Section       24  heap_2.o(.data)
    xStart                                   0x200000e4   Data           8  heap_2.o(.data)
    xEnd                                     0x200000ec   Data           8  heap_2.o(.data)
    xFreeBytesRemaining                      0x200000f4   Data           4  heap_2.o(.data)
    xHeapHasBeenInitialised                  0x200000f8   Data           4  heap_2.o(.data)
    .data                                    0x200000fc   Section       16  tm_stm32f4_i2c.o(.data)
    TM_I2C_Timeout                           0x200000fc   Data           4  tm_stm32f4_i2c.o(.data)
    TM_I2C_INT_Clocks                        0x20000100   Data          12  tm_stm32f4_i2c.o(.data)
    .data                                    0x2000010c   Section       40  kalman.o(.data)
    Q_angle                                  0x2000010c   Data           4  kalman.o(.data)
    Q_bias                                   0x20000110   Data           4  kalman.o(.data)
    R_measure                                0x20000114   Data           4  kalman.o(.data)
    angle                                    0x20000118   Data           4  kalman.o(.data)
    bias                                     0x2000011c   Data           4  kalman.o(.data)
    rate                                     0x20000120   Data           4  kalman.o(.data)
    K                                        0x20000124   Data           8  kalman.o(.data)
    y                                        0x2000012c   Data           4  kalman.o(.data)
    S                                        0x20000130   Data           4  kalman.o(.data)
    .data                                    0x20000134   Section        4  errno.o(.data)
    _errno                                   0x20000134   Data           4  errno.o(.data)
    .bss                                     0x20000138   Section      221  main.o(.bss)
    received_string                          0x200001dc   Data          45  main.o(.bss)
    received_string                          0x20000209   Data          12  main.o(.bss)
    .bss                                     0x20000218   Section       64  queue.o(.bss)
    .bss                                     0x20000258   Section      200  tasks.o(.bss)
    pxReadyTasksLists                        0x20000258   Data         100  tasks.o(.bss)
    xDelayedTaskList1                        0x200002bc   Data          20  tasks.o(.bss)
    xDelayedTaskList2                        0x200002d0   Data          20  tasks.o(.bss)
    xPendingReadyList                        0x200002e4   Data          20  tasks.o(.bss)
    xTasksWaitingTermination                 0x200002f8   Data          20  tasks.o(.bss)
    xSuspendedTaskList                       0x2000030c   Data          20  tasks.o(.bss)
    .bss                                     0x20000320   Section       40  timers.o(.bss)
    xActiveTimerList1                        0x20000320   Data          20  timers.o(.bss)
    xActiveTimerList2                        0x20000334   Data          20  timers.o(.bss)
    .bss                                     0x20000348   Section    76800  heap_2.o(.bss)
    ucHeap                                   0x20000348   Data       76800  heap_2.o(.bss)
    .bss                                     0x20012f48   Section       22  tm_stm32f4_gpio.o(.bss)
    GPIO_UsedPins                            0x20012f48   Data          22  tm_stm32f4_gpio.o(.bss)
    .bss                                     0x20012f60   Section       16  kalman.o(.bss)
    P                                        0x20012f60   Data          16  kalman.o(.bss)
    STACK                                    0x20012f70   Section     8192  startup_stm32f40xx.o(STACK)

    Global Symbols

    Symbol Name                              Value     Ov Type        Size  Object(Section)

    BuildAttributes$$THM_ISAv4$E$P$D$K$B$S$7EM$VFPi3$EXTD16$VFPS$VFMA$PE$A:L22UL41UL21$X:L11$S22US41US21$IEEE1$IW$USESV6$~STKCKD$USESV7$~SHL$OTIME$ROPI$IEEEX$EBA8$MICROLIB$REQ8$PRES8$EABIv2 0x00000000   Number         0  anon$$obj.o ABSOLUTE
    __ARM_use_no_argv                        0x00000000   Number         0  main.o ABSOLUTE
    _printf_a                                0x00000000   Number         0  stubs.o ABSOLUTE
    _printf_c                                0x00000000   Number         0  stubs.o ABSOLUTE
    _printf_charcount                        0x00000000   Number         0  stubs.o ABSOLUTE
    _printf_d                                0x00000000   Number         0  stubs.o ABSOLUTE
    _printf_e                                0x00000000   Number         0  stubs.o ABSOLUTE
    _printf_f                                0x00000000   Number         0  stubs.o ABSOLUTE
    _printf_flags                            0x00000000   Number         0  stubs.o ABSOLUTE
    _printf_fp_dec                           0x00000000   Number         0  stubs.o ABSOLUTE
    _printf_fp_hex                           0x00000000   Number         0  stubs.o ABSOLUTE
    _printf_g                                0x00000000   Number         0  stubs.o ABSOLUTE
    _printf_i                                0x00000000   Number         0  stubs.o ABSOLUTE
    _printf_int_dec                          0x00000000   Number         0  stubs.o ABSOLUTE
    _printf_l                                0x00000000   Number         0  stubs.o ABSOLUTE
    _printf_lc                               0x00000000   Number         0  stubs.o ABSOLUTE
    _printf_ll                               0x00000000   Number         0  stubs.o ABSOLUTE
    _printf_lld                              0x00000000   Number         0  stubs.o ABSOLUTE
    _printf_lli                              0x00000000   Number         0  stubs.o ABSOLUTE
    _printf_llo                              0x00000000   Number         0  stubs.o ABSOLUTE
    _printf_llu                              0x00000000   Number         0  stubs.o ABSOLUTE
    _printf_llx                              0x00000000   Number         0  stubs.o ABSOLUTE
    _printf_longlong_dec                     0x00000000   Number         0  stubs.o ABSOLUTE
    _printf_longlong_hex                     0x00000000   Number         0  stubs.o ABSOLUTE
    _printf_longlong_oct                     0x00000000   Number         0  stubs.o ABSOLUTE
    _printf_ls                               0x00000000   Number         0  stubs.o ABSOLUTE
    _printf_mbtowc                           0x00000000   Number         0  stubs.o ABSOLUTE
    _printf_n                                0x00000000   Number         0  stubs.o ABSOLUTE
    _printf_o                                0x00000000   Number         0  stubs.o ABSOLUTE
    _printf_p                                0x00000000   Number         0  stubs.o ABSOLUTE
    _printf_percent                          0x00000000   Number         0  stubs.o ABSOLUTE
    _printf_pre_padding                      0x00000000   Number         0  stubs.o ABSOLUTE
    _printf_return_value                     0x00000000   Number         0  stubs.o ABSOLUTE
    _printf_s                                0x00000000   Number         0  stubs.o ABSOLUTE
    _printf_sizespec                         0x00000000   Number         0  stubs.o ABSOLUTE
    _printf_str                              0x00000000   Number         0  stubs.o ABSOLUTE
    _printf_truncate_signed                  0x00000000   Number         0  stubs.o ABSOLUTE
    _printf_truncate_unsigned                0x00000000   Number         0  stubs.o ABSOLUTE
    _printf_u                                0x00000000   Number         0  stubs.o ABSOLUTE
    _printf_wc                               0x00000000   Number         0  stubs.o ABSOLUTE
    _printf_wctomb                           0x00000000   Number         0  stubs.o ABSOLUTE
    _printf_widthprec                        0x00000000   Number         0  stubs.o ABSOLUTE
    _printf_x                                0x00000000   Number         0  stubs.o ABSOLUTE
    __cpp_initialize__aeabi_                  - Undefined Weak Reference
    __cxa_finalize                            - Undefined Weak Reference
    _clock_init                               - Undefined Weak Reference
    _microlib_exit                            - Undefined Weak Reference
    __Vectors_Size                           0x00000188   Number         0  startup_stm32f40xx.o ABSOLUTE
    __Vectors                                0x08000000   Data           4  startup_stm32f40xx.o(RESET)
    __Vectors_End                            0x08000188   Data           0  startup_stm32f40xx.o(RESET)
    __main                                   0x08000189   Thumb Code     0  entry.o(.ARM.Collect$$$$00000000)
    _main_stk                                0x08000189   Thumb Code     0  entry2.o(.ARM.Collect$$$$00000001)
    _main_scatterload                        0x0800018d   Thumb Code     0  entry5.o(.ARM.Collect$$$$00000004)
    __main_after_scatterload                 0x08000191   Thumb Code     0  entry5.o(.ARM.Collect$$$$00000004)
    _main_clock                              0x08000191   Thumb Code     0  entry7b.o(.ARM.Collect$$$$00000008)
    _main_cpp_init                           0x08000191   Thumb Code     0  entry8b.o(.ARM.Collect$$$$0000000A)
    _main_init                               0x08000191   Thumb Code     0  entry9a.o(.ARM.Collect$$$$0000000B)
    __rt_final_cpp                           0x08000199   Thumb Code     0  entry10a.o(.ARM.Collect$$$$0000000D)
    __rt_final_exit                          0x08000199   Thumb Code     0  entry11a.o(.ARM.Collect$$$$0000000F)
    SVC_Handler                              0x0800019d   Thumb Code    28  port.o(.emb_text)
    __asm___6_port_c_39a90d8d__prvStartFirstTask 0x080001bd   Thumb Code    28  port.o(.emb_text)
    __asm___6_port_c_39a90d8d__prvEnableVFP  0x080001dd   Thumb Code    16  port.o(.emb_text)
    PendSV_Handler                           0x080001f1   Thumb Code    88  port.o(.emb_text)
    vPortGetIPSR                             0x0800024d   Thumb Code     6  port.o(.emb_text)
    Reset_Handler                            0x08000255   Thumb Code     8  startup_stm32f40xx.o(.text)
    NMI_Handler                              0x0800025d   Thumb Code     2  startup_stm32f40xx.o(.text)
    HardFault_Handler                        0x0800025f   Thumb Code     2  startup_stm32f40xx.o(.text)
    MemManage_Handler                        0x08000261   Thumb Code     2  startup_stm32f40xx.o(.text)
    BusFault_Handler                         0x08000263   Thumb Code     2  startup_stm32f40xx.o(.text)
    UsageFault_Handler                       0x08000265   Thumb Code     2  startup_stm32f40xx.o(.text)
    DebugMon_Handler                         0x08000269   Thumb Code     2  startup_stm32f40xx.o(.text)
    ADC_IRQHandler                           0x0800026f   Thumb Code     0  startup_stm32f40xx.o(.text)
    CAN1_RX0_IRQHandler                      0x0800026f   Thumb Code     0  startup_stm32f40xx.o(.text)
    CAN1_RX1_IRQHandler                      0x0800026f   Thumb Code     0  startup_stm32f40xx.o(.text)
    CAN1_SCE_IRQHandler                      0x0800026f   Thumb Code     0  startup_stm32f40xx.o(.text)
    CAN1_TX_IRQHandler                       0x0800026f   Thumb Code     0  startup_stm32f40xx.o(.text)
    CAN2_RX0_IRQHandler                      0x0800026f   Thumb Code     0  startup_stm32f40xx.o(.text)
    CAN2_RX1_IRQHandler                      0x0800026f   Thumb Code     0  startup_stm32f40xx.o(.text)
    CAN2_SCE_IRQHandler                      0x0800026f   Thumb Code     0  startup_stm32f40xx.o(.text)
    CAN2_TX_IRQHandler                       0x0800026f   Thumb Code     0  startup_stm32f40xx.o(.text)
    CRYP_IRQHandler                          0x0800026f   Thumb Code     0  startup_stm32f40xx.o(.text)
    DCMI_IRQHandler                          0x0800026f   Thumb Code     0  startup_stm32f40xx.o(.text)
    DMA1_Stream0_IRQHandler                  0x0800026f   Thumb Code     0  startup_stm32f40xx.o(.text)
    DMA1_Stream1_IRQHandler                  0x0800026f   Thumb Code     0  startup_stm32f40xx.o(.text)
    DMA1_Stream2_IRQHandler                  0x0800026f   Thumb Code     0  startup_stm32f40xx.o(.text)
    DMA1_Stream3_IRQHandler                  0x0800026f   Thumb Code     0  startup_stm32f40xx.o(.text)
    DMA1_Stream4_IRQHandler                  0x0800026f   Thumb Code     0  startup_stm32f40xx.o(.text)
    DMA1_Stream5_IRQHandler                  0x0800026f   Thumb Code     0  startup_stm32f40xx.o(.text)
    DMA1_Stream6_IRQHandler                  0x0800026f   Thumb Code     0  startup_stm32f40xx.o(.text)
    DMA1_Stream7_IRQHandler                  0x0800026f   Thumb Code     0  startup_stm32f40xx.o(.text)
    DMA2_Stream0_IRQHandler                  0x0800026f   Thumb Code     0  startup_stm32f40xx.o(.text)
    DMA2_Stream1_IRQHandler                  0x0800026f   Thumb Code     0  startup_stm32f40xx.o(.text)
    DMA2_Stream2_IRQHandler                  0x0800026f   Thumb Code     0  startup_stm32f40xx.o(.text)
    DMA2_Stream3_IRQHandler                  0x0800026f   Thumb Code     0  startup_stm32f40xx.o(.text)
    DMA2_Stream4_IRQHandler                  0x0800026f   Thumb Code     0  startup_stm32f40xx.o(.text)
    DMA2_Stream5_IRQHandler                  0x0800026f   Thumb Code     0  startup_stm32f40xx.o(.text)
    DMA2_Stream6_IRQHandler                  0x0800026f   Thumb Code     0  startup_stm32f40xx.o(.text)
    DMA2_Stream7_IRQHandler                  0x0800026f   Thumb Code     0  startup_stm32f40xx.o(.text)
    ETH_IRQHandler                           0x0800026f   Thumb Code     0  startup_stm32f40xx.o(.text)
    ETH_WKUP_IRQHandler                      0x0800026f   Thumb Code     0  startup_stm32f40xx.o(.text)
    EXTI15_10_IRQHandler                     0x0800026f   Thumb Code     0  startup_stm32f40xx.o(.text)
    EXTI1_IRQHandler                         0x0800026f   Thumb Code     0  startup_stm32f40xx.o(.text)
    EXTI2_IRQHandler                         0x0800026f   Thumb Code     0  startup_stm32f40xx.o(.text)
    EXTI4_IRQHandler                         0x0800026f   Thumb Code     0  startup_stm32f40xx.o(.text)
    EXTI9_5_IRQHandler                       0x0800026f   Thumb Code     0  startup_stm32f40xx.o(.text)
    FLASH_IRQHandler                         0x0800026f   Thumb Code     0  startup_stm32f40xx.o(.text)
    FPU_IRQHandler                           0x0800026f   Thumb Code     0  startup_stm32f40xx.o(.text)
    FSMC_IRQHandler                          0x0800026f   Thumb Code     0  startup_stm32f40xx.o(.text)
    HASH_RNG_IRQHandler                      0x0800026f   Thumb Code     0  startup_stm32f40xx.o(.text)
    I2C1_ER_IRQHandler                       0x0800026f   Thumb Code     0  startup_stm32f40xx.o(.text)
    I2C1_EV_IRQHandler                       0x0800026f   Thumb Code     0  startup_stm32f40xx.o(.text)
    I2C2_ER_IRQHandler                       0x0800026f   Thumb Code     0  startup_stm32f40xx.o(.text)
    I2C2_EV_IRQHandler                       0x0800026f   Thumb Code     0  startup_stm32f40xx.o(.text)
    I2C3_ER_IRQHandler                       0x0800026f   Thumb Code     0  startup_stm32f40xx.o(.text)
    I2C3_EV_IRQHandler                       0x0800026f   Thumb Code     0  startup_stm32f40xx.o(.text)
    OTG_FS_IRQHandler                        0x0800026f   Thumb Code     0  startup_stm32f40xx.o(.text)
    OTG_FS_WKUP_IRQHandler                   0x0800026f   Thumb Code     0  startup_stm32f40xx.o(.text)
    OTG_HS_EP1_IN_IRQHandler                 0x0800026f   Thumb Code     0  startup_stm32f40xx.o(.text)
    OTG_HS_EP1_OUT_IRQHandler                0x0800026f   Thumb Code     0  startup_stm32f40xx.o(.text)
    OTG_HS_IRQHandler                        0x0800026f   Thumb Code     0  startup_stm32f40xx.o(.text)
    OTG_HS_WKUP_IRQHandler                   0x0800026f   Thumb Code     0  startup_stm32f40xx.o(.text)
    PVD_IRQHandler                           0x0800026f   Thumb Code     0  startup_stm32f40xx.o(.text)
    RCC_IRQHandler                           0x0800026f   Thumb Code     0  startup_stm32f40xx.o(.text)
    RTC_Alarm_IRQHandler                     0x0800026f   Thumb Code     0  startup_stm32f40xx.o(.text)
    RTC_WKUP_IRQHandler                      0x0800026f   Thumb Code     0  startup_stm32f40xx.o(.text)
    SDIO_IRQHandler                          0x0800026f   Thumb Code     0  startup_stm32f40xx.o(.text)
    SPI1_IRQHandler                          0x0800026f   Thumb Code     0  startup_stm32f40xx.o(.text)
    SPI2_IRQHandler                          0x0800026f   Thumb Code     0  startup_stm32f40xx.o(.text)
    SPI3_IRQHandler                          0x0800026f   Thumb Code     0  startup_stm32f40xx.o(.text)
    TAMP_STAMP_IRQHandler                    0x0800026f   Thumb Code     0  startup_stm32f40xx.o(.text)
    TIM1_BRK_TIM9_IRQHandler                 0x0800026f   Thumb Code     0  startup_stm32f40xx.o(.text)
    TIM1_CC_IRQHandler                       0x0800026f   Thumb Code     0  startup_stm32f40xx.o(.text)
    TIM1_TRG_COM_TIM11_IRQHandler            0x0800026f   Thumb Code     0  startup_stm32f40xx.o(.text)
    TIM1_UP_TIM10_IRQHandler                 0x0800026f   Thumb Code     0  startup_stm32f40xx.o(.text)
    TIM3_IRQHandler                          0x0800026f   Thumb Code     0  startup_stm32f40xx.o(.text)
    TIM4_IRQHandler                          0x0800026f   Thumb Code     0  startup_stm32f40xx.o(.text)
    TIM6_DAC_IRQHandler                      0x0800026f   Thumb Code     0  startup_stm32f40xx.o(.text)
    TIM7_IRQHandler                          0x0800026f   Thumb Code     0  startup_stm32f40xx.o(.text)
    TIM8_BRK_TIM12_IRQHandler                0x0800026f   Thumb Code     0  startup_stm32f40xx.o(.text)
    TIM8_CC_IRQHandler                       0x0800026f   Thumb Code     0  startup_stm32f40xx.o(.text)
    TIM8_TRG_COM_TIM14_IRQHandler            0x0800026f   Thumb Code     0  startup_stm32f40xx.o(.text)
    TIM8_UP_TIM13_IRQHandler                 0x0800026f   Thumb Code     0  startup_stm32f40xx.o(.text)
    UART4_IRQHandler                         0x0800026f   Thumb Code     0  startup_stm32f40xx.o(.text)
    UART5_IRQHandler                         0x0800026f   Thumb Code     0  startup_stm32f40xx.o(.text)
    USART2_IRQHandler                        0x0800026f   Thumb Code     0  startup_stm32f40xx.o(.text)
    USART3_IRQHandler                        0x0800026f   Thumb Code     0  startup_stm32f40xx.o(.text)
    USART6_IRQHandler                        0x0800026f   Thumb Code     0  startup_stm32f40xx.o(.text)
    WWDG_IRQHandler                          0x0800026f   Thumb Code     0  startup_stm32f40xx.o(.text)
    __aeabi_memcpy                           0x08000279   Thumb Code    36  memcpya.o(.text)
    __aeabi_memcpy4                          0x08000279   Thumb Code     0  memcpya.o(.text)
    __aeabi_memcpy8                          0x08000279   Thumb Code     0  memcpya.o(.text)
    __aeabi_memset                           0x0800029d   Thumb Code    14  memseta.o(.text)
    __aeabi_memset4                          0x0800029d   Thumb Code     0  memseta.o(.text)
    __aeabi_memset8                          0x0800029d   Thumb Code     0  memseta.o(.text)
    __aeabi_memclr                           0x080002ab   Thumb Code     4  memseta.o(.text)
    __aeabi_memclr4                          0x080002ab   Thumb Code     0  memseta.o(.text)
    __aeabi_memclr8                          0x080002ab   Thumb Code     0  memseta.o(.text)
    _memset$wrapper                          0x080002af   Thumb Code    18  memseta.o(.text)
    __aeabi_dadd                             0x080002c1   Thumb Code   322  dadd.o(.text)
    __aeabi_dsub                             0x08000403   Thumb Code     6  dadd.o(.text)
    __aeabi_drsub                            0x08000409   Thumb Code     6  dadd.o(.text)
    __aeabi_dmul                             0x0800040f   Thumb Code   228  dmul.o(.text)
    __aeabi_ddiv                             0x080004f3   Thumb Code   222  ddiv.o(.text)
    __aeabi_i2d                              0x080005d1   Thumb Code    34  dflti.o(.text)
    __aeabi_f2d                              0x080005f3   Thumb Code    38  f2d.o(.text)
    __aeabi_d2f                              0x08000619   Thumb Code    56  d2f.o(.text)
    __aeabi_uidiv                            0x08000651   Thumb Code     0  uidiv.o(.text)
    __aeabi_uidivmod                         0x08000651   Thumb Code    44  uidiv.o(.text)
    __aeabi_uldivmod                         0x0800067d   Thumb Code    98  uldiv.o(.text)
    __aeabi_llsl                             0x080006df   Thumb Code    30  llshl.o(.text)
    _ll_shift_l                              0x080006df   Thumb Code     0  llshl.o(.text)
    __aeabi_lasr                             0x080006fd   Thumb Code    36  llsshr.o(.text)
    _ll_sshift_r                             0x080006fd   Thumb Code     0  llsshr.o(.text)
    __strtod_int                             0x08000757   Thumb Code    88  strtod.o(.text)
    __I$use$fp                               0x080007bd   Thumb Code     0  iusefp.o(.text)
    _float_round                             0x080007bd   Thumb Code    18  fepilogue.o(.text)
    _float_epilogue                          0x080007cf   Thumb Code    92  fepilogue.o(.text)
    _double_round                            0x0800082b   Thumb Code    30  depilogue.o(.text)
    _double_epilogue                         0x08000849   Thumb Code   156  depilogue.o(.text)
    _dsqrt                                   0x080008e5   Thumb Code   162  dsqrt.o(.text)
    __aeabi_d2ulz                            0x08000987   Thumb Code    48  dfixul.o(.text)
    __aeabi_cdrcmple                         0x080009b9   Thumb Code    48  cdrcmple.o(.text)
    __scatterload                            0x080009e9   Thumb Code    28  init.o(.text)
    __scatterload_rt2                        0x080009e9   Thumb Code     0  init.o(.text)
    __aeabi_llsr                             0x08000a0d   Thumb Code    32  llushr.o(.text)
    _ll_ushift_r                             0x08000a0d   Thumb Code     0  llushr.o(.text)
    isspace                                  0x08000a2d   Thumb Code    10  isspace_c.o(.text)
    _scanf_real                              0x08000b39   Thumb Code     0  scanf_fp.o(.text)
    _scanf_really_real                       0x08000b39   Thumb Code   556  scanf_fp.o(.text)
    _sgetc                                   0x08000d71   Thumb Code    30  _sgetc.o(.text)
    _sbackspace                              0x08000d8f   Thumb Code    34  _sgetc.o(.text)
    __ctype_lookup                           0x08000db1   Thumb Code    34  ctype_c.o(.text)
    __aeabi_ul2d                             0x08000dd9   Thumb Code    24  dfltul.o(.text)
    __decompress                             0x08000df1   Thumb Code     0  __dczerorl2.o(.text)
    __decompress1                            0x08000df1   Thumb Code    86  __dczerorl2.o(.text)
    ComplementaryFilter                      0x08000ec9   Thumb Code  1380  complementaryfilter.o(i.ComplementaryFilter)
    Create_Task                              0x08001435   Thumb Code    44  main.o(i.Create_Task)
    EXTI0_IRQHandler                         0x08001461   Thumb Code   150  main.o(i.EXTI0_IRQHandler)
    EXTI3_IRQHandler                         0x08001501   Thumb Code   154  main.o(i.EXTI3_IRQHandler)
    EXTI_ClearITPendingBit                   0x080015a5   Thumb Code     6  stm32f4xx_exti.o(i.EXTI_ClearITPendingBit)
    EXTI_GetITStatus                         0x080015b1   Thumb Code    20  stm32f4xx_exti.o(i.EXTI_GetITStatus)
    EXTI_Init                                0x080015c9   Thumb Code   142  stm32f4xx_exti.o(i.EXTI_Init)
    Encoder_Left_Configuration               0x0800165d   Thumb Code   110  externalinterrupt.o(i.Encoder_Left_Configuration)
    Encoder_Right_Configuration              0x080016d1   Thumb Code   108  externalinterrupt.o(i.Encoder_Right_Configuration)
    FreeRTOS_Init                            0x08001741   Thumb Code   128  main.o(i.FreeRTOS_Init)
    GPIO_Init                                0x080017e9   Thumb Code   144  stm32f4xx_gpio.o(i.GPIO_Init)
    GPIO_PinAFConfig                         0x08001879   Thumb Code    70  stm32f4xx_gpio.o(i.GPIO_PinAFConfig)
    GPIO_ReadInputDataBit                    0x080018bf   Thumb Code    18  stm32f4xx_gpio.o(i.GPIO_ReadInputDataBit)
    GPIO_ResetBits                           0x080018d1   Thumb Code     4  stm32f4xx_gpio.o(i.GPIO_ResetBits)
    GPIO_SetBits                             0x080018d5   Thumb Code     4  stm32f4xx_gpio.o(i.GPIO_SetBits)
    GPIO_ToggleBits                          0x080018d9   Thumb Code     8  stm32f4xx_gpio.o(i.GPIO_ToggleBits)
    GPIO_WriteBit                            0x080018e1   Thumb Code    10  stm32f4xx_gpio.o(i.GPIO_WriteBit)
    I2C_CheckEvent                           0x080018eb   Thumb Code    42  stm32f4xx_i2c.o(i.I2C_CheckEvent)
    I2C_Init                                 0x08001915   Thumb Code   218  stm32f4xx_i2c.o(i.I2C_Init)
    Initialize_Pin                           0x080019fd   Thumb Code    50  extra.o(i.Initialize_Pin)
    Insert_List                              0x08001a35   Thumb Code    32  main.o(i.Insert_List)
    MPU_Init                                 0x08001a59   Thumb Code    44  main.o(i.MPU_Init)
    MPU_LED_Init                             0x08001a8d   Thumb Code    46  main.o(i.MPU_LED_Init)
    MotorController_GPIOInit                 0x08001ac1   Thumb Code    58  timer.o(i.MotorController_GPIOInit)
    NVIC_Init                                0x08001bc5   Thumb Code   106  misc.o(i.NVIC_Init)
    PWM_Init                                 0x08001fdd   Thumb Code    70  timer.o(i.PWM_Init)
    RCC_AHB1PeriphClockCmd                   0x08002029   Thumb Code    26  stm32f4xx_rcc.o(i.RCC_AHB1PeriphClockCmd)
    RCC_APB1PeriphClockCmd                   0x08002049   Thumb Code    26  stm32f4xx_rcc.o(i.RCC_APB1PeriphClockCmd)
    RCC_APB2PeriphClockCmd                   0x08002069   Thumb Code    26  stm32f4xx_rcc.o(i.RCC_APB2PeriphClockCmd)
    RCC_GetClocksFreq                        0x08002089   Thumb Code   214  stm32f4xx_rcc.o(i.RCC_GetClocksFreq)
    SYSCFG_EXTILineConfig                    0x08002171   Thumb Code    60  stm32f4xx_syscfg.o(i.SYSCFG_EXTILineConfig)
    SysTick_Handler                          0x0800229d   Thumb Code    46  port.o(i.SysTick_Handler)
    SystemInit                               0x080022d1   Thumb Code    88  system_stm32f4xx.o(i.SystemInit)
    TIM2_IRQHandler                          0x08002339   Thumb Code    86  main.o(i.TIM2_IRQHandler)
    TIM5_IRQHandler                          0x080023a1   Thumb Code    64  main.o(i.TIM5_IRQHandler)
    TIMER_Init                               0x080023ed   Thumb Code    54  timer.o(i.TIMER_Init)
    TIM_ClearITPendingBit                    0x08002429   Thumb Code     6  stm32f4xx_tim.o(i.TIM_ClearITPendingBit)
    TIM_Cmd                                  0x0800242f   Thumb Code    24  stm32f4xx_tim.o(i.TIM_Cmd)
    TIM_GetITStatus                          0x08002447   Thumb Code    34  stm32f4xx_tim.o(i.TIM_GetITStatus)
    TIM_ITConfig                             0x08002469   Thumb Code    18  stm32f4xx_tim.o(i.TIM_ITConfig)
    TIM_OC1Init                              0x0800247d   Thumb Code   114  stm32f4xx_tim.o(i.TIM_OC1Init)
    TIM_OC1PreloadConfig                     0x080024f9   Thumb Code    18  stm32f4xx_tim.o(i.TIM_OC1PreloadConfig)
    TIM_OC2Init                              0x0800250d   Thumb Code   154  stm32f4xx_tim.o(i.TIM_OC2Init)
    TIM_OC2PreloadConfig                     0x080025b1   Thumb Code    26  stm32f4xx_tim.o(i.TIM_OC2PreloadConfig)
    TIM_TimeBaseInit                         0x080025cd   Thumb Code   104  stm32f4xx_tim.o(i.TIM_TimeBaseInit)
    TM_GPIO_GetPortSource                    0x08002651   Thumb Code    14  tm_stm32f4_gpio.o(i.TM_GPIO_GetPortSource)
    TM_GPIO_INT_EnableClock                  0x08002661   Thumb Code    28  tm_stm32f4_gpio.o(i.TM_GPIO_INT_EnableClock)
    TM_GPIO_INT_Init                         0x08002681   Thumb Code   170  tm_stm32f4_gpio.o(i.TM_GPIO_INT_Init)
    TM_GPIO_InitAlternate                    0x08002731   Thumb Code   110  tm_stm32f4_gpio.o(i.TM_GPIO_InitAlternate)
    TM_I2C_Init                              0x080028d9   Thumb Code   254  tm_stm32f4_i2c.o(i.TM_I2C_Init)
    TM_I2C_InitCustomPinsCallback            0x080029ed   Thumb Code     2  tm_stm32f4_i2c.o(i.TM_I2C_InitCustomPinsCallback)
    TM_I2C_IsDeviceConnected                 0x080029ef   Thumb Code    34  tm_stm32f4_i2c.o(i.TM_I2C_IsDeviceConnected)
    TM_I2C_Read                              0x08002a11   Thumb Code    62  tm_stm32f4_i2c.o(i.TM_I2C_Read)
    TM_I2C_ReadAck                           0x08002a51   Thumb Code    58  tm_stm32f4_i2c.o(i.TM_I2C_ReadAck)
    TM_I2C_ReadMulti                         0x08002a95   Thumb Code    86  tm_stm32f4_i2c.o(i.TM_I2C_ReadMulti)
    TM_I2C_ReadNack                          0x08002aed   Thumb Code    66  tm_stm32f4_i2c.o(i.TM_I2C_ReadNack)
    TM_I2C_Start                             0x08002b39   Thumb Code   166  tm_stm32f4_i2c.o(i.TM_I2C_Start)
    TM_I2C_Stop                              0x08002be9   Thumb Code    60  tm_stm32f4_i2c.o(i.TM_I2C_Stop)
    TM_I2C_Write                             0x08002c29   Thumb Code    50  tm_stm32f4_i2c.o(i.TM_I2C_Write)
    TM_I2C_WriteData                         0x08002c5d   Thumb Code    40  tm_stm32f4_i2c.o(i.TM_I2C_WriteData)
    TM_MPU6050_Init                          0x08002c89   Thumb Code   266  tm_stm32f4_mpu6050.o(i.TM_MPU6050_Init)
    TM_MPU6050_ReadAll                       0x08002dbd   Thumb Code   174  tm_stm32f4_mpu6050.o(i.TM_MPU6050_ReadAll)
    Timer2_Init_AcquisitionTick              0x08002e8d   Thumb Code    90  timer.o(i.Timer2_Init_AcquisitionTick)
    Timer5_Init_EncodersTick                 0x08002ee9   Thumb Code    88  timer.o(i.Timer5_Init_EncodersTick)
    TimerGPIO_Init                           0x08002f45   Thumb Code    68  timer.o(i.TimerGPIO_Init)
    USART1_IRQHandler                        0x08002f8d   Thumb Code   112  main.o(i.USART1_IRQHandler)
    USART_Cmd                                0x08003015   Thumb Code    24  stm32f4xx_usart.o(i.USART_Cmd)
    USART_GetITStatus                        0x0800302d   Thumb Code    84  stm32f4xx_usart.o(i.USART_GetITStatus)
    USART_ITConfig                           0x08003081   Thumb Code    74  stm32f4xx_usart.o(i.USART_ITConfig)
    USART_Init                               0x080030cd   Thumb Code   204  stm32f4xx_usart.o(i.USART_Init)
    USART_SendData                           0x080031cd   Thumb Code     8  stm32f4xx_usart.o(i.USART_SendData)
    USART_puts                               0x080031d5   Thumb Code    40  usart.o(i.USART_puts)
    UpdatePWMDutyCycle                       0x080031fd   Thumb Code    18  timer.o(i.UpdatePWMDutyCycle)
    __0snprintf                              0x080032cd   Thumb Code    36  printfa.o(i.__0snprintf)
    __1snprintf                              0x080032cd   Thumb Code     0  printfa.o(i.__0snprintf)
    __2snprintf                              0x080032cd   Thumb Code     0  printfa.o(i.__0snprintf)
    __c89snprintf                            0x080032cd   Thumb Code     0  printfa.o(i.__0snprintf)
    snprintf                                 0x080032cd   Thumb Code     0  printfa.o(i.__0snprintf)
    __ARM_fpclassify                         0x080032f5   Thumb Code    48  fpclassify.o(i.__ARM_fpclassify)
    __hardfp_atan                            0x08003329   Thumb Code   622  atan.o(i.__hardfp_atan)
    __hardfp_atan2                           0x08003601   Thumb Code   432  atan2.o(i.__hardfp_atan2)
    __hardfp_sqrt                            0x080037f1   Thumb Code   122  sqrt.o(i.__hardfp_sqrt)
    __hardfp_strtof                          0x08003871   Thumb Code    42  strtof.o(i.__hardfp_strtof)
    __kernel_poly                            0x080038a9   Thumb Code   248  poly.o(i.__kernel_poly)
    __mathlib_dbl_infnan                     0x080039a1   Thumb Code    20  dunder.o(i.__mathlib_dbl_infnan)
    __mathlib_dbl_infnan2                    0x080039b5   Thumb Code    20  dunder.o(i.__mathlib_dbl_infnan2)
    __mathlib_dbl_underflow                  0x080039c9   Thumb Code    24  dunder.o(i.__mathlib_dbl_underflow)
    __scatterload_copy                       0x080039e9   Thumb Code    14  handlers.o(i.__scatterload_copy)
    __scatterload_null                       0x080039f7   Thumb Code     2  handlers.o(i.__scatterload_null)
    __scatterload_zeroinit                   0x080039f9   Thumb Code    14  handlers.o(i.__scatterload_zeroinit)
    __set_errno                              0x08003a09   Thumb Code     6  errno.o(i.__set_errno)
    _is_digit                                0x08003b79   Thumb Code    14  scanf_fp.o(i._is_digit)
    atan                                     0x080042cd   Thumb Code    16  atan.o(i.atan)
    changePIDValues                          0x080042dd   Thumb Code   316  main.o(i.changePIDValues)
    commandHandler                           0x08004429   Thumb Code   144  main.o(i.commandHandler)
    fabs                                     0x080044b9   Thumb Code    24  fabs.o(i.fabs)
    getAngle                                 0x080044d1   Thumb Code   808  kalman.o(i.getAngle)
    init_USART1                              0x08004821   Thumb Code   164  usart.o(i.init_USART1)
    main                                     0x080048cd   Thumb Code   248  main.o(i.main)
    pvPortMalloc                             0x08005355   Thumb Code   164  heap_2.o(i.pvPortMalloc)
    pvTaskIncrementMutexHeldCount            0x0800540d   Thumb Code    26  tasks.o(i.pvTaskIncrementMutexHeldCount)
    pxPortInitialiseStack                    0x0800542d   Thumb Code    38  port.o(i.pxPortInitialiseStack)
    sendPIDValues                            0x08005459   Thumb Code   454  main.o(i.sendPIDValues)
    speed                                    0x08005665   Thumb Code    86  main.o(i.speed)
    uxListRemove                             0x080056d1   Thumb Code    40  list.o(i.uxListRemove)
    vListInitialise                          0x080056f9   Thumb Code    26  list.o(i.vListInitialise)
    vListInitialiseItem                      0x08005713   Thumb Code     6  list.o(i.vListInitialiseItem)
    vListInsert                              0x08005719   Thumb Code    52  list.o(i.vListInsert)
    vListInsertEnd                           0x0800574d   Thumb Code    24  list.o(i.vListInsertEnd)
    vPortEnterCritical                       0x08005765   Thumb Code    76  port.o(i.vPortEnterCritical)
    vPortExitCritical                        0x080057b9   Thumb Code    56  port.o(i.vPortExitCritical)
    vPortFree                                0x080057f5   Thumb Code    56  heap_2.o(i.vPortFree)
    vPortSetupTimerInterrupt                 0x08005835   Thumb Code    26  port.o(i.vPortSetupTimerInterrupt)
    vPortValidateInterruptPriority           0x08005855   Thumb Code   106  port.o(i.vPortValidateInterruptPriority)
    vQueueAddToRegistry                      0x080058cd   Thumb Code    38  queue.o(i.vQueueAddToRegistry)
    vQueueWaitForMessageRestricted           0x080058f9   Thumb Code    74  queue.o(i.vQueueWaitForMessageRestricted)
    vTaskMissedYield                         0x08005945   Thumb Code     8  tasks.o(i.vTaskMissedYield)
    vTaskPlaceOnEventList                    0x08005951   Thumb Code    52  tasks.o(i.vTaskPlaceOnEventList)
    vTaskPlaceOnEventListRestricted          0x08005989   Thumb Code    60  tasks.o(i.vTaskPlaceOnEventListRestricted)
    vTaskPriorityInherit                     0x080059c9   Thumb Code   164  tasks.o(i.vTaskPriorityInherit)
    vTaskSetTimeOutState                     0x08005a79   Thumb Code    38  tasks.o(i.vTaskSetTimeOutState)
    vTaskStartScheduler                      0x08005aa9   Thumb Code   118  tasks.o(i.vTaskStartScheduler)
    vTaskSuspendAll                          0x08005b3d   Thumb Code    12  tasks.o(i.vTaskSuspendAll)
    vTaskSwitchContext                       0x08005b4d   Thumb Code   118  tasks.o(i.vTaskSwitchContext)
    xPortStartScheduler                      0x08005bd9   Thumb Code   288  port.o(i.xPortStartScheduler)
    xQueueCreateMutex                        0x08005d15   Thumb Code    34  queue.o(i.xQueueCreateMutex)
    xQueueGenericCreate                      0x08005d37   Thumb Code    88  queue.o(i.xQueueGenericCreate)
    xQueueGenericReceive                     0x08005d91   Thumb Code   446  queue.o(i.xQueueGenericReceive)
    xQueueGenericReset                       0x08005f55   Thumb Code   146  queue.o(i.xQueueGenericReset)
    xQueueGenericSend                        0x08005fed   Thumb Code   420  queue.o(i.xQueueGenericSend)
    xQueueGenericSendFromISR                 0x08006195   Thumb Code   248  queue.o(i.xQueueGenericSendFromISR)
    xQueueGiveFromISR                        0x0800628d   Thumb Code   224  queue.o(i.xQueueGiveFromISR)
    xTaskCheckForTimeOut                     0x0800636d   Thumb Code   132  tasks.o(i.xTaskCheckForTimeOut)
    xTaskCreate                              0x080063f9   Thumb Code    96  tasks.o(i.xTaskCreate)
    xTaskGetSchedulerState                   0x08006459   Thumb Code    24  tasks.o(i.xTaskGetSchedulerState)
    xTaskGetTickCount                        0x08006479   Thumb Code     6  tasks.o(i.xTaskGetTickCount)
    xTaskIncrementTick                       0x08006485   Thumb Code   282  tasks.o(i.xTaskIncrementTick)
    xTaskPriorityDisinherit                  0x080065cd   Thumb Code   188  tasks.o(i.xTaskPriorityDisinherit)
    xTaskRemoveFromEventList                 0x08006695   Thumb Code   128  tasks.o(i.xTaskRemoveFromEventList)
    xTaskResumeAll                           0x0800672d   Thumb Code   224  tasks.o(i.xTaskResumeAll)
    xTimerCreateTimerTask                    0x08006831   Thumb Code    66  timers.o(i.xTimerCreateTimerTask)
    xTimerGenericCommand                     0x08006889   Thumb Code   126  timers.o(i.xTimerGenericCommand)
    __mathlib_zero                           0x080069a8   Data           8  qnan.o(.constdata)
    __ctype_categories                       0x080069b0   Data          64  ctype_c.o(.constdata)
    Region$$Table$$Base                      0x080069f0   Number         0  anon$$obj.o(Region$$Table)
    Region$$Table$$Limit                     0x08006a10   Number         0  anon$$obj.o(Region$$Table)
    SystemCoreClock                          0x20000000   Data           4  system_stm32f4xx.o(.data)
    AHBPrescTable                            0x20000004   Data          16  system_stm32f4xx.o(.data)
    DistancePID                              0x20000024   Data           8  main.o(.data)
    Output_DistancePID_mutex                 0x2000002c   Data           4  main.o(.data)
    BalancingRobotEncoder_mutex              0x20000030   Data           4  main.o(.data)
    Timer_ISR_Semaphore                      0x20000034   Data           4  main.o(.data)
    Timer_ISR_Encoders_Semaphore             0x20000038   Data           4  main.o(.data)
    Angle_queue                              0x2000003c   Data           4  main.o(.data)
    Receive_USART_queue                      0x20000040   Data           4  main.o(.data)
    Encoder_queue                            0x20000044   Data           4  main.o(.data)
    PWM_queue                                0x20000048   Data           4  main.o(.data)
    f_Read                                   0x2000004c   Data           4  main.o(.data)
    f_Read2                                  0x20000050   Data           4  main.o(.data)
    s_BalancePID_mutex                       0x20000054   Data           4  main.o(.data)
    s_DistancePID_mutex                      0x20000058   Data           4  main.o(.data)
    speed_need                               0x2000005c   Data           4  main.o(.data)
    turn_need                                0x20000060   Data           4  main.o(.data)
    Index                                    0x20000064   Data           4  main.o(.data)
    direction                                0x20000068   Data           4  main.o(.data)
    next                                     0x2000006c   Data           4  main.o(.data)
    init                                     0x20000070   Data           4  main.o(.data)
    pxCurrentTCB                             0x20000088   Data           4  tasks.o(.data)
    s_BalancingRobotEncoder                  0x20000138   Data          16  main.o(.bss)
    MPU6050_Data0                            0x20000148   Data          28  main.o(.bss)
    BalancingRobotTaskList                   0x20000164   Data          84  main.o(.bss)
    s_BalancePID                             0x200001b8   Data          12  main.o(.bss)
    s_DistancePID                            0x200001c4   Data          12  main.o(.bss)
    Gains                                    0x200001d0   Data          12  main.o(.bss)
    xQueueRegistry                           0x20000218   Data          64  queue.o(.bss)
    __initial_sp                             0x20014f70   Data           0  startup_stm32f40xx.o(STACK)



==============================================================================

Memory Map of the image

  Image Entry point : 0x08000189

  Load Region LR_IROM1 (Base: 0x08000000, Size: 0x00006b48, Max: 0x00100000, ABSOLUTE, COMPRESSED[0x00006a34])

    Execution Region ER_IROM1 (Base: 0x08000000, Size: 0x00006a10, Max: 0x00100000, ABSOLUTE)

    Base Addr    Size         Type   Attr      Idx    E Section Name        Object

    0x08000000   0x00000188   Data   RO            3    RESET               startup_stm32f40xx.o
    0x08000188   0x00000000   Code   RO         3650  * .ARM.Collect$$$$00000000  mc_w.l(entry.o)
    0x08000188   0x00000004   Code   RO         3957    .ARM.Collect$$$$00000001  mc_w.l(entry2.o)
    0x0800018c   0x00000004   Code   RO         3960    .ARM.Collect$$$$00000004  mc_w.l(entry5.o)
    0x08000190   0x00000000   Code   RO         3962    .ARM.Collect$$$$00000008  mc_w.l(entry7b.o)
    0x08000190   0x00000000   Code   RO         3964    .ARM.Collect$$$$0000000A  mc_w.l(entry8b.o)
    0x08000190   0x00000008   Code   RO         3965    .ARM.Collect$$$$0000000B  mc_w.l(entry9a.o)
    0x08000198   0x00000000   Code   RO         3967    .ARM.Collect$$$$0000000D  mc_w.l(entry10a.o)
    0x08000198   0x00000000   Code   RO         3969    .ARM.Collect$$$$0000000F  mc_w.l(entry11a.o)
    0x08000198   0x00000004   Code   RO         3958    .ARM.Collect$$$$00002712  mc_w.l(entry2.o)
    0x0800019c   0x000000b6   Code   RO         3133    .emb_text           port.o
    0x08000252   0x00000002   PAD
    0x08000254   0x00000024   Code   RO            4    .text               startup_stm32f40xx.o
    0x08000278   0x00000024   Code   RO         3653    .text               mc_w.l(memcpya.o)
    0x0800029c   0x00000024   Code   RO         3655    .text               mc_w.l(memseta.o)
    0x080002c0   0x0000014e   Code   RO         3920    .text               mf_w.l(dadd.o)
    0x0800040e   0x000000e4   Code   RO         3922    .text               mf_w.l(dmul.o)
    0x080004f2   0x000000de   Code   RO         3924    .text               mf_w.l(ddiv.o)
    0x080005d0   0x00000022   Code   RO         3926    .text               mf_w.l(dflti.o)
    0x080005f2   0x00000026   Code   RO         3928    .text               mf_w.l(f2d.o)
    0x08000618   0x00000038   Code   RO         3930    .text               mf_w.l(d2f.o)
    0x08000650   0x0000002c   Code   RO         3974    .text               mc_w.l(uidiv.o)
    0x0800067c   0x00000062   Code   RO         3976    .text               mc_w.l(uldiv.o)
    0x080006de   0x0000001e   Code   RO         3978    .text               mc_w.l(llshl.o)
    0x080006fc   0x00000024   Code   RO         3980    .text               mc_w.l(llsshr.o)
    0x08000720   0x0000009c   Code   RO         3989    .text               mc_w.l(strtod.o)
    0x080007bc   0x00000000   Code   RO         3991    .text               mc_w.l(iusefp.o)
    0x080007bc   0x0000006e   Code   RO         3992    .text               mf_w.l(fepilogue.o)
    0x0800082a   0x000000ba   Code   RO         3994    .text               mf_w.l(depilogue.o)
    0x080008e4   0x000000a2   Code   RO         3998    .text               mf_w.l(dsqrt.o)
    0x08000986   0x00000030   Code   RO         4000    .text               mf_w.l(dfixul.o)
    0x080009b6   0x00000002   PAD
    0x080009b8   0x00000030   Code   RO         4004    .text               mf_w.l(cdrcmple.o)
    0x080009e8   0x00000024   Code   RO         4006    .text               mc_w.l(init.o)
    0x08000a0c   0x00000020   Code   RO         4009    .text               mc_w.l(llushr.o)
    0x08000a2c   0x0000000a   Code   RO         4011    .text               mc_w.l(isspace_c.o)
    0x08000a36   0x00000002   PAD
    0x08000a38   0x00000338   Code   RO         4013    .text               mc_w.l(scanf_fp.o)
    0x08000d70   0x00000040   Code   RO         4017    .text               mc_w.l(_sgetc.o)
    0x08000db0   0x00000028   Code   RO         4020    .text               mc_w.l(ctype_c.o)
    0x08000dd8   0x00000018   Code   RO         4023    .text               mf_w.l(dfltul.o)
    0x08000df0   0x00000056   Code   RO         4033    .text               mc_w.l(__dczerorl2.o)
    0x08000e46   0x00000002   PAD
    0x08000e48   0x00000080   Code   RO         2008    i.Acquisition_Function  main.o
    0x08000ec8   0x0000056c   Code   RO         2249    i.ComplementaryFilter  complementaryfilter.o
    0x08001434   0x0000002c   Code   RO         2009    i.Create_Task       main.o
    0x08001460   0x000000a0   Code   RO         2010    i.EXTI0_IRQHandler  main.o
    0x08001500   0x000000a4   Code   RO         2011    i.EXTI3_IRQHandler  main.o
    0x080015a4   0x0000000c   Code   RO         1097    i.EXTI_ClearITPendingBit  stm32f4xx_exti.o
    0x080015b0   0x00000018   Code   RO         1101    i.EXTI_GetITStatus  stm32f4xx_exti.o
    0x080015c8   0x00000094   Code   RO         1102    i.EXTI_Init         stm32f4xx_exti.o
    0x0800165c   0x00000074   Code   RO         2371    i.Encoder_Left_Configuration  externalinterrupt.o
    0x080016d0   0x00000070   Code   RO         2372    i.Encoder_Right_Configuration  externalinterrupt.o
    0x08001740   0x000000a8   Code   RO         2012    i.FreeRTOS_Init     main.o
    0x080017e8   0x00000090   Code   RO          151    i.GPIO_Init         stm32f4xx_gpio.o
    0x08001878   0x00000046   Code   RO          152    i.GPIO_PinAFConfig  stm32f4xx_gpio.o
    0x080018be   0x00000012   Code   RO          155    i.GPIO_ReadInputDataBit  stm32f4xx_gpio.o
    0x080018d0   0x00000004   Code   RO          158    i.GPIO_ResetBits    stm32f4xx_gpio.o
    0x080018d4   0x00000004   Code   RO          159    i.GPIO_SetBits      stm32f4xx_gpio.o
    0x080018d8   0x00000008   Code   RO          161    i.GPIO_ToggleBits   stm32f4xx_gpio.o
    0x080018e0   0x0000000a   Code   RO          163    i.GPIO_WriteBit     stm32f4xx_gpio.o
    0x080018ea   0x0000002a   Code   RO          748    i.I2C_CheckEvent    stm32f4xx_i2c.o
    0x08001914   0x000000e8   Code   RO          766    i.I2C_Init          stm32f4xx_i2c.o
    0x080019fc   0x00000038   Code   RO         2397    i.Initialize_Pin    extra.o
    0x08001a34   0x00000024   Code   RO         2013    i.Insert_List       main.o
    0x08001a58   0x00000034   Code   RO         2014    i.MPU_Init          main.o
    0x08001a8c   0x00000034   Code   RO         2015    i.MPU_LED_Init      main.o
    0x08001ac0   0x00000040   Code   RO         2315    i.MotorController_GPIOInit  timer.o
    0x08001b00   0x000000c4   Code   RO         2016    i.Motor_Controller  main.o
    0x08001bc4   0x00000078   Code   RO         1720    i.NVIC_Init         misc.o
    0x08001c3c   0x00000028   Code   RO         2017    i.NVIC_SetPriority  main.o
    0x08001c64   0x000001f8   Code   RO         2018    i.PID_Controller_Function  main.o
    0x08001e5c   0x00000180   Code   RO         2019    i.PID_Distance_Function  main.o
    0x08001fdc   0x0000004c   Code   RO         2316    i.PWM_Init          timer.o
    0x08002028   0x00000020   Code   RO          252    i.RCC_AHB1PeriphClockCmd  stm32f4xx_rcc.o
    0x08002048   0x00000020   Code   RO          261    i.RCC_APB1PeriphClockCmd  stm32f4xx_rcc.o
    0x08002068   0x00000020   Code   RO          264    i.RCC_APB2PeriphClockCmd  stm32f4xx_rcc.o
    0x08002088   0x000000e8   Code   RO          273    i.RCC_GetClocksFreq  stm32f4xx_rcc.o
    0x08002170   0x00000040   Code   RO         1767    i.SYSCFG_EXTILineConfig  stm32f4xx_syscfg.o
    0x080021b0   0x000000ec   Code   RO           12    i.SetSysClock       system_stm32f4xx.o
    0x0800229c   0x00000034   Code   RO         3134    i.SysTick_Handler   port.o
    0x080022d0   0x00000068   Code   RO           14    i.SystemInit        system_stm32f4xx.o
    0x08002338   0x00000068   Code   RO         2021    i.TIM2_IRQHandler   main.o
    0x080023a0   0x0000004c   Code   RO         2022    i.TIM5_IRQHandler   main.o
    0x080023ec   0x0000003c   Code   RO         2317    i.TIMER_Init        timer.o
    0x08002428   0x00000006   Code   RO         1169    i.TIM_ClearITPendingBit  stm32f4xx_tim.o
    0x0800242e   0x00000018   Code   RO         1174    i.TIM_Cmd           stm32f4xx_tim.o
    0x08002446   0x00000022   Code   RO         1195    i.TIM_GetITStatus   stm32f4xx_tim.o
    0x08002468   0x00000012   Code   RO         1199    i.TIM_ITConfig      stm32f4xx_tim.o
    0x0800247a   0x00000002   PAD
    0x0800247c   0x0000007c   Code   RO         1203    i.TIM_OC1Init       stm32f4xx_tim.o
    0x080024f8   0x00000012   Code   RO         1206    i.TIM_OC1PreloadConfig  stm32f4xx_tim.o
    0x0800250a   0x00000002   PAD
    0x0800250c   0x000000a4   Code   RO         1208    i.TIM_OC2Init       stm32f4xx_tim.o
    0x080025b0   0x0000001a   Code   RO         1211    i.TIM_OC2PreloadConfig  stm32f4xx_tim.o
    0x080025ca   0x00000002   PAD
    0x080025cc   0x00000084   Code   RO         1246    i.TIM_TimeBaseInit  stm32f4xx_tim.o
    0x08002650   0x0000000e   Code   RO         3430    i.TM_GPIO_GetPortSource  tm_stm32f4_gpio.o
    0x0800265e   0x00000002   PAD
    0x08002660   0x00000020   Code   RO         3433    i.TM_GPIO_INT_EnableClock  tm_stm32f4_gpio.o
    0x08002680   0x000000b0   Code   RO         3434    i.TM_GPIO_INT_Init  tm_stm32f4_gpio.o
    0x08002730   0x0000006e   Code   RO         3436    i.TM_GPIO_InitAlternate  tm_stm32f4_gpio.o
    0x0800279e   0x00000002   PAD
    0x080027a0   0x00000064   Code   RO         3256    i.TM_I2C1_INT_InitPins  tm_stm32f4_i2c.o
    0x08002804   0x0000006c   Code   RO         3257    i.TM_I2C2_INT_InitPins  tm_stm32f4_i2c.o
    0x08002870   0x00000068   Code   RO         3258    i.TM_I2C3_INT_InitPins  tm_stm32f4_i2c.o
    0x080028d8   0x00000114   Code   RO         3259    i.TM_I2C_Init       tm_stm32f4_i2c.o
    0x080029ec   0x00000002   Code   RO         3260    i.TM_I2C_InitCustomPinsCallback  tm_stm32f4_i2c.o
    0x080029ee   0x00000022   Code   RO         3261    i.TM_I2C_IsDeviceConnected  tm_stm32f4_i2c.o
    0x08002a10   0x0000003e   Code   RO         3262    i.TM_I2C_Read       tm_stm32f4_i2c.o
    0x08002a4e   0x00000002   PAD
    0x08002a50   0x00000044   Code   RO         3263    i.TM_I2C_ReadAck    tm_stm32f4_i2c.o
    0x08002a94   0x00000056   Code   RO         3264    i.TM_I2C_ReadMulti  tm_stm32f4_i2c.o
    0x08002aea   0x00000002   PAD
    0x08002aec   0x0000004c   Code   RO         3266    i.TM_I2C_ReadNack   tm_stm32f4_i2c.o
    0x08002b38   0x000000b0   Code   RO         3268    i.TM_I2C_Start      tm_stm32f4_i2c.o
    0x08002be8   0x00000040   Code   RO         3269    i.TM_I2C_Stop       tm_stm32f4_i2c.o
    0x08002c28   0x00000032   Code   RO         3270    i.TM_I2C_Write      tm_stm32f4_i2c.o
    0x08002c5a   0x00000002   PAD
    0x08002c5c   0x0000002c   Code   RO         3271    i.TM_I2C_WriteData  tm_stm32f4_i2c.o
    0x08002c88   0x00000134   Code   RO         3383    i.TM_MPU6050_Init   tm_stm32f4_mpu6050.o
    0x08002dbc   0x000000bc   Code   RO         3385    i.TM_MPU6050_ReadAll  tm_stm32f4_mpu6050.o
    0x08002e78   0x00000014   Code   RO         2023    i.Test              main.o
    0x08002e8c   0x0000005a   Code   RO         2318    i.Timer2_Init_AcquisitionTick  timer.o
    0x08002ee6   0x00000002   PAD
    0x08002ee8   0x0000005c   Code   RO         2319    i.Timer5_Init_EncodersTick  timer.o
    0x08002f44   0x00000048   Code   RO         2320    i.TimerGPIO_Init    timer.o
    0x08002f8c   0x00000088   Code   RO         2024    i.USART1_IRQHandler  main.o
    0x08003014   0x00000018   Code   RO         1824    i.USART_Cmd         stm32f4xx_usart.o
    0x0800302c   0x00000054   Code   RO         1828    i.USART_GetITStatus  stm32f4xx_usart.o
    0x08003080   0x0000004a   Code   RO         1830    i.USART_ITConfig    stm32f4xx_usart.o
    0x080030ca   0x00000002   PAD
    0x080030cc   0x000000d4   Code   RO         1831    i.USART_Init        stm32f4xx_usart.o
    0x080031a0   0x0000002c   Code   RO         2025    i.USART_Receive_Function  main.o
    0x080031cc   0x00000008   Code   RO         1841    i.USART_SendData    stm32f4xx_usart.o
    0x080031d4   0x00000028   Code   RO         2270    i.USART_puts        usart.o
    0x080031fc   0x00000018   Code   RO         2321    i.UpdatePWMDutyCycle  timer.o
    0x08003214   0x000000b8   Code   RO         2026    i.Update_Encoder    main.o
    0x080032cc   0x00000028   Code   RO         3893    i.__0snprintf       mc_w.l(printfa.o)
    0x080032f4   0x00000030   Code   RO         3952    i.__ARM_fpclassify  m_wm.l(fpclassify.o)
    0x08003324   0x00000004   PAD
    0x08003328   0x000002d8   Code   RO         3606    i.__hardfp_atan     m_wm.l(atan.o)
    0x08003600   0x000001f0   Code   RO         3620    i.__hardfp_atan2    m_wm.l(atan2.o)
    0x080037f0   0x0000007a   Code   RO         3632    i.__hardfp_sqrt     m_wm.l(sqrt.o)
    0x0800386a   0x00000006   PAD
    0x08003870   0x00000038   Code   RO         3644    i.__hardfp_strtof   m_wm.l(strtof.o)
    0x080038a8   0x000000f8   Code   RO         3954    i.__kernel_poly     m_wm.l(poly.o)
    0x080039a0   0x00000014   Code   RO         3933    i.__mathlib_dbl_infnan  m_wm.l(dunder.o)
    0x080039b4   0x00000014   Code   RO         3934    i.__mathlib_dbl_infnan2  m_wm.l(dunder.o)
    0x080039c8   0x00000020   Code   RO         3938    i.__mathlib_dbl_underflow  m_wm.l(dunder.o)
    0x080039e8   0x0000000e   Code   RO         4027    i.__scatterload_copy  mc_w.l(handlers.o)
    0x080039f6   0x00000002   Code   RO         4028    i.__scatterload_null  mc_w.l(handlers.o)
    0x080039f8   0x0000000e   Code   RO         4029    i.__scatterload_zeroinit  mc_w.l(handlers.o)
    0x08003a06   0x00000002   PAD
    0x08003a08   0x0000000c   Code   RO         3984    i.__set_errno       mc_w.l(errno.o)
    0x08003a14   0x00000164   Code   RO         3899    i._fp_digits        mc_w.l(printfa.o)
    0x08003b78   0x0000000e   Code   RO         4015    i._is_digit         mc_w.l(scanf_fp.o)
    0x08003b86   0x00000002   PAD
    0x08003b88   0x000006dc   Code   RO         3900    i._printf_core      mc_w.l(printfa.o)
    0x08004264   0x00000024   Code   RO         3901    i._printf_post_padding  mc_w.l(printfa.o)
    0x08004288   0x0000002e   Code   RO         3902    i._printf_pre_padding  mc_w.l(printfa.o)
    0x080042b6   0x00000016   Code   RO         3903    i._snputc           mc_w.l(printfa.o)
    0x080042cc   0x00000010   Code   RO         3608    i.atan              m_wm.l(atan.o)
    0x080042dc   0x0000014c   Code   RO         2027    i.changePIDValues   main.o
    0x08004428   0x00000090   Code   RO         2028    i.commandHandler    main.o
    0x080044b8   0x00000018   Code   RO         3948    i.fabs              m_wm.l(fabs.o)
    0x080044d0   0x00000350   Code   RO         3538    i.getAngle          kalman.o
    0x08004820   0x000000ac   Code   RO         2271    i.init_USART1       usart.o
    0x080048cc   0x00000194   Code   RO         2029    i.main              main.o
    0x08004a60   0x00000098   Code   RO         2663    i.prvAddCurrentTaskToDelayedList  tasks.o
    0x08004af8   0x000000b8   Code   RO         2664    i.prvAddNewTaskToReadyList  tasks.o
    0x08004bb0   0x00000064   Code   RO         3003    i.prvCheckForValidListAndQueue  timers.o
    0x08004c14   0x00000064   Code   RO         2665    i.prvCheckTasksWaitingTermination  tasks.o
    0x08004c78   0x0000002a   Code   RO         2456    i.prvCopyDataFromQueue  queue.o
    0x08004ca2   0x0000007c   Code   RO         2457    i.prvCopyDataToQueue  queue.o
    0x08004d1e   0x00000012   Code   RO         2666    i.prvDeleteTCB      tasks.o
    0x08004d30   0x00000028   Code   RO         3004    i.prvGetNextExpireTime  timers.o
    0x08004d58   0x00000038   Code   RO         3216    i.prvHeapInit       heap_2.o
    0x08004d90   0x00000028   Code   RO         2667    i.prvIdleTask       tasks.o
    0x08004db8   0x0000001c   Code   RO         2458    i.prvInitialiseMutex  queue.o
    0x08004dd4   0x0000002a   Code   RO         2459    i.prvInitialiseNewQueue  queue.o
    0x08004dfe   0x000000b4   Code   RO         2668    i.prvInitialiseNewTask  tasks.o
    0x08004eb2   0x00000002   PAD
    0x08004eb4   0x00000068   Code   RO         2669    i.prvInitialiseTaskLists  tasks.o
    0x08004f1c   0x00000058   Code   RO         3006    i.prvInsertTimerInActiveList  timers.o
    0x08004f74   0x0000001a   Code   RO         2460    i.prvIsQueueEmpty   queue.o
    0x08004f8e   0x0000001e   Code   RO         2461    i.prvIsQueueFull    queue.o
    0x08004fac   0x00000064   Code   RO         3007    i.prvProcessExpiredTimer  timers.o
    0x08005010   0x000000f8   Code   RO         3008    i.prvProcessReceivedCommands  timers.o
    0x08005108   0x00000074   Code   RO         3009    i.prvProcessTimerOrBlockTask  timers.o
    0x0800517c   0x00000034   Code   RO         2671    i.prvResetNextTaskUnblockTime  tasks.o
    0x080051b0   0x0000002c   Code   RO         3010    i.prvSampleTimeNow  timers.o
    0x080051dc   0x000000a0   Code   RO         3011    i.prvSwitchTimerLists  timers.o
    0x0800527c   0x00000040   Code   RO         3135    i.prvTaskExitError  port.o
    0x080052bc   0x0000001a   Code   RO         3012    i.prvTimerTask      timers.o
    0x080052d6   0x0000007e   Code   RO         2462    i.prvUnlockQueue    queue.o
    0x08005354   0x000000b8   Code   RO         3217    i.pvPortMalloc      heap_2.o
    0x0800540c   0x00000020   Code   RO         2674    i.pvTaskIncrementMutexHeldCount  tasks.o
    0x0800542c   0x0000002c   Code   RO         3136    i.pxPortInitialiseStack  port.o
    0x08005458   0x0000020c   Code   RO         2030    i.sendPIDValues     main.o
    0x08005664   0x0000006c   Code   RO         2031    i.speed             main.o
    0x080056d0   0x00000028   Code   RO         2415    i.uxListRemove      list.o
    0x080056f8   0x0000001a   Code   RO         2416    i.vListInitialise   list.o
    0x08005712   0x00000006   Code   RO         2417    i.vListInitialiseItem  list.o
    0x08005718   0x00000034   Code   RO         2418    i.vListInsert       list.o
    0x0800574c   0x00000018   Code   RO         2419    i.vListInsertEnd    list.o
    0x08005764   0x00000054   Code   RO         3138    i.vPortEnterCritical  port.o
    0x080057b8   0x0000003c   Code   RO         3139    i.vPortExitCritical  port.o
    0x080057f4   0x00000040   Code   RO         3218    i.vPortFree         heap_2.o
    0x08005834   0x00000020   Code   RO         3140    i.vPortSetupTimerInterrupt  port.o
    0x08005854   0x00000078   Code   RO         3141    i.vPortValidateInterruptPriority  port.o
    0x080058cc   0x0000002c   Code   RO         2468    i.vQueueAddToRegistry  queue.o
    0x080058f8   0x0000004a   Code   RO         2472    i.vQueueWaitForMessageRestricted  queue.o
    0x08005942   0x00000002   PAD
    0x08005944   0x0000000c   Code   RO         2687    i.vTaskMissedYield  tasks.o
    0x08005950   0x00000038   Code   RO         2689    i.vTaskPlaceOnEventList  tasks.o
    0x08005988   0x00000040   Code   RO         2690    i.vTaskPlaceOnEventListRestricted  tasks.o
    0x080059c8   0x000000b0   Code   RO         2692    i.vTaskPriorityInherit  tasks.o
    0x08005a78   0x00000030   Code   RO         2696    i.vTaskSetTimeOutState  tasks.o
    0x08005aa8   0x00000094   Code   RO         2697    i.vTaskStartScheduler  tasks.o
    0x08005b3c   0x00000010   Code   RO         2699    i.vTaskSuspendAll   tasks.o
    0x08005b4c   0x0000008c   Code   RO         2700    i.vTaskSwitchContext  tasks.o
    0x08005bd8   0x0000013c   Code   RO         3142    i.xPortStartScheduler  port.o
    0x08005d14   0x00000022   Code   RO         2474    i.xQueueCreateMutex  queue.o
    0x08005d36   0x00000058   Code   RO         2475    i.xQueueGenericCreate  queue.o
    0x08005d8e   0x00000002   PAD
    0x08005d90   0x000001c4   Code   RO         2476    i.xQueueGenericReceive  queue.o
    0x08005f54   0x00000098   Code   RO         2477    i.xQueueGenericReset  queue.o
    0x08005fec   0x000001a8   Code   RO         2478    i.xQueueGenericSend  queue.o
    0x08006194   0x000000f8   Code   RO         2479    i.xQueueGenericSendFromISR  queue.o
    0x0800628c   0x000000e0   Code   RO         2480    i.xQueueGiveFromISR  queue.o
    0x0800636c   0x0000008c   Code   RO         2701    i.xTaskCheckForTimeOut  tasks.o
    0x080063f8   0x00000060   Code   RO         2702    i.xTaskCreate       tasks.o
    0x08006458   0x00000020   Code   RO         2706    i.xTaskGetSchedulerState  tasks.o
    0x08006478   0x0000000c   Code   RO         2707    i.xTaskGetTickCount  tasks.o
    0x08006484   0x00000148   Code   RO         2709    i.xTaskIncrementTick  tasks.o
    0x080065cc   0x000000c8   Code   RO         2712    i.xTaskPriorityDisinherit  tasks.o
    0x08006694   0x00000098   Code   RO         2713    i.xTaskRemoveFromEventList  tasks.o
    0x0800672c   0x00000104   Code   RO         2715    i.xTaskResumeAll    tasks.o
    0x08006830   0x00000058   Code   RO         3016    i.xTimerCreateTimerTask  timers.o
    0x08006888   0x00000084   Code   RO         3017    i.xTimerGenericCommand  timers.o
    0x0800690c   0x00000004   PAD
    0x08006910   0x00000098   Data   RO         3609    .constdata          m_wm.l(atan.o)
    0x080069a8   0x00000008   Data   RO         3956    .constdata          m_wm.l(qnan.o)
    0x080069b0   0x00000040   Data   RO         4021    .constdata          mc_w.l(ctype_c.o)
    0x080069f0   0x00000020   Data   RO         4025    Region$$Table       anon$$obj.o


    Execution Region RW_IRAM1 (Base: 0x20000000, Size: 0x00014f70, Max: 0x00020000, ABSOLUTE, COMPRESSED[0x00000024])

    Base Addr    Size         Type   Attr      Idx    E Section Name        Object

    0x20000000   0x00000014   Data   RW           15    .data               system_stm32f4xx.o
    0x20000014   0x00000010   Data   RW          304    .data               stm32f4xx_rcc.o
    0x20000024   0x0000005c   Data   RW         2033    .data               main.o
    0x20000080   0x00000008   Data   RW         2250    .data               complementaryfilter.o
    0x20000088   0x0000003c   Data   RW         2718    .data               tasks.o
    0x200000c4   0x00000014   Data   RW         3023    .data               timers.o
    0x200000d8   0x0000000c   Data   RW         3143    .data               port.o
    0x200000e4   0x00000018   Data   RW         3222    .data               heap_2.o
    0x200000fc   0x00000010   Data   RW         3275    .data               tm_stm32f4_i2c.o
    0x2000010c   0x00000028   Data   RW         3548    .data               kalman.o
    0x20000134   0x00000004   Data   RW         3985    .data               mc_w.l(errno.o)
    0x20000138   0x000000dd   Zero   RW         2032    .bss                main.o
    0x20000215   0x00000003   PAD
    0x20000218   0x00000040   Zero   RW         2487    .bss                queue.o
    0x20000258   0x000000c8   Zero   RW         2717    .bss                tasks.o
    0x20000320   0x00000028   Zero   RW         3022    .bss                timers.o
    0x20000348   0x00012c00   Zero   RW         3221    .bss                heap_2.o
    0x20012f48   0x00000016   Zero   RW         3443    .bss                tm_stm32f4_gpio.o
    0x20012f5e   0x00000002   PAD
    0x20012f60   0x00000010   Zero   RW         3547    .bss                kalman.o
    0x20012f70   0x00002000   Zero   RW            1    STACK               startup_stm32f40xx.o


==============================================================================

Image component sizes


      Code (inc. data)   RO Data    RW Data    ZI Data      Debug   Object Name

      1388         90          0          8          0       1298   complementaryfilter.o
       228         10          0          0          0       1403   externalinterrupt.o
        56          6          0          0          0        517   extra.o
       304         46          0         24      76800       3727   heap_2.o
       848         40          0         40         16       1411   kalman.o
       148          0          0          0          0       3326   list.o
      4004        568          0         92        221      40013   main.o
       120         14          0          0          0       1356   misc.o
       954         92          0         12          0      11997   port.o
      2158         22          0          0         64      24249   queue.o
        36          8        392          0       8192       1048   startup_stm32f40xx.o
       184         16          0          0          0       2728   stm32f4xx_exti.o
       258          0          0          0          0       5881   stm32f4xx_gpio.o
       274         14          0          0          0       2444   stm32f4xx_i2c.o
       328         36          0         16          0       5475   stm32f4xx_rcc.o
        64          4          0          0          0        796   stm32f4xx_syscfg.o
       546         48          0          0          0       7836   stm32f4xx_tim.o
       402          8          0          0          0       5147   stm32f4xx_usart.o
       340         32          0         20          0     295109   system_stm32f4xx.o
      2742        358          0         60        200      24564   tasks.o
       478         32          0          0          0       3898   timer.o
      1142        118          0         20         40      17619   timers.o
       332         10          0          0         22       3293   tm_stm32f4_gpio.o
      1250        104          0         16          0       9548   tm_stm32f4_i2c.o
       496         56          0          0          0       1927   tm_stm32f4_mpu6050.o
       212          8          0          0          0       1975   usart.o

    ----------------------------------------------------------------------
     19324       1744        424        308      85560     478585   Object Totals
         0          0         32          0          0          0   (incl. Generated)
        32          4          0          0          5          0   (incl. Padding)

    ----------------------------------------------------------------------

      Code (inc. data)   RO Data    RW Data    ZI Data      Debug   Library Member Name

       744        106        152          0          0        352   atan.o
       496         64          0          0          0        192   atan2.o
        72          8          0          0          0        372   dunder.o
        24          0          0          0          0        124   fabs.o
        48          0          0          0          0        124   fpclassify.o
       248          0          0          0          0        152   poly.o
         0          0          8          0          0          0   qnan.o
       122          0          0          0          0        148   sqrt.o
        56         14          0          0          0        128   strtof.o
        86          0          0          0          0          0   __dczerorl2.o
        64          0          0          0          0         84   _sgetc.o
        40          6         64          0          0         68   ctype_c.o
         0          0          0          0          0          0   entry.o
         0          0          0          0          0          0   entry10a.o
         0          0          0          0          0          0   entry11a.o
         8          4          0          0          0          0   entry2.o
         4          0          0          0          0          0   entry5.o
         0          0          0          0          0          0   entry7b.o
         0          0          0          0          0          0   entry8b.o
         8          4          0          0          0          0   entry9a.o
        12          6          0          4          0         68   errno.o
        30          0          0          0          0          0   handlers.o
        36          8          0          0          0         68   init.o
        10          0          0          0          0         68   isspace_c.o
         0          0          0          0          0          0   iusefp.o
        30          0          0          0          0         68   llshl.o
        36          0          0          0          0         68   llsshr.o
        32          0          0          0          0         68   llushr.o
        36          0          0          0          0         68   memcpya.o
        36          0          0          0          0        108   memseta.o
      2256         84          0          0          0        512   printfa.o
       838         12          0          0          0        216   scanf_fp.o
       156         14          0          0          0        120   strtod.o
        44          0          0          0          0         80   uidiv.o
        98          0          0          0          0         92   uldiv.o
        48          0          0          0          0         68   cdrcmple.o
        56          0          0          0          0         88   d2f.o
       334          0          0          0          0        148   dadd.o
       222          0          0          0          0        100   ddiv.o
       186          0          0          0          0        176   depilogue.o
        48          0          0          0          0         68   dfixul.o
        34          0          0          0          0         76   dflti.o
        24          0          0          0          0         76   dfltul.o
       228          0          0          0          0         96   dmul.o
       162          0          0          0          0        100   dsqrt.o
        38          0          0          0          0         68   f2d.o
       110          0          0          0          0        168   fepilogue.o

    ----------------------------------------------------------------------
      7180        330        224          4          0       4580   Library Totals
        20          0          0          0          0          0   (incl. Padding)

    ----------------------------------------------------------------------

      Code (inc. data)   RO Data    RW Data    ZI Data      Debug   Library Name

      1810        192        160          0          0       1592   m_wm.l
      3860        138         64          4          0       1756   mc_w.l
      1490          0          0          0          0       1232   mf_w.l

    ----------------------------------------------------------------------
      7180        330        224          4          0       4580   Library Totals

    ----------------------------------------------------------------------

==============================================================================


      Code (inc. data)   RO Data    RW Data    ZI Data      Debug   

     26504       2074        648        312      85560     465289   Grand Totals
     26504       2074        648         36      85560     465289   ELF Image Totals (compressed)
     26504       2074        648         36          0          0   ROM Totals

==============================================================================

    Total RO  Size (Code + RO Data)                27152 (  26.52kB)
    Total RW  Size (RW Data + ZI Data)             85872 (  83.86kB)
    Total ROM Size (Code + RO Data + RW Data)      27188 (  26.55kB)

==============================================================================

